66.249.69.0 - - [19/Aug/2021:01:48:12 -0400] "GET /wp-content/plugins/wp-review-pro/public/css/magnific-popup.css HTTP/1.1" 200 2107 rotundreviews.com "https://rotundreviews.com/riders-of-justice" "Mozilla/5.0 (Linux; Android 6.0.1; Nexus 5X Build/MMB29P) AppleWebKit/537.36 (KHTML, like Gecko) Chrome/92.0.4515.119 Mobile Safari/537.36 (compatible; Googlebot/2.1; +http://www.google.com/bot.html)" "-"
66.249.69.0 - - [19/Aug/2021:01:48:14 -0400] "GET /wp-content/plugins/wp-review-pro/public/js/jquery.appear.js HTTP/1.1" 200 1067 rotundreviews.com "https://rotundreviews.com/riders-of-justice" "Mozilla/5.0 (Linux; Android 6.0.1; Nexus 5X Build/MMB29P) AppleWebKit/537.36 (KHTML, like Gecko) Chrome/92.0.4515.119 Mobile Safari/537.36 (compatible; Googlebot/2.1; +http://www.google.com/bot.html)" "-"
114.119.137.0 - - [19/Aug/2021:01:49:48 -0400] "GET /tag/sam-claflin HTTP/1.1" 200 33305 rotundreviews.com "-" "Mozilla/5.0 (Linux; Android 7.0;) AppleWebKit/537.36 (KHTML, like Gecko) Mobile Safari/537.36 (compatible; PetalBot;+https://webmaster.petalsearch.com/site/petalbot)" "-"
37.0.11.0 - - [19/Aug/2021:01:49:51 -0400] "GET / HTTP/1.1" 301 234 rotundreviews.com "-" "Mozilla/5.0 (Macintosh; Intel Mac OS X 10.15; rv:77.0) Gecko/20100101 Firefox/77.0" "-"
37.0.11.0 - - [19/Aug/2021:01:49:52 -0400] "GET / HTTP/1.1" 200 14403 rotundreviews.com "-" "Mozilla/5.0 (Macintosh; Intel Mac OS X 10.15; rv:77.0) Gecko/20100101 Firefox/77.0" "-"
37.0.11.0 - - [19/Aug/2021:01:50:02 -0400] "GET /wp-content/ HTTP/1.1" 301 245 rotundreviews.com "-" "Mozilla/5.0 (Macintosh; Intel Mac OS X 10.15; rv:77.0) Gecko/20100101 Firefox/77.0" "-"
66.249.69.0 - - [19/Aug/2021:01:50:03 -0400] "GET /wp-content/uploads/2019/06/Murder-Mystery-326x245.png HTTP/1.1" 200 111879 rotundreviews.com "-" "Googlebot-Image/1.0" "-"
37.0.11.0 - - [19/Aug/2021:01:50:03 -0400] "GET /wp-content/ HTTP/1.1" 200 - rotundreviews.com "-" "Mozilla/5.0 (Macintosh; Intel Mac OS X 10.15; rv:77.0) Gecko/20100101 Firefox/77.0" "-"
54.36.148.0 - - [19/Aug/2021:01:50:05 -0400] "GET /tag/david-bronfman HTTP/1.1" 200 33113 rotundreviews.com "-" "Mozilla/5.0 (compatible; AhrefsBot/7.0; +http://ahrefs.com/robot/)" "-"
66.249.69.0 - - [19/Aug/2021:01:51:59 -0400] "GET /tag/michael-varde HTTP/1.1" 200 33140 rotundreviews.com "-" "Mozilla/5.0 (compatible; Googlebot/2.1; +http://www.google.com/bot.html)" "-"
114.119.137.0 - - [19/Aug/2021:01:52:27 -0400] "GET /tag/david-hayman HTTP/1.1" 200 33326 rotundreviews.com "-" "Mozilla/5.0 (Linux; Android 7.0;) AppleWebKit/537.36 (KHTML, like Gecko) Mobile Safari/537.36 (compatible; PetalBot;+https://webmaster.petalsearch.com/site/petalbot)" "-"
199.16.157.0 - - [19/Aug/2021:01:52:38 -0400] "GET /robots.txt HTTP/1.1" 200 166 rotundreviews.com "-" "Twitterbot/1.0" "-"
199.16.157.0 - - [19/Aug/2021:01:52:39 -0400] "GET /finding-steve-mcqueen HTTP/1.1" 200 62120 rotundreviews.com "-" "Twitterbot/1.0" "-"
192.133.77.0 - - [19/Aug/2021:01:53:08 -0400] "GET /finding-steve-mcqueen HTTP/1.1" 200 61919 rotundreviews.com "-" "Twitterbot/1.0" "-"
2600:1700:3c00:: - - [19/Aug/2021:01:53:40 -0400] "GET / HTTP/1.1" 200 14520 rotundreviews.com "-" "Mozilla/5.0 (iPhone; CPU iPhone OS 14_6 like Mac OS X) AppleWebKit/605.1.15 (KHTML, like Gecko) Version/14.1.1 Mobile/15E148 Safari/604.1" "-"
2603:6000:aa00:: - - [19/Aug/2021:01:53:54 -0400] "GET /val HTTP/1.1" 200 13545 rotundreviews.com "https://www.imdb.com/" "Mozilla/5.0 (Windows NT 10.0; Win64; x64) AppleWebKit/537.36 (KHTML, like Gecko) Chrome/92.0.4515.131 Safari/537.36" "-"
2603:6000:aa00:: - - [19/Aug/2021:01:53:54 -0400] "GET /wp-content/plugins/custom-twitter-feeds/css/ctf-styles.min.css HTTP/1.1" 200 3383 rotundreviews.com "https://rotundreviews.com/val" "Mozilla/5.0 (Windows NT 10.0; Win64; x64) AppleWebKit/537.36 (KHTML, like Gecko) Chrome/92.0.4515.131 Safari/537.36" "-"
2603:6000:aa00:: - - [19/Aug/2021:01:53:54 -0400] "GET /wp-includes/css/dist/block-library/style.min.css HTTP/1.1" 200 10975 rotundreviews.com "https://rotundreviews.com/val" "Mozilla/5.0 (Windows NT 10.0; Win64; x64) AppleWebKit/537.36 (KHTML, like Gecko) Chrome/92.0.4515.131 Safari/537.36" "-"
2603:6000:aa00:: - - [19/Aug/2021:01:53:54 -0400] "GET /wp-content/themes/mh-magazine/includes/font-awesome.min.css HTTP/1.1" 200 7930 rotundreviews.com "https://rotundreviews.com/val" "Mozilla/5.0 (Windows NT 10.0; Win64; x64) AppleWebKit/537.36 (KHTML, like Gecko) Chrome/92.0.4515.131 Safari/537.36" "-"
2603:6000:aa00:: - - [19/Aug/2021:01:53:54 -0400] "GET /wp-content/themes/mh-magazine/style.css HTTP/1.1" 200 20678 rotundreviews.com "https://rotundreviews.com/val" "Mozilla/5.0 (Windows NT 10.0; Win64; x64) AppleWebKit/537.36 (KHTML, like Gecko) Chrome/92.0.4515.131 Safari/537.36" "-"
2603:6000:aa00:: - - [19/Aug/2021:01:53:54 -0400] "GET /wp-content/plugins/wp-review-pro/public/css/comments.css HTTP/1.1" 200 1634 rotundreviews.com "https://rotundreviews.com/val" "Mozilla/5.0 (Windows NT 10.0; Win64; x64) AppleWebKit/537.36 (KHTML, like Gecko) Chrome/92.0.4515.131 Safari/537.36" "-"
2603:6000:aa00:: - - [19/Aug/2021:01:53:54 -0400] "GET /wp-content/plugins/wp-review-pro/public/css/magnific-popup.css HTTP/1.1" 200 2107 rotundreviews.com "https://rotundreviews.com/val" "Mozilla/5.0 (Windows NT 10.0; Win64; x64) AppleWebKit/537.36 (KHTML, like Gecko) Chrome/92.0.4515.131 Safari/537.36" "-"
2603:6000:aa00:: - - [19/Aug/2021:01:53:54 -0400] "GET /wp-content/plugins/wp-review-pro/public/css/font-awesome.min.css HTTP/1.1" 200 7930 rotundreviews.com "https://rotundreviews.com/val" "Mozilla/5.0 (Windows NT 10.0; Win64; x64) AppleWebKit/537.36 (KHTML, like Gecko) Chrome/92.0.4515.131 Safari/537.36" "-"
2603:6000:aa00:: - - [19/Aug/2021:01:53:54 -0400] "GET /wp-content/plugins/wp-review-pro/public/css/wp-review.css HTTP/1.1" 200 8844 rotundreviews.com "https://rotundreviews.com/val" "Mozilla/5.0 (Windows NT 10.0; Win64; x64) AppleWebKit/537.36 (KHTML, like Gecko) Chrome/92.0.4515.131 Safari/537.36" "-"
2603:6000:aa00:: - - [19/Aug/2021:01:53:54 -0400] "GET /wp-includes/js/jquery/jquery.min.js HTTP/1.1" 200 36153 rotundreviews.com "https://rotundreviews.com/val" "Mozilla/5.0 (Windows NT 10.0; Win64; x64) AppleWebKit/537.36 (KHTML, like Gecko) Chrome/92.0.4515.131 Safari/537.36" "-"
2603:6000:aa00:: - - [19/Aug/2021:01:53:54 -0400] "GET /wp-includes/js/jquery/jquery-migrate.min.js HTTP/1.1" 200 4563 rotundreviews.com "https://rotundreviews.com/val" "Mozilla/5.0 (Windows NT 10.0; Win64; x64) AppleWebKit/537.36 (KHTML, like Gecko) Chrome/92.0.4515.131 Safari/537.36" "-"
2603:6000:aa00:: - - [19/Aug/2021:01:53:54 -0400] "GET /wp-content/themes/mh-magazine/js/scripts.js HTTP/1.1" 200 13892 rotundreviews.com "https://rotundreviews.com/val" "Mozilla/5.0 (Windows NT 10.0; Win64; x64) AppleWebKit/537.36 (KHTML, like Gecko) Chrome/92.0.4515.131 Safari/537.36" "-"
2603:6000:aa00:: - - [19/Aug/2021:01:53:55 -0400] "GET /wp-content/plugins/wp-review-pro/public/js/stacktable.js HTTP/1.1" 200 2370 rotundreviews.com "https://rotundreviews.com/val" "Mozilla/5.0 (Windows NT 10.0; Win64; x64) AppleWebKit/537.36 (KHTML, like Gecko) Chrome/92.0.4515.131 Safari/537.36" "-"
2603:6000:aa00:: - - [19/Aug/2021:01:53:55 -0400] "GET /wp-content/plugins/wp-review-pro/public/js/js.cookie.min.js HTTP/1.1" 200 916 rotundreviews.com "https://rotundreviews.com/val" "Mozilla/5.0 (Windows NT 10.0; Win64; x64) AppleWebKit/537.36 (KHTML, like Gecko) Chrome/92.0.4515.131 Safari/537.36" "-"
2603:6000:aa00:: - - [19/Aug/2021:01:53:55 -0400] "GET /wp-includes/js/wp-embed.min.js HTTP/1.1" 200 779 rotundreviews.com "https://rotundreviews.com/val" "Mozilla/5.0 (Windows NT 10.0; Win64; x64) AppleWebKit/537.36 (KHTML, like Gecko) Chrome/92.0.4515.131 Safari/537.36" "-"
2603:6000:aa00:: - - [19/Aug/2021:01:53:55 -0400] "GET /wp-includes/js/wp-util.min.js HTTP/1.1" 200 602 rotundreviews.com "https://rotundreviews.com/val" "Mozilla/5.0 (Windows NT 10.0; Win64; x64) AppleWebKit/537.36 (KHTML, like Gecko) Chrome/92.0.4515.131 Safari/537.36" "-"
2603:6000:aa00:: - - [19/Aug/2021:01:53:55 -0400] "GET /wp-includes/js/underscore.min.js HTTP/1.1" 200 6396 rotundreviews.com "https://rotundreviews.com/val" "Mozilla/5.0 (Windows NT 10.0; Win64; x64) AppleWebKit/537.36 (KHTML, like Gecko) Chrome/92.0.4515.131 Safari/537.36" "-"
2603:6000:aa00:: - - [19/Aug/2021:01:53:55 -0400] "GET /wp-content/plugins/wp-review-pro/public/js/jquery.exitIntent.js HTTP/1.1" 200 624 rotundreviews.com "https://rotundreviews.com/val" "Mozilla/5.0 (Windows NT 10.0; Win64; x64) AppleWebKit/537.36 (KHTML, like Gecko) Chrome/92.0.4515.131 Safari/537.36" "-"
2603:6000:aa00:: - - [19/Aug/2021:01:53:55 -0400] "GET /wp-content/plugins/wp-review-pro/public/js/jquery.magnific-popup.min.js HTTP/1.1" 200 8274 rotundreviews.com "https://rotundreviews.com/val" "Mozilla/5.0 (Windows NT 10.0; Win64; x64) AppleWebKit/537.36 (KHTML, like Gecko) Chrome/92.0.4515.131 Safari/537.36" "-"
2603:6000:aa00:: - - [19/Aug/2021:01:53:55 -0400] "GET /wp-content/plugins/wp-review-pro/public/js/jquery.knob.min.js HTTP/1.1" 200 7126 rotundreviews.com "https://rotundreviews.com/val" "Mozilla/5.0 (Windows NT 10.0; Win64; x64) AppleWebKit/537.36 (KHTML, like Gecko) Chrome/92.0.4515.131 Safari/537.36" "-"
2603:6000:aa00:: - - [19/Aug/2021:01:53:55 -0400] "GET /wp-content/plugins/wp-review-pro/public/js/main.js HTTP/1.1" 200 4476 rotundreviews.com "https://rotundreviews.com/val" "Mozilla/5.0 (Windows NT 10.0; Win64; x64) AppleWebKit/537.36 (KHTML, like Gecko) Chrome/92.0.4515.131 Safari/537.36" "-"
2603:6000:aa00:: - - [19/Aug/2021:01:53:55 -0400] "GET /wp-content/plugins/wp-review-pro/public/js/jquery.appear.js HTTP/1.1" 200 1067 rotundreviews.com "https://rotundreviews.com/val" "Mozilla/5.0 (Windows NT 10.0; Win64; x64) AppleWebKit/537.36 (KHTML, like Gecko) Chrome/92.0.4515.131 Safari/537.36" "-"
2603:6000:aa00:: - - [19/Aug/2021:01:53:55 -0400] "GET /wp-content/uploads/2021/08/val-VKIL_2021_FrameGrab_3840x2160_00016_rgb-678x381.jpg HTTP/1.1" 200 30821 rotundreviews.com "https://rotundreviews.com/val" "Mozilla/5.0 (Windows NT 10.0; Win64; x64) AppleWebKit/537.36 (KHTML, like Gecko) Chrome/92.0.4515.131 Safari/537.36" "-"
2603:6000:aa00:: - - [19/Aug/2021:01:53:55 -0400] "GET /wp-content/uploads/2018/10/42863945_241300576535983_4831307105229078528_n.jpg HTTP/1.1" 200 50370 rotundreviews.com "https://rotundreviews.com/val" "Mozilla/5.0 (Windows NT 10.0; Win64; x64) AppleWebKit/537.36 (KHTML, like Gecko) Chrome/92.0.4515.131 Safari/537.36" "-"
2603:6000:aa00:: - - [19/Aug/2021:01:53:55 -0400] "GET /wp-includes/js/wp-emoji-release.min.js HTTP/1.1" 200 5273 rotundreviews.com "https://rotundreviews.com/val" "Mozilla/5.0 (Windows NT 10.0; Win64; x64) AppleWebKit/537.36 (KHTML, like Gecko) Chrome/92.0.4515.131 Safari/537.36" "-"
2603:6000:aa00:: - - [19/Aug/2021:01:53:55 -0400] "GET /wp-content/uploads/2021/08/val-VKIL_2021_DigitalStatic_27x40_DUALDATE_Final_en-US_HO_rgb-203x300.jpg HTTP/1.1" 200 15105 rotundreviews.com "https://rotundreviews.com/val" "Mozilla/5.0 (Windows NT 10.0; Win64; x64) AppleWebKit/537.36 (KHTML, like Gecko) Chrome/92.0.4515.131 Safari/537.36" "-"
2603:6000:aa00:: - - [19/Aug/2021:01:53:55 -0400] "GET /wp-content/plugins/wp-review-pro/public/fonts/fontawesome-webfont.woff2?v=4.7.0 HTTP/1.1" 200 77160 rotundreviews.com "https://rotundreviews.com/wp-content/plugins/wp-review-pro/public/css/font-awesome.min.css" "Mozilla/5.0 (Windows NT 10.0; Win64; x64) AppleWebKit/537.36 (KHTML, like Gecko) Chrome/92.0.4515.131 Safari/537.36" "-"
2603:6000:aa00:: - - [19/Aug/2021:01:53:55 -0400] "GET /?wordfence_lh=1&hid=7086D2ED0ABE6F08C11DBD22634D07E6&r=0.4425562329564059 HTTP/1.1" 200 - rotundreviews.com "https://rotundreviews.com/val" "Mozilla/5.0 (Windows NT 10.0; Win64; x64) AppleWebKit/537.36 (KHTML, like Gecko) Chrome/92.0.4515.131 Safari/537.36" "-"
2603:6000:aa00:: - - [19/Aug/2021:01:53:56 -0400] "GET /wp-content/uploads/2018/10/cropped-43629453_263925247597305_6262018650635501568_n-32x32.png HTTP/1.1" 200 1635 rotundreviews.com "https://rotundreviews.com/val" "Mozilla/5.0 (Windows NT 10.0; Win64; x64) AppleWebKit/537.36 (KHTML, like Gecko) Chrome/92.0.4515.131 Safari/537.36" "-"
2603:6000:aa00:: - - [19/Aug/2021:01:53:56 -0400] "POST /wp-admin/admin-ajax.php HTTP/1.1" 200 10206 rotundreviews.com "https://rotundreviews.com/val" "Mozilla/5.0 (Windows NT 10.0; Win64; x64) AppleWebKit/537.36 (KHTML, like Gecko) Chrome/92.0.4515.131 Safari/537.36" "-"
2603:6000:aa00:: - - [19/Aug/2021:01:53:56 -0400] "POST /wp-admin/admin-ajax.php HTTP/1.1" 200 10206 rotundreviews.com "https://rotundreviews.com/val" "Mozilla/5.0 (Windows NT 10.0; Win64; x64) AppleWebKit/537.36 (KHTML, like Gecko) Chrome/92.0.4515.131 Safari/537.36" "-"
2603:6000:aa00:: - - [19/Aug/2021:01:53:56 -0400] "POST /wp-admin/admin-ajax.php HTTP/1.1" 200 10371 rotundreviews.com "https://rotundreviews.com/val" "Mozilla/5.0 (Windows NT 10.0; Win64; x64) AppleWebKit/537.36 (KHTML, like Gecko) Chrome/92.0.4515.131 Safari/537.36" "-"
2603:6000:aa00:: - - [19/Aug/2021:01:53:56 -0400] "GET /wp-content/uploads/2021/08/val-VKIL_2021_FrameGrab_3840x2160_00016_rgb-65x65.jpg HTTP/1.1" 200 1843 rotundreviews.com "https://rotundreviews.com/val" "Mozilla/5.0 (Windows NT 10.0; Win64; x64) AppleWebKit/537.36 (KHTML, like Gecko) Chrome/92.0.4515.131 Safari/537.36" "-"
2603:6000:aa00:: - - [19/Aug/2021:01:53:56 -0400] "GET /wp-content/uploads/2021/07/3-65x65.png HTTP/1.1" 200 9647 rotundreviews.com "https://rotundreviews.com/val" "Mozilla/5.0 (Windows NT 10.0; Win64; x64) AppleWebKit/537.36 (KHTML, like Gecko) Chrome/92.0.4515.131 Safari/537.36" "-"
2603:6000:aa00:: - - [19/Aug/2021:01:53:56 -0400] "GET /wp-content/uploads/2021/08/Fireboys_FilmStill_13-65x65.png HTTP/1.1" 200 9877 rotundreviews.com "https://rotundreviews.com/val" "Mozilla/5.0 (Windows NT 10.0; Win64; x64) AppleWebKit/537.36 (KHTML, like Gecko) Chrome/92.0.4515.131 Safari/537.36" "-"
2603:6000:aa00:: - - [19/Aug/2021:01:53:56 -0400] "GET /wp-content/uploads/2021/07/RIDETHEEAGLE_Still_1-65x65.jpg HTTP/1.1" 200 2629 rotundreviews.com "https://rotundreviews.com/val" "Mozilla/5.0 (Windows NT 10.0; Win64; x64) AppleWebKit/537.36 (KHTML, like Gecko) Chrome/92.0.4515.131 Safari/537.36" "-"
2603:6000:aa00:: - - [19/Aug/2021:01:53:56 -0400] "GET /wp-content/uploads/2021/07/LASTCALL_STILL_01-65x65.jpg HTTP/1.1" 200 2397 rotundreviews.com "https://rotundreviews.com/val" "Mozilla/5.0 (Windows NT 10.0; Win64; x64) AppleWebKit/537.36 (KHTML, like Gecko) Chrome/92.0.4515.131 Safari/537.36" "-"
2603:6000:aa00:: - - [19/Aug/2021:01:53:56 -0400] "GET /wp-content/uploads/2020/02/Jay-and-Silent-Bob-Reboot-65x65.png HTTP/1.1" 200 10594 rotundreviews.com "https://rotundreviews.com/val" "Mozilla/5.0 (Windows NT 10.0; Win64; x64) AppleWebKit/537.36 (KHTML, like Gecko) Chrome/92.0.4515.131 Safari/537.36" "-"
2603:6000:aa00:: - - [19/Aug/2021:01:53:56 -0400] "GET /wp-content/uploads/2020/04/Tammys-Always-Dying-65x65.png HTTP/1.1" 200 9518 rotundreviews.com "https://rotundreviews.com/val" "Mozilla/5.0 (Windows NT 10.0; Win64; x64) AppleWebKit/537.36 (KHTML, like Gecko) Chrome/92.0.4515.131 Safari/537.36" "-"
2603:6000:aa00:: - - [19/Aug/2021:01:53:56 -0400] "GET /wp-content/uploads/2020/09/RentAPalStill5-65x65.jpg HTTP/1.1" 200 1612 rotundreviews.com "https://rotundreviews.com/val" "Mozilla/5.0 (Windows NT 10.0; Win64; x64) AppleWebKit/537.36 (KHTML, like Gecko) Chrome/92.0.4515.131 Safari/537.36" "-"
2603:6000:aa00:: - - [19/Aug/2021:01:53:56 -0400] "GET /wp-content/uploads/2021/05/3.-Jordie-at-truck-2-65x65.jpg HTTP/1.1" 200 2184 rotundreviews.com "https://rotundreviews.com/val" "Mozilla/5.0 (Windows NT 10.0; Win64; x64) AppleWebKit/537.36 (KHTML, like Gecko) Chrome/92.0.4515.131 Safari/537.36" "-"
2603:6000:aa00:: - - [19/Aug/2021:01:53:56 -0400] "GET /wp-content/uploads/2020/05/Spaceship-Earth-65x65.png HTTP/1.1" 200 10499 rotundreviews.com "https://rotundreviews.com/val" "Mozilla/5.0 (Windows NT 10.0; Win64; x64) AppleWebKit/537.36 (KHTML, like Gecko) Chrome/92.0.4515.131 Safari/537.36" "-"
114.119.137.0 - - [19/Aug/2021:01:54:25 -0400] "GET /category/movies/movie-reviews/movies-reviews-action/page/2 HTTP/1.1" 200 58308 rotundreviews.com "-" "Mozilla/5.0 (Linux; Android 7.0;) AppleWebKit/537.36 (KHTML, like Gecko) Mobile Safari/537.36 (compatible; PetalBot;+https://webmaster.petalsearch.com/site/petalbot)" "-"
2603:6000:aa00:: - - [19/Aug/2021:01:55:37 -0400] "GET /wp-content/uploads/2018/11/The-New-Romantic-326x245.png HTTP/1.1" 200 132868 rotundreviews.com "https://rotundreviews.com/val" "Mozilla/5.0 (Windows NT 10.0; Win64; x64) AppleWebKit/537.36 (KHTML, like Gecko) Chrome/92.0.4515.131 Safari/537.36" "-"
2603:6000:aa00:: - - [19/Aug/2021:01:55:37 -0400] "GET /wp-content/uploads/2020/05/Spaceship-Earth-326x245.png HTTP/1.1" 200 191947 rotundreviews.com "https://rotundreviews.com/val" "Mozilla/5.0 (Windows NT 10.0; Win64; x64) AppleWebKit/537.36 (KHTML, like Gecko) Chrome/92.0.4515.131 Safari/537.36" "-"
2603:6000:aa00:: - - [19/Aug/2021:01:55:37 -0400] "GET /wp-content/uploads/2018/10/Hotel-Artemis-326x245.png HTTP/1.1" 200 143870 rotundreviews.com "https://rotundreviews.com/val" "Mozilla/5.0 (Windows NT 10.0; Win64; x64) AppleWebKit/537.36 (KHTML, like Gecko) Chrome/92.0.4515.131 Safari/537.36" "-"
74.208.57.0 - - [19/Aug/2021:01:56:22 -0400] "POST /wp-cron.php?doing_wp_cron=1629352582.9758870601654052734375 HTTP/1.1" 200 - rotundreviews.com "https://rotundreviews.com/wp-cron.php?doing_wp_cron=1629352582.9758870601654052734375" "WordPress/5.7.2; https://rotundreviews.com" "-"
114.119.137.0 - - [19/Aug/2021:01:56:22 -0400] "GET /tag/froy-gutierrez HTTP/1.1" 200 33177 rotundreviews.com "-" "Mozilla/5.0 (Linux; Android 7.0;) AppleWebKit/537.36 (KHTML, like Gecko) Mobile Safari/537.36 (compatible; PetalBot;+https://webmaster.petalsearch.com/site/petalbot)" "-"
5.252.229.0 - - [19/Aug/2021:01:56:27 -0400] "HEAD /wp-login.php HTTP/1.1" 301 - rotundreviews.com "-" "User-Agent: Mozilla/5.0 (Windows NT 5.1; rv:32.0) Gecko/20100101 Firefox/32.0" "-"
5.252.229.0 - - [19/Aug/2021:01:56:39 -0400] "HEAD /wp-login.php HTTP/1.1" 200 - rotundreviews.com "-" "User-Agent: Mozilla/5.0 (Windows NT 5.1; rv:32.0) Gecko/20100101 Firefox/32.0" "-"
5.252.229.0 - - [19/Aug/2021:01:56:51 -0400] "POST /wp-login.php HTTP/1.1" 301 246 rotundreviews.com "-" "User-Agent: Mozilla/5.0 (Windows NT 5.1; rv:32.0) Gecko/20100101 Firefox/32.0" "-"
54.36.148.0 - - [19/Aug/2021:01:56:59 -0400] "GET /skylines HTTP/1.1" 200 65058 rotundreviews.com "-" "Mozilla/5.0 (compatible; AhrefsBot/7.0; +http://ahrefs.com/robot/)" "-"
5.252.229.0 - - [19/Aug/2021:01:57:03 -0400] "GET /wp-login.php HTTP/1.1" 200 9432 rotundreviews.com "-" "User-Agent: Mozilla/5.0 (Windows NT 5.1; rv:32.0) Gecko/20100101 Firefox/32.0" "-"
114.119.137.0 - - [19/Aug/2021:01:58:20 -0400] "GET /tag/arturo-castro HTTP/1.1" 200 33063 rotundreviews.com "-" "Mozilla/5.0 (Linux; Android 7.0;) AppleWebKit/537.36 (KHTML, like Gecko) Mobile Safari/537.36 (compatible; PetalBot;+https://webmaster.petalsearch.com/site/petalbot)" "-"
207.46.13.0 - - [19/Aug/2021:01:58:46 -0400] "GET /wp-content/uploads/2019/07/ScoretoSettle_Poster_image_2764X40962-768x1138.jpg HTTP/1.1" 200 187826 rotundreviews.com "-" "Mozilla/5.0 (compatible; bingbot/2.0; +http://www.bing.com/bingbot.htm)" "-"
207.46.13.0 - - [19/Aug/2021:01:58:58 -0400] "GET /tag/richie-acevedo HTTP/1.1" 200 33245 rotundreviews.com "-" "Mozilla/5.0 (compatible; bingbot/2.0; +http://www.bing.com/bingbot.htm)" "-"
114.119.152.0 - - [19/Aug/2021:02:00:51 -0400] "GET /tag/natalie-shershow HTTP/1.1" 200 33346 rotundreviews.com "-" "Mozilla/5.0 (Linux; Android 7.0;) AppleWebKit/537.36 (KHTML, like Gecko) Mobile Safari/537.36 (compatible; PetalBot;+https://webmaster.petalsearch.com/site/petalbot)" "-"
66.249.69.0 - - [19/Aug/2021:02:01:19 -0400] "GET /wp-content/uploads/2021/01/PSYCHOGOREMAN_1080X1600_THT-203x300.jpg HTTP/1.1" 200 22086 rotundreviews.com "-" "Googlebot-Image/1.0" "-"
207.46.13.0 - - [19/Aug/2021:02:01:29 -0400] "GET /sitemap-misc.xml HTTP/1.1" 200 525 rotundreviews.com "-" "Mozilla/5.0 (compatible; bingbot/2.0; +http://www.bing.com/bingbot.htm)" "-"
114.119.137.0 - - [19/Aug/2021:02:02:49 -0400] "GET /tag/lindsey-morgan HTTP/1.1" 200 33149 rotundreviews.com "-" "Mozilla/5.0 (Linux; Android 7.0;) AppleWebKit/537.36 (KHTML, like Gecko) Mobile Safari/537.36 (compatible; PetalBot;+https://webmaster.petalsearch.com/site/petalbot)" "-"
54.36.148.0 - - [19/Aug/2021:02:04:19 -0400] "GET /2019/08 HTTP/1.1" 200 48338 rotundreviews.com "-" "Mozilla/5.0 (compatible; AhrefsBot/7.0; +http://ahrefs.com/robot/)" "-"
114.119.137.0 - - [19/Aug/2021:02:04:47 -0400] "GET /tag/brad-garrett HTTP/1.1" 200 33242 rotundreviews.com "-" "Mozilla/5.0 (Linux; Android 7.0;) AppleWebKit/537.36 (KHTML, like Gecko) Mobile Safari/537.36 (compatible; PetalBot;+https://webmaster.petalsearch.com/site/petalbot)" "-"
66.249.69.0 - - [19/Aug/2021:02:05:37 -0400] "GET /tag/lulu-wilson HTTP/1.1" 200 35501 rotundreviews.com "-" "Mozilla/5.0 (compatible; Googlebot/2.1; +http://www.google.com/bot.html)" "-"
74.208.57.0 - - [19/Aug/2021:02:06:39 -0400] "POST /wp-cron.php?doing_wp_cron=1629353199.9602620601654052734375 HTTP/1.1" 200 - rotundreviews.com "https://rotundreviews.com/wp-cron.php?doing_wp_cron=1629353199.9602620601654052734375" "WordPress/5.7.2; https://rotundreviews.com" "-"
40.77.167.0 - - [19/Aug/2021:02:06:39 -0400] "GET /unbreakable HTTP/1.1" 200 60344 rotundreviews.com "-" "Mozilla/5.0 (compatible; bingbot/2.0; +http://www.bing.com/bingbot.htm)" "-"
114.119.137.0 - - [19/Aug/2021:02:06:48 -0400] "GET /tag/freaks HTTP/1.1" 200 34029 rotundreviews.com "-" "Mozilla/5.0 (Linux; Android 7.0;) AppleWebKit/537.36 (KHTML, like Gecko) Mobile Safari/537.36 (compatible; PetalBot;+https://webmaster.petalsearch.com/site/petalbot)" "-"
114.119.137.0 - - [19/Aug/2021:02:09:15 -0400] "GET /rent-a-pal HTTP/1.1" 200 62101 rotundreviews.com "-" "Mozilla/5.0 (compatible;PetalBot;+https://webmaster.petalsearch.com/site/petalbot)" "-"
114.119.137.0 - - [19/Aug/2021:02:11:16 -0400] "GET /tag/the-umbrella-academy HTTP/1.1" 200 33300 rotundreviews.com "-" "Mozilla/5.0 (Linux; Android 7.0;) AppleWebKit/537.36 (KHTML, like Gecko) Mobile Safari/537.36 (compatible; PetalBot;+https://webmaster.petalsearch.com/site/petalbot)" "-"
114.119.137.0 - - [19/Aug/2021:02:13:08 -0400] "GET /tag/patrick-malahide HTTP/1.1" 200 33201 rotundreviews.com "-" "Mozilla/5.0 (Linux; Android 7.0;) AppleWebKit/537.36 (KHTML, like Gecko) Mobile Safari/537.36 (compatible; PetalBot;+https://webmaster.petalsearch.com/site/petalbot)" "-"
54.36.148.0 - - [19/Aug/2021:02:15:12 -0400] "GET / HTTP/1.1" 200 14403 rotundreviews.com "-" "Mozilla/5.0 (compatible; AhrefsBot/7.0; +http://ahrefs.com/robot/)" "-"
114.119.137.0 - - [19/Aug/2021:02:15:29 -0400] "GET /tag/raymond-cruz HTTP/1.1" 200 33057 rotundreviews.com "-" "Mozilla/5.0 (Linux; Android 7.0;) AppleWebKit/537.36 (KHTML, like Gecko) Mobile Safari/537.36 (compatible; PetalBot;+https://webmaster.petalsearch.com/site/petalbot)" "-"
74.208.57.0 - - [19/Aug/2021:02:15:30 -0400] "POST /wp-cron.php?doing_wp_cron=1629353730.1929519176483154296875 HTTP/1.1" 200 - rotundreviews.com "https://rotundreviews.com/wp-cron.php?doing_wp_cron=1629353730.1929519176483154296875" "WordPress/5.7.2; https://rotundreviews.com" "-"
114.119.137.0 - - [19/Aug/2021:02:17:38 -0400] "GET /tag/nancy-valen HTTP/1.1" 200 33185 rotundreviews.com "-" "Mozilla/5.0 (Linux; Android 7.0;) AppleWebKit/537.36 (KHTML, like Gecko) Mobile Safari/537.36 (compatible; PetalBot;+https://webmaster.petalsearch.com/site/petalbot)" "-"
74.208.57.0 - - [19/Aug/2021:02:17:39 -0400] "POST /wp-cron.php?doing_wp_cron=1629353859.1576910018920898437500 HTTP/1.1" 200 - rotundreviews.com "https://rotundreviews.com/wp-cron.php?doing_wp_cron=1629353859.1576910018920898437500" "WordPress/5.7.2; https://rotundreviews.com" "-"
157.55.39.0 - - [19/Aug/2021:02:18:24 -0400] "GET /tag/dave-franco HTTP/1.1" 200 32962 rotundreviews.com "-" "Mozilla/5.0 (compatible; bingbot/2.0; +http://www.bing.com/bingbot.htm)" "-"
185.191.171.0 - - [19/Aug/2021:02:19:07 -0400] "GET /tag/seth-savoy HTTP/1.1" 200 33043 rotundreviews.com "-" "Mozilla/5.0 (compatible; SemrushBot/7~bl; +http://www.semrush.com/bot.html)" "-"
147.135.137.0 - - [19/Aug/2021:02:21:24 -0400] "GET / HTTP/1.1" 301 234 rotundreviews.com "http://rotund.reviews/?author=1" "Mozilla/5.0 (Windows NT 10.0; Win64; x64) AppleWebKit/537.36 (KHTML, like Gecko) Chrome/88.0.4240.193 Safari/537.36" "-"
147.135.137.0 - - [19/Aug/2021:02:21:24 -0400] "GET / HTTP/1.1" 200 14194 rotundreviews.com "http://rotundreviews.com" "Mozilla/5.0 (Windows NT 10.0; Win64; x64) AppleWebKit/537.36 (KHTML, like Gecko) Chrome/88.0.4240.193 Safari/537.36" "-"
114.119.137.0 - - [19/Aug/2021:02:21:31 -0400] "GET /tag/tim-meadows HTTP/1.1" 200 33443 rotundreviews.com "-" "Mozilla/5.0 (Linux; Android 7.0;) AppleWebKit/537.36 (KHTML, like Gecko) Mobile Safari/537.36 (compatible; PetalBot;+https://webmaster.petalsearch.com/site/petalbot)" "-"
54.36.148.0 - - [19/Aug/2021:02:22:13 -0400] "GET /tag/craig-brewer HTTP/1.1" 200 33162 rotundreviews.com "-" "Mozilla/5.0 (compatible; AhrefsBot/7.0; +http://ahrefs.com/robot/)" "-"
66.249.69.0 - - [19/Aug/2021:02:22:29 -0400] "GET /sitemap-pt-post-2019-11.xml HTTP/1.1" 200 553 rotundreviews.com "-" "Mozilla/5.0 (compatible; Googlebot/2.1; +http://www.google.com/bot.html)" "-"
114.119.137.0 - - [19/Aug/2021:02:23:53 -0400] "GET /2020/04 HTTP/1.1" 200 49286 rotundreviews.com "-" "Mozilla/5.0 (Linux; Android 7.0;) AppleWebKit/537.36 (KHTML, like Gecko) Mobile Safari/537.36 (compatible; PetalBot;+https://webmaster.petalsearch.com/site/petalbot)" "-"
5.188.62.0 - - [19/Aug/2021:02:25:12 -0400] "POST /xmlrpc.php HTTP/1.1" 503 18949 rotundreviews.com "-" "Mozilla/5.0 (Windows NT 6.0; WOW64) AppleWebKit/537.36 (KHTML, like Gecko) Chrome/41.0.2226.0 Safari/537.36" "-"
74.208.57.0 - - [19/Aug/2021:02:26:04 -0400] "POST /wp-cron.php?doing_wp_cron=1629354364.7664530277252197265625 HTTP/1.1" 200 - rotundreviews.com "https://rotundreviews.com/wp-cron.php?doing_wp_cron=1629354364.7664530277252197265625" "WordPress/5.7.2; https://rotundreviews.com" "-"
114.119.137.0 - - [19/Aug/2021:02:26:04 -0400] "GET /tag/frank-whaley HTTP/1.1" 200 33111 rotundreviews.com "-" "Mozilla/5.0 (Linux; Android 7.0;) AppleWebKit/537.36 (KHTML, like Gecko) Mobile Safari/537.36 (compatible; PetalBot;+https://webmaster.petalsearch.com/site/petalbot)" "-"
185.191.171.0 - - [19/Aug/2021:02:26:26 -0400] "GET /robots.txt HTTP/1.1" 200 166 rotundreviews.com "-" "Mozilla/5.0 (compatible; SemrushBot/7~bl; +http://www.semrush.com/bot.html)" "-"
185.191.171.0 - - [19/Aug/2021:02:26:27 -0400] "GET /love-at-sea HTTP/1.1" 200 61787 rotundreviews.com "-" "Mozilla/5.0 (compatible; SemrushBot/7~bl; +http://www.semrush.com/bot.html)" "-"
185.191.171.0 - - [19/Aug/2021:02:27:06 -0400] "GET /tag/keanu-reeves HTTP/1.1" 200 35762 rotundreviews.com "-" "Mozilla/5.0 (compatible; SemrushBot/7~bl; +http://www.semrush.com/bot.html)" "-"
74.208.57.0 - - [19/Aug/2021:02:27:57 -0400] "POST /wp-cron.php?doing_wp_cron=1629354477.8842089176177978515625 HTTP/1.1" 200 - rotundreviews.com "https://rotundreviews.com/wp-cron.php?doing_wp_cron=1629354477.8842089176177978515625" "WordPress/5.7.2; https://rotundreviews.com" "-"
114.119.137.0 - - [19/Aug/2021:02:27:57 -0400] "GET /tag/gianna-harris HTTP/1.1" 200 33154 rotundreviews.com "-" "Mozilla/5.0 (Linux; Android 7.0;) AppleWebKit/537.36 (KHTML, like Gecko) Mobile Safari/537.36 (compatible; PetalBot;+https://webmaster.petalsearch.com/site/petalbot)" "-"
54.36.148.0 - - [19/Aug/2021:02:29:17 -0400] "GET /tag/jeff-kober HTTP/1.1" 200 33086 rotundreviews.com "-" "Mozilla/5.0 (compatible; AhrefsBot/7.0; +http://ahrefs.com/robot/)" "-"
66.249.69.0 - - [19/Aug/2021:02:29:31 -0400] "GET /ghosts-of-war HTTP/1.1" 200 61524 rotundreviews.com "-" "Mozilla/5.0 (Linux; Android 6.0.1; Nexus 5X Build/MMB29P) AppleWebKit/537.36 (KHTML, like Gecko) Chrome/92.0.4515.119 Mobile Safari/537.36 (compatible; Googlebot/2.1; +http://www.google.com/bot.html)" "-"
185.191.171.0 - - [19/Aug/2021:02:30:14 -0400] "GET /tag/musical HTTP/1.1" 200 33049 rotundreviews.com "-" "Mozilla/5.0 (compatible; SemrushBot/7~bl; +http://www.semrush.com/bot.html)" "-"
114.119.137.0 - - [19/Aug/2021:02:30:19 -0400] "GET /tag/yancy-butler HTTP/1.1" 200 33153 rotundreviews.com "-" "Mozilla/5.0 (Linux; Android 7.0;) AppleWebKit/537.36 (KHTML, like Gecko) Mobile Safari/537.36 (compatible; PetalBot;+https://webmaster.petalsearch.com/site/petalbot)" "-"
40.77.167.0 - - [19/Aug/2021:02:30:32 -0400] "GET /86-melrose-avenue HTTP/1.1" 200 63102 rotundreviews.com "-" "Mozilla/5.0 (compatible; bingbot/2.0; +http://www.bing.com/bingbot.htm)" "-"
207.46.13.0 - - [19/Aug/2021:02:30:37 -0400] "GET /tag/100-fresh HTTP/1.1" 200 33004 rotundreviews.com "-" "Mozilla/5.0 (compatible; bingbot/2.0; +http://www.bing.com/bingbot.htm)" "-"
157.55.39.0 - - [19/Aug/2021:02:30:51 -0400] "GET /wp-content/uploads/2019/06/Leto.png HTTP/1.1" 200 393452 rotundreviews.com "-" "Mozilla/5.0 (compatible; bingbot/2.0; +http://www.bing.com/bingbot.htm)" "-"
66.249.69.0 - - [19/Aug/2021:02:34:24 -0400] "GET /riders-of-justice HTTP/1.1" 200 62107 rotundreviews.com "-" "Mozilla/5.0 (Linux; Android 6.0.1; Nexus 5X Build/MMB29P) AppleWebKit/537.36 (KHTML, like Gecko) Chrome/92.0.4515.119 Mobile Safari/537.36 (compatible; Googlebot/2.1; +http://www.google.com/bot.html)" "-"
114.119.137.0 - - [19/Aug/2021:02:34:25 -0400] "GET /tag/jon-gries HTTP/1.1" 200 33249 rotundreviews.com "-" "Mozilla/5.0 (Linux; Android 7.0;) AppleWebKit/537.36 (KHTML, like Gecko) Mobile Safari/537.36 (compatible; PetalBot;+https://webmaster.petalsearch.com/site/petalbot)" "-"
74.208.57.0 - - [19/Aug/2021:02:35:18 -0400] "POST /wp-cron.php?doing_wp_cron=1629354918.5475890636444091796875 HTTP/1.1" 200 - rotundreviews.com "https://rotundreviews.com/wp-cron.php?doing_wp_cron=1629354918.5475890636444091796875" "WordPress/5.7.2; https://rotundreviews.com" "-"
185.191.171.0 - - [19/Aug/2021:02:35:18 -0400] "GET /tag/chris-foggin HTTP/1.1" 200 33257 rotundreviews.com "-" "Mozilla/5.0 (compatible; SemrushBot/7~bl; +http://www.semrush.com/bot.html)" "-"
114.119.137.0 - - [19/Aug/2021:02:36:37 -0400] "GET /category/movies HTTP/1.1" 200 58835 rotundreviews.com "-" "Mozilla/5.0 (Linux; Android 7.0;) AppleWebKit/537.36 (KHTML, like Gecko) Mobile Safari/537.36 (compatible; PetalBot;+https://webmaster.petalsearch.com/site/petalbot)" "-"
185.191.171.0 - - [19/Aug/2021:02:36:58 -0400] "GET /tag/cedric-the-entertainer HTTP/1.1" 200 33779 rotundreviews.com "-" "Mozilla/5.0 (compatible; SemrushBot/7~bl; +http://www.semrush.com/bot.html)" "-"
54.36.148.0 - - [19/Aug/2021:02:37:03 -0400] "GET /tag/shioli-kutsuna HTTP/1.1" 200 33194 rotundreviews.com "-" "Mozilla/5.0 (compatible; AhrefsBot/7.0; +http://ahrefs.com/robot/)" "-"
66.249.69.0 - - [19/Aug/2021:02:38:08 -0400] "GET /tag/susanne-sutchy HTTP/1.1" 200 33207 rotundreviews.com "-" "Mozilla/5.0 (compatible; Googlebot/2.1; +http://www.google.com/bot.html)" "-"
74.208.57.0 - - [19/Aug/2021:02:38:09 -0400] "POST /wp-cron.php?doing_wp_cron=1629355089.2717568874359130859375 HTTP/1.1" 200 - rotundreviews.com "https://rotundreviews.com/wp-cron.php?doing_wp_cron=1629355089.2717568874359130859375" "WordPress/5.7.2; https://rotundreviews.com" "-"
114.119.137.0 - - [19/Aug/2021:02:38:46 -0400] "GET /tag/amazon HTTP/1.1" 200 33132 rotundreviews.com "-" "Mozilla/5.0 (Linux; Android 7.0;) AppleWebKit/537.36 (KHTML, like Gecko) Mobile Safari/537.36 (compatible; PetalBot;+https://webmaster.petalsearch.com/site/petalbot)" "-"
185.191.171.0 - - [19/Aug/2021:02:38:56 -0400] "GET /tag/day-of-the-soldado HTTP/1.1" 200 33221 rotundreviews.com "-" "Mozilla/5.0 (compatible; SemrushBot/7~bl; +http://www.semrush.com/bot.html)" "-"
40.77.167.0 - - [19/Aug/2021:02:39:51 -0400] "GET /fuller-house-season-4 HTTP/1.1" 200 61473 rotundreviews.com "-" "Mozilla/5.0 (compatible; bingbot/2.0; +http://www.bing.com/bingbot.htm)" "-"
114.119.137.0 - - [19/Aug/2021:02:40:42 -0400] "GET /tag/rafe-spall HTTP/1.1" 200 35652 rotundreviews.com "-" "Mozilla/5.0 (Linux; Android 7.0;) AppleWebKit/537.36 (KHTML, like Gecko) Mobile Safari/537.36 (compatible; PetalBot;+https://webmaster.petalsearch.com/site/petalbot)" "-"
207.46.13.0 - - [19/Aug/2021:02:40:59 -0400] "GET /tag/wendie-malick HTTP/1.1" 200 33119 rotundreviews.com "-" "Mozilla/5.0 (compatible; bingbot/2.0; +http://www.bing.com/bingbot.htm)" "-"
66.249.69.0 - - [19/Aug/2021:02:41:34 -0400] "GET /tag/daisy-head HTTP/1.1" 200 35404 rotundreviews.com "-" "Mozilla/5.0 (compatible; Googlebot/2.1; +http://www.google.com/bot.html)" "-"
157.55.39.0 - - [19/Aug/2021:02:42:43 -0400] "GET /tag/short HTTP/1.1" 200 33040 rotundreviews.com "-" "Mozilla/5.0 (compatible; bingbot/2.0; +http://www.bing.com/bingbot.htm)" "-"
114.119.137.0 - - [19/Aug/2021:02:42:55 -0400] "GET /tag/jim-fullington HTTP/1.1" 200 33314 rotundreviews.com "-" "Mozilla/5.0 (Linux; Android 7.0;) AppleWebKit/537.36 (KHTML, like Gecko) Mobile Safari/537.36 (compatible; PetalBot;+https://webmaster.petalsearch.com/site/petalbot)" "-"
74.208.57.0 - - [19/Aug/2021:02:42:56 -0400] "POST /wp-cron.php?doing_wp_cron=1629355376.1851298809051513671875 HTTP/1.1" 200 - rotundreviews.com "https://rotundreviews.com/wp-cron.php?doing_wp_cron=1629355376.1851298809051513671875" "WordPress/5.7.2; https://rotundreviews.com" "-"
5.188.62.0 - - [19/Aug/2021:02:44:40 -0400] "POST /xmlrpc.php HTTP/1.1" 503 18949 rotundreviews.com "-" "Mozilla/5.0 (Windows NT 5.1) AppleWebKit/537.36 (KHTML, like Gecko) Chrome/41.0.2224.3 Safari/537.36" "-"
54.36.148.0 - - [19/Aug/2021:02:44:41 -0400] "GET /tag/penelope-spheeris HTTP/1.1" 200 34092 rotundreviews.com "-" "Mozilla/5.0 (compatible; AhrefsBot/7.0; +http://ahrefs.com/robot/)" "-"
114.119.137.0 - - [19/Aug/2021:02:44:51 -0400] "GET /tag/barbara-weetman HTTP/1.1" 200 33119 rotundreviews.com "-" "Mozilla/5.0 (Linux; Android 7.0;) AppleWebKit/537.36 (KHTML, like Gecko) Mobile Safari/537.36 (compatible; PetalBot;+https://webmaster.petalsearch.com/site/petalbot)" "-"
74.208.57.0 - - [19/Aug/2021:02:45:16 -0400] "POST /wp-cron.php?doing_wp_cron=1629355516.5728299617767333984375 HTTP/1.1" 200 - rotundreviews.com "https://rotundreviews.com/wp-cron.php?doing_wp_cron=1629355516.5728299617767333984375" "WordPress/5.7.2; https://rotundreviews.com" "-"
66.249.69.0 - - [19/Aug/2021:02:45:16 -0400] "GET /feed HTTP/1.1" 200 161968 rotundreviews.com "-" "Mozilla/5.0 (compatible; Googlebot/2.1; +http://www.google.com/bot.html)" "-"
77.75.79.0 - - [19/Aug/2021:02:47:11 -0400] "GET /robots.txt HTTP/1.1" 200 166 rotundreviews.com "-" "Mozilla/5.0 (compatible; SeznamBot/3.2; +http://napoveda.seznam.cz/en/seznambot-intro/)" "-"
2a02:598:aa00:: - - [19/Aug/2021:02:47:14 -0400] "GET /wp-content/uploads/2020/07/Fishermans-Friends-678x381.png HTTP/1.1" 304 - rotundreviews.com "-" "Mozilla/5.0 (compatible; SeznamBot/3.2; +http://napoveda.seznam.cz/en/seznambot-intro/)" "-"
114.119.137.0 - - [19/Aug/2021:02:47:14 -0400] "GET /tag/kevin-costner HTTP/1.1" 200 35623 rotundreviews.com "-" "Mozilla/5.0 (Linux; Android 7.0;) AppleWebKit/537.36 (KHTML, like Gecko) Mobile Safari/537.36 (compatible; PetalBot;+https://webmaster.petalsearch.com/site/petalbot)" "-"
2a02:598:aa00:: - - [19/Aug/2021:02:47:15 -0400] "GET /the-princess-switch HTTP/1.1" 200 60324 rotundreviews.com "-" "Mozilla/5.0 (compatible; SeznamBot/3.2; +http://napoveda.seznam.cz/en/seznambot-intro/)" "-"
74.208.57.0 - - [19/Aug/2021:02:49:14 -0400] "POST /wp-cron.php?doing_wp_cron=1629355754.6847960948944091796875 HTTP/1.1" 200 - rotundreviews.com "https://rotundreviews.com/wp-cron.php?doing_wp_cron=1629355754.6847960948944091796875" "WordPress/5.7.2; https://rotundreviews.com" "-"
114.119.130.0 - - [19/Aug/2021:02:49:14 -0400] "GET /tag/shiloh-fernandez HTTP/1.1" 200 33116 rotundreviews.com "-" "Mozilla/5.0 (Linux; Android 7.0;) AppleWebKit/537.36 (KHTML, like Gecko) Mobile Safari/537.36 (compatible; PetalBot;+https://webmaster.petalsearch.com/site/petalbot)" "-"
66.249.69.0 - - [19/Aug/2021:02:49:18 -0400] "GET /tag/precious-chong HTTP/1.1" 200 33092 rotundreviews.com "-" "Mozilla/5.0 (Linux; Android 6.0.1; Nexus 5X Build/MMB29P) AppleWebKit/537.36 (KHTML, like Gecko) Chrome/92.0.4515.119 Mobile Safari/537.36 (compatible; Googlebot/2.1; +http://www.google.com/bot.html)" "-"
114.119.137.0 - - [19/Aug/2021:02:51:22 -0400] "GET /category/movies/movie-reviews/page/7 HTTP/1.1" 200 58827 rotundreviews.com "-" "Mozilla/5.0 (Linux; Android 7.0;) AppleWebKit/537.36 (KHTML, like Gecko) Mobile Safari/537.36 (compatible; PetalBot;+https://webmaster.petalsearch.com/site/petalbot)" "-"
66.249.69.0 - - [19/Aug/2021:02:52:12 -0400] "GET /tag/brooke-nevin HTTP/1.1" 200 33151 rotundreviews.com "-" "Mozilla/5.0 (compatible; Googlebot/2.1; +http://www.google.com/bot.html)" "-"
54.36.148.0 - - [19/Aug/2021:02:52:14 -0400] "GET /tag/ben-foster HTTP/1.1" 200 33086 rotundreviews.com "-" "Mozilla/5.0 (compatible; AhrefsBot/7.0; +http://ahrefs.com/robot/)" "-"
135.181.42.0 - - [19/Aug/2021:02:52:48 -0400] "GET /tag/sherri-lee-pike HTTP/1.1" 200 33942 rotundreviews.com "-" "-" "-"
114.119.137.0 - - [19/Aug/2021:02:53:45 -0400] "GET /tag/brielle-laing HTTP/1.1" 200 33236 rotundreviews.com "-" "Mozilla/5.0 (Linux; Android 7.0;) AppleWebKit/537.36 (KHTML, like Gecko) Mobile Safari/537.36 (compatible; PetalBot;+https://webmaster.petalsearch.com/site/petalbot)" "-"
66.249.69.0 - - [19/Aug/2021:02:55:02 -0400] "GET /love-at-sea HTTP/1.1" 200 62179 rotundreviews.com "-" "Mozilla/5.0 (compatible; Googlebot/2.1; +http://www.google.com/bot.html)" "-"
66.249.69.0 - - [19/Aug/2021:02:55:09 -0400] "GET /tag/jordi-webber HTTP/1.1" 200 33142 rotundreviews.com "-" "Mozilla/5.0 (compatible; Googlebot/2.1; +http://www.google.com/bot.html)" "-"
207.46.13.0 - - [19/Aug/2021:02:55:30 -0400] "GET /wp-content/uploads/2020/01/COOS_2764x4096-768x1138.jpg HTTP/1.1" 200 246000 rotundreviews.com "-" "Mozilla/5.0 (compatible; bingbot/2.0; +http://www.bing.com/bingbot.htm)" "-"
114.119.158.0 - - [19/Aug/2021:02:55:46 -0400] "GET /tag/paul-feig HTTP/1.1" 200 33149 rotundreviews.com "-" "Mozilla/5.0 (Linux; Android 7.0;) AppleWebKit/537.36 (KHTML, like Gecko) Mobile Safari/537.36 (compatible; PetalBot;+https://webmaster.petalsearch.com/site/petalbot)" "-"
114.119.137.0 - - [19/Aug/2021:02:57:43 -0400] "GET /tag/tony-burgess HTTP/1.1" 200 33339 rotundreviews.com "-" "Mozilla/5.0 (Linux; Android 7.0;) AppleWebKit/537.36 (KHTML, like Gecko) Mobile Safari/537.36 (compatible; PetalBot;+https://webmaster.petalsearch.com/site/petalbot)" "-"
74.208.57.0 - - [19/Aug/2021:02:59:24 -0400] "POST /wp-cron.php?doing_wp_cron=1629356364.6022338867187500000000 HTTP/1.1" 200 - rotundreviews.com "https://rotundreviews.com/wp-cron.php?doing_wp_cron=1629356364.6022338867187500000000" "WordPress/5.7.2; https://rotundreviews.com" "-"
54.36.148.0 - - [19/Aug/2021:02:59:24 -0400] "GET /tag/dave-bautista HTTP/1.1" 200 37944 rotundreviews.com "-" "Mozilla/5.0 (compatible; AhrefsBot/7.0; +http://ahrefs.com/robot/)" "-"
66.249.69.0 - - [19/Aug/2021:02:59:36 -0400] "GET /wp-content/uploads/2019/07/Deadsight-326x245.png HTTP/1.1" 200 144262 rotundreviews.com "-" "Googlebot-Image/1.0" "-"
114.119.137.0 - - [19/Aug/2021:02:59:51 -0400] "GET /sitemap-pt-post-2020-04.html HTTP/1.1" 200 1467 rotundreviews.com "-" "Mozilla/5.0 (Linux; Android 7.0;) AppleWebKit/537.36 (KHTML, like Gecko) Mobile Safari/537.36 (compatible; PetalBot;+https://webmaster.petalsearch.com/site/petalbot)" "-"
207.46.13.0 - - [19/Aug/2021:03:00:55 -0400] "GET /wp-content/uploads/2020/07/GhostsOfWar_AppleTrailers_Poster_2764x4096_R02-scaled.jpg HTTP/1.1" 200 893042 rotundreviews.com "-" "Mozilla/5.0 (compatible; bingbot/2.0; +http://www.bing.com/bingbot.htm)" "-"
114.119.137.0 - - [19/Aug/2021:03:02:14 -0400] "GET /tag/dirt-track HTTP/1.1" 200 33121 rotundreviews.com "-" "Mozilla/5.0 (Linux; Android 7.0;) AppleWebKit/537.36 (KHTML, like Gecko) Mobile Safari/537.36 (compatible; PetalBot;+https://webmaster.petalsearch.com/site/petalbot)" "-"
74.208.57.0 - - [19/Aug/2021:03:02:15 -0400] "POST /wp-cron.php?doing_wp_cron=1629356535.2009310722351074218750 HTTP/1.1" 200 - rotundreviews.com "https://rotundreviews.com/wp-cron.php?doing_wp_cron=1629356535.2009310722351074218750" "WordPress/5.7.2; https://rotundreviews.com" "-"
114.119.137.0 - - [19/Aug/2021:03:04:14 -0400] "GET /tag/danielle-macdonald HTTP/1.1" 200 33240 rotundreviews.com "-" "Mozilla/5.0 (Linux; Android 7.0;) AppleWebKit/537.36 (KHTML, like Gecko) Mobile Safari/537.36 (compatible; PetalBot;+https://webmaster.petalsearch.com/site/petalbot)" "-"
185.191.171.0 - - [19/Aug/2021:03:05:51 -0400] "GET /tag/orson-welles HTTP/1.1" 200 33042 rotundreviews.com "-" "Mozilla/5.0 (compatible; SemrushBot/7~bl; +http://www.semrush.com/bot.html)" "-"
2601:643:8600:: - - [19/Aug/2021:03:06:07 -0400] "GET /wp-content/uploads/2019/02/Polar-678x381.png HTTP/1.1" 200 376137 rotundreviews.com "https://swantygallery.blogspot.com/2020/05/17-photos-of-ruby-o-fee.html?m=1" "Mozilla/5.0 (iPhone; CPU iPhone OS 12_3 like Mac OS X) AppleWebKit/605.1.15 (KHTML, like Gecko) GSA/160.0.373863126 Mobile/15E148 Safari/604.1" "-"
114.119.137.0 - - [19/Aug/2021:03:06:11 -0400] "GET /tag/scott-thunes HTTP/1.1" 200 33141 rotundreviews.com "-" "Mozilla/5.0 (Linux; Android 7.0;) AppleWebKit/537.36 (KHTML, like Gecko) Mobile Safari/537.36 (compatible; PetalBot;+https://webmaster.petalsearch.com/site/petalbot)" "-"
54.36.148.0 - - [19/Aug/2021:03:06:26 -0400] "GET /tag/wrestling HTTP/1.1" 200 33194 rotundreviews.com "-" "Mozilla/5.0 (compatible; AhrefsBot/7.0; +http://ahrefs.com/robot/)" "-"
207.46.13.0 - - [19/Aug/2021:03:08:00 -0400] "GET /wp-content/uploads/2018/10/SIC_ONLINE_1SHT_TSR_Skull_AOJ_02.jpg HTTP/1.1" 200 5865091 rotundreviews.com "-" "Mozilla/5.0 (compatible; bingbot/2.0; +http://www.bing.com/bingbot.htm)" "-"
114.119.137.0 - - [19/Aug/2021:03:08:45 -0400] "GET /tag/matt-maenpaa HTTP/1.1" 200 33050 rotundreviews.com "-" "Mozilla/5.0 (Linux; Android 7.0;) AppleWebKit/537.36 (KHTML, like Gecko) Mobile Safari/537.36 (compatible; PetalBot;+https://webmaster.petalsearch.com/site/petalbot)" "-"
66.249.69.0 - - [19/Aug/2021:03:09:21 -0400] "GET /robots.txt HTTP/1.1" 200 166 rotundreviews.com "-" "Mozilla/5.0 (compatible; Googlebot/2.1; +http://www.google.com/bot.html)" "-"
66.249.69.0 - - [19/Aug/2021:03:09:22 -0400] "GET /archive HTTP/1.1" 200 59158 rotundreviews.com "-" "Googlebot/2.1 (+http://www.google.com/bot.html)" "-"
114.119.137.0 - - [19/Aug/2021:03:10:39 -0400] "GET /tag/eve-hewson HTTP/1.1" 200 33147 rotundreviews.com "-" "Mozilla/5.0 (Linux; Android 7.0;) AppleWebKit/537.36 (KHTML, like Gecko) Mobile Safari/537.36 (compatible; PetalBot;+https://webmaster.petalsearch.com/site/petalbot)" "-"
74.208.57.0 - - [19/Aug/2021:03:10:40 -0400] "POST /wp-cron.php?doing_wp_cron=1629357040.0544650554656982421875 HTTP/1.1" 200 - rotundreviews.com "https://rotundreviews.com/wp-cron.php?doing_wp_cron=1629357040.0544650554656982421875" "WordPress/5.7.2; https://rotundreviews.com" "-"
114.119.137.0 - - [19/Aug/2021:03:12:35 -0400] "GET /tag/los-angeles-kings HTTP/1.1" 200 33333 rotundreviews.com "-" "Mozilla/5.0 (Linux; Android 7.0;) AppleWebKit/537.36 (KHTML, like Gecko) Mobile Safari/537.36 (compatible; PetalBot;+https://webmaster.petalsearch.com/site/petalbot)" "-"
54.36.148.0 - - [19/Aug/2021:03:12:49 -0400] "GET /tag/darneen-christian HTTP/1.1" 200 33202 rotundreviews.com "-" "Mozilla/5.0 (compatible; AhrefsBot/7.0; +http://ahrefs.com/robot/)" "-"
18.206.15.0 - - [19/Aug/2021:03:14:17 -0400] "HEAD / HTTP/1.1" 200 - rotundreviews.com "-" "scalaj-http/2.4.2" "-"
18.206.15.0 - - [19/Aug/2021:03:14:18 -0400] "GET / HTTP/1.1" 200 14392 rotundreviews.com "-" "Buck/2.2; (+https://app.hypefactors.com/media-monitoring/about.html)" "-"
18.206.15.0 - - [19/Aug/2021:03:14:19 -0400] "GET /robots.txt HTTP/1.1" 200 166 rotundreviews.com "-" "Buck/2.2; (+https://app.hypefactors.com/media-monitoring/about.html)" "-"
114.119.137.0 - - [19/Aug/2021:03:14:36 -0400] "GET /tag/trevor-stines HTTP/1.1" 200 33209 rotundreviews.com "-" "Mozilla/5.0 (Linux; Android 7.0;) AppleWebKit/537.36 (KHTML, like Gecko) Mobile Safari/537.36 (compatible; PetalBot;+https://webmaster.petalsearch.com/site/petalbot)" "-"
18.206.15.0 - - [19/Aug/2021:03:14:59 -0400] "GET /feed HTTP/1.1" 200 29491 rotundreviews.com "-" "Buck/2.2; (+https://app.hypefactors.com/media-monitoring/about.html)" "-"
106.75.250.0 - - [19/Aug/2021:03:15:05 -0400] "GET /wp-content/uploads/2020/01/Goalie-678x381.png HTTP/1.1" 200 375883 rotundreviews.com "-" "Mozilla/5.0 (Macintosh; Intel Mac OS X 10_12_6) AppleWebKit/537.36 (KHTML, like Gecko) Chrome/59.0.3071.115 Safari/537.36" "-"
18.206.15.0 - - [19/Aug/2021:03:15:07 -0400] "GET /wp-sitemap.xml HTTP/1.1" 404 55489 rotundreviews.com "-" "Buck/2.2; (+https://app.hypefactors.com/media-monitoring/about.html)" "-"
18.206.15.0 - - [19/Aug/2021:03:15:42 -0400] "GET /jurassic-galaxy HTTP/1.1" 200 13791 rotundreviews.com "-" "Buck/2.2; (+https://app.hypefactors.com/media-monitoring/about.html)" "-"
213.180.203.0 - - [19/Aug/2021:03:16:14 -0400] "GET /robots.txt HTTP/1.1" 200 166 rotundreviews.com "-" "Mozilla/5.0 (compatible; YandexBot/3.0; +http://yandex.com/bots)" "-"
5.45.207.0 - - [19/Aug/2021:03:16:17 -0400] "GET /tag/simone-kirby HTTP/1.1" 200 33130 rotundreviews.com "-" "Mozilla/5.0 (compatible; YandexBot/3.0; +http://yandex.com/bots)" "-"
114.119.137.0 - - [19/Aug/2021:03:17:09 -0400] "GET /tag/james-bloor HTTP/1.1" 200 33258 rotundreviews.com "-" "Mozilla/5.0 (Linux; Android 7.0;) AppleWebKit/537.36 (KHTML, like Gecko) Mobile Safari/537.36 (compatible; PetalBot;+https://webmaster.petalsearch.com/site/petalbot)" "-"
113.31.153.0 - - [19/Aug/2021:03:17:13 -0400] "GET /wp-content/uploads/2020/06/7500-678x381.png HTTP/1.1" 200 397691 rotundreviews.com "-" "Mozilla/5.0 (Macintosh; Intel Mac OS X 10_12_6) AppleWebKit/537.36 (KHTML, like Gecko) Chrome/59.0.3071.115 Safari/537.36" "-"
54.36.148.0 - - [19/Aug/2021:03:18:11 -0400] "GET /tag/travis-fimmel HTTP/1.1" 200 35727 rotundreviews.com "-" "Mozilla/5.0 (compatible; AhrefsBot/7.0; +http://ahrefs.com/robot/)" "-"
157.55.39.0 - - [19/Aug/2021:03:18:49 -0400] "GET /tag/mel-damski HTTP/1.1" 200 32994 rotundreviews.com "-" "Mozilla/5.0 (compatible; bingbot/2.0; +http://www.bing.com/bingbot.htm)" "-"
114.119.137.0 - - [19/Aug/2021:03:19:07 -0400] "GET /tag/nikea-gamby-turner HTTP/1.1" 200 33239 rotundreviews.com "-" "Mozilla/5.0 (Linux; Android 7.0;) AppleWebKit/537.36 (KHTML, like Gecko) Mobile Safari/537.36 (compatible; PetalBot;+https://webmaster.petalsearch.com/site/petalbot)" "-"
66.249.69.0 - - [19/Aug/2021:03:19:34 -0400] "GET /tag/kimberly-guerrero HTTP/1.1" 200 33243 rotundreviews.com "-" "Mozilla/5.0 (compatible; Googlebot/2.1; +http://www.google.com/bot.html)" "-"
66.249.69.0 - - [19/Aug/2021:03:19:40 -0400] "POST /wp-admin/admin-ajax.php HTTP/1.1" 200 10206 rotundreviews.com "https://rotundreviews.com/tag/kimberly-guerrero" "Mozilla/5.0 AppleWebKit/537.36 (KHTML, like Gecko; compatible; Googlebot/2.1; +http://www.google.com/bot.html) Safari/537.36" "-"
66.249.69.0 - - [19/Aug/2021:03:19:41 -0400] "POST /wp-admin/admin-ajax.php HTTP/1.1" 200 10218 rotundreviews.com "https://rotundreviews.com/tag/kimberly-guerrero" "Mozilla/5.0 AppleWebKit/537.36 (KHTML, like Gecko; compatible; Googlebot/2.1; +http://www.google.com/bot.html) Safari/537.36" "-"
207.46.13.0 - - [19/Aug/2021:03:20:21 -0400] "GET /tag/omar-epps HTTP/1.1" 200 32930 rotundreviews.com "-" "Mozilla/5.0 (compatible; bingbot/2.0; +http://www.bing.com/bingbot.htm)" "-"
157.55.39.0 - - [19/Aug/2021:03:20:23 -0400] "GET /eighth-grade HTTP/1.1" 200 59884 rotundreviews.com "-" "Mozilla/5.0 (compatible; bingbot/2.0; +http://www.bing.com/bingbot.htm)" "-"
207.46.13.0 - - [19/Aug/2021:03:20:24 -0400] "GET /tag/jason-mewes HTTP/1.1" 200 33165 rotundreviews.com "-" "Mozilla/5.0 (compatible; bingbot/2.0; +http://www.bing.com/bingbot.htm)" "-"
40.77.167.0 - - [19/Aug/2021:03:20:25 -0400] "GET /tag/corey-stoll HTTP/1.1" 200 33069 rotundreviews.com "-" "Mozilla/5.0 (compatible; bingbot/2.0; +http://www.bing.com/bingbot.htm)" "-"
207.46.13.0 - - [19/Aug/2021:03:20:25 -0400] "GET /tag/always-be-my-maybe HTTP/1.1" 200 33277 rotundreviews.com "-" "Mozilla/5.0 (compatible; bingbot/2.0; +http://www.bing.com/bingbot.htm)" "-"
40.77.167.0 - - [19/Aug/2021:03:20:26 -0400] "GET /tag/te-kohe-tuhaka HTTP/1.1" 200 33166 rotundreviews.com "-" "Mozilla/5.0 (compatible; bingbot/2.0; +http://www.bing.com/bingbot.htm)" "-"
157.55.39.0 - - [19/Aug/2021:03:20:27 -0400] "GET /tag/rose-mciver HTTP/1.1" 200 36065 rotundreviews.com "-" "Mozilla/5.0 (compatible; bingbot/2.0; +http://www.bing.com/bingbot.htm)" "-"
157.55.39.0 - - [19/Aug/2021:03:20:28 -0400] "GET /tag/perfect-bid HTTP/1.1" 200 33311 rotundreviews.com "-" "Mozilla/5.0 (compatible; bingbot/2.0; +http://www.bing.com/bingbot.htm)" "-"
207.46.13.0 - - [19/Aug/2021:03:20:31 -0400] "GET /tag/the-purge HTTP/1.1" 200 33062 rotundreviews.com "-" "Mozilla/5.0 (compatible; bingbot/2.0; +http://www.bing.com/bingbot.htm)" "-"
40.77.167.0 - - [19/Aug/2021:03:20:36 -0400] "GET /tag/turn-up-charlie HTTP/1.1" 200 33067 rotundreviews.com "-" "Mozilla/5.0 (compatible; bingbot/2.0; +http://www.bing.com/bingbot.htm)" "-"
40.77.167.0 - - [19/Aug/2021:03:20:36 -0400] "GET /tag/martha-stephens HTTP/1.1" 200 33106 rotundreviews.com "-" "Mozilla/5.0 (compatible; bingbot/2.0; +http://www.bing.com/bingbot.htm)" "-"
40.77.167.0 - - [19/Aug/2021:03:20:37 -0400] "GET /the-glorias HTTP/1.1" 200 64352 rotundreviews.com "-" "Mozilla/5.0 (compatible; bingbot/2.0; +http://www.bing.com/bingbot.htm)" "-"
