114.119.137.0 - - [19/Aug/2021:09:35:27 -0400] "GET /tag/brad-henke HTTP/1.1" 200 33183 rotundreviews.com "-" "Mozilla/5.0 (Linux; Android 7.0;) AppleWebKit/537.36 (KHTML, like Gecko) Mobile Safari/537.36 (compatible; PetalBot;+https://webmaster.petalsearch.com/site/petalbot)" "-"
74.208.57.0 - - [19/Aug/2021:09:35:28 -0400] "POST /wp-cron.php?doing_wp_cron=1629380128.1009359359741210937500 HTTP/1.1" 200 - rotundreviews.com "https://rotundreviews.com/wp-cron.php?doing_wp_cron=1629380128.1009359359741210937500" "WordPress/5.7.2; https://rotundreviews.com" "-"
207.46.13.0 - - [19/Aug/2021:09:37:00 -0400] "GET /all-joking-aside HTTP/1.1" 200 64731 rotundreviews.com "-" "Mozilla/5.0 (compatible; bingbot/2.0; +http://www.bing.com/bingbot.htm)" "-"
66.249.69.0 - - [19/Aug/2021:09:37:08 -0400] "GET /tag/damaris-lewis HTTP/1.1" 200 33217 rotundreviews.com "-" "Mozilla/5.0 (Linux; Android 6.0.1; Nexus 5X Build/MMB29P) AppleWebKit/537.36 (KHTML, like Gecko) Chrome/92.0.4515.119 Mobile Safari/537.36 (compatible; Googlebot/2.1; +http://www.google.com/bot.html)" "-"
185.191.171.0 - - [19/Aug/2021:09:37:15 -0400] "GET /robots.txt HTTP/1.1" 200 166 rotundreviews.com "-" "Mozilla/5.0 (compatible; SemrushBot/7~bl; +http://www.semrush.com/bot.html)" "-"
185.191.171.0 - - [19/Aug/2021:09:37:15 -0400] "GET /tag/morgan-freeman HTTP/1.1" 200 33065 rotundreviews.com "-" "Mozilla/5.0 (compatible; SemrushBot/7~bl; +http://www.semrush.com/bot.html)" "-"
54.36.148.0 - - [19/Aug/2021:09:37:20 -0400] "GET /tag/laurel-and-hardy HTTP/1.1" 200 33154 rotundreviews.com "-" "Mozilla/5.0 (compatible; AhrefsBot/7.0; +http://ahrefs.com/robot/)" "-"
114.119.137.0 - - [19/Aug/2021:09:37:28 -0400] "GET /2020/09 HTTP/1.1" 200 43197 rotundreviews.com "-" "Mozilla/5.0 (Linux; Android 7.0;) AppleWebKit/537.36 (KHTML, like Gecko) Mobile Safari/537.36 (compatible; PetalBot;+https://webmaster.petalsearch.com/site/petalbot)" "-"
185.191.171.0 - - [19/Aug/2021:09:37:31 -0400] "GET /waiting-for-anya HTTP/1.1" 200 60581 rotundreviews.com "-" "Mozilla/5.0 (compatible; SemrushBot/7~bl; +http://www.semrush.com/bot.html)" "-"
185.191.171.0 - - [19/Aug/2021:09:38:02 -0400] "GET /tag/saban-films/page/2 HTTP/1.1" 200 33541 rotundreviews.com "-" "Mozilla/5.0 (compatible; SemrushBot/7~bl; +http://www.semrush.com/bot.html)" "-"
185.191.171.0 - - [19/Aug/2021:09:38:39 -0400] "GET /tag/ben-sinclair HTTP/1.1" 200 33142 rotundreviews.com "-" "Mozilla/5.0 (compatible; SemrushBot/7~bl; +http://www.semrush.com/bot.html)" "-"
207.46.13.0 - - [19/Aug/2021:09:39:19 -0400] "GET /tag/of-course/feed HTTP/1.1" 200 17154 rotundreviews.com "-" "Mozilla/5.0 (compatible; bingbot/2.0; +http://www.bing.com/bingbot.htm)" "-"
114.119.137.0 - - [19/Aug/2021:09:39:26 -0400] "GET /tag/brooklyn HTTP/1.1" 200 32989 rotundreviews.com "-" "Mozilla/5.0 (Linux; Android 7.0;) AppleWebKit/537.36 (KHTML, like Gecko) Mobile Safari/537.36 (compatible; PetalBot;+https://webmaster.petalsearch.com/site/petalbot)" "-"
74.208.57.0 - - [19/Aug/2021:09:42:02 -0400] "POST /wp-cron.php?doing_wp_cron=1629380522.8955709934234619140625 HTTP/1.1" 200 - rotundreviews.com "https://rotundreviews.com/wp-cron.php?doing_wp_cron=1629380522.8955709934234619140625" "WordPress/5.7.2; https://rotundreviews.com" "-"
114.119.137.0 - - [19/Aug/2021:09:42:02 -0400] "GET /sitemap-pt-post-2020-09.html HTTP/1.1" 200 1370 rotundreviews.com "-" "Mozilla/5.0 (Linux; Android 7.0;) AppleWebKit/537.36 (KHTML, like Gecko) Mobile Safari/537.36 (compatible; PetalBot;+https://webmaster.petalsearch.com/site/petalbot)" "-"
114.119.137.0 - - [19/Aug/2021:09:44:03 -0400] "GET /tag/helen-hunt HTTP/1.1" 200 33069 rotundreviews.com "-" "Mozilla/5.0 (Linux; Android 7.0;) AppleWebKit/537.36 (KHTML, like Gecko) Mobile Safari/537.36 (compatible; PetalBot;+https://webmaster.petalsearch.com/site/petalbot)" "-"
74.208.57.0 - - [19/Aug/2021:09:44:04 -0400] "POST /wp-cron.php?doing_wp_cron=1629380644.1529059410095214843750 HTTP/1.1" 200 - rotundreviews.com "https://rotundreviews.com/wp-cron.php?doing_wp_cron=1629380644.1529059410095214843750" "WordPress/5.7.2; https://rotundreviews.com" "-"
54.36.148.0 - - [19/Aug/2021:09:44:55 -0400] "GET /tag/nina-arianda HTTP/1.1" 200 33106 rotundreviews.com "-" "Mozilla/5.0 (compatible; AhrefsBot/7.0; +http://ahrefs.com/robot/)" "-"
114.119.137.0 - - [19/Aug/2021:09:46:05 -0400] "GET /wp-content/uploads/2021/07/THE-EXCHANGE_PR_STILL_5-scaled.jpg HTTP/1.1" 200 521117 rotundreviews.com "-" "Mozilla/5.0 (Linux; Android 7.0;) AppleWebKit/537.36 (KHTML, like Gecko) Mobile Safari/537.36 (compatible; PetalBot;+https://webmaster.petalsearch.com/site/petalbot)" "-"
207.46.13.0 - - [19/Aug/2021:09:46:07 -0400] "GET /tag/peter-sarsgaard HTTP/1.1" 200 33054 rotundreviews.com "-" "Mozilla/5.0 (compatible; bingbot/2.0; +http://www.bing.com/bingbot.htm)" "-"
100.24.120.0 - - [19/Aug/2021:09:46:38 -0400] "HEAD / HTTP/1.1" 200 - rotundreviews.com "-" "scalaj-http/2.4.2" "-"
100.24.120.0 - - [19/Aug/2021:09:46:38 -0400] "GET / HTTP/1.1" 200 14282 rotundreviews.com "-" "Buck/2.2; (+https://app.hypefactors.com/media-monitoring/about.html)" "-"
100.24.120.0 - - [19/Aug/2021:09:46:39 -0400] "GET /robots.txt HTTP/1.1" 200 166 rotundreviews.com "-" "Buck/2.2; (+https://app.hypefactors.com/media-monitoring/about.html)" "-"
100.24.120.0 - - [19/Aug/2021:09:47:09 -0400] "GET /feed HTTP/1.1" 200 29491 rotundreviews.com "-" "Buck/2.2; (+https://app.hypefactors.com/media-monitoring/about.html)" "-"
100.24.120.0 - - [19/Aug/2021:09:47:16 -0400] "GET /wp-sitemap.xml HTTP/1.1" 404 55489 rotundreviews.com "-" "Buck/2.2; (+https://app.hypefactors.com/media-monitoring/about.html)" "-"
5.188.62.0 - - [19/Aug/2021:09:47:38 -0400] "POST /xmlrpc.php HTTP/1.1" 503 18951 rotundreviews.com "-" "Mozilla/5.0 (Windows NT 6.2) AppleWebKit/537.36 (KHTML, like Gecko) Chrome/41.0.2228.0 Safari/537.36" "-"
100.24.120.0 - - [19/Aug/2021:09:47:43 -0400] "GET /trading-paint HTTP/1.1" 200 12889 rotundreviews.com "-" "Buck/2.2; (+https://app.hypefactors.com/media-monitoring/about.html)" "-"
114.119.137.0 - - [19/Aug/2021:09:48:01 -0400] "GET /tag/hannah-marks HTTP/1.1" 200 35641 rotundreviews.com "-" "Mozilla/5.0 (Linux; Android 7.0;) AppleWebKit/537.36 (KHTML, like Gecko) Mobile Safari/537.36 (compatible; PetalBot;+https://webmaster.petalsearch.com/site/petalbot)" "-"
74.208.57.0 - - [19/Aug/2021:09:48:23 -0400] "POST /wp-cron.php?doing_wp_cron=1629380903.9460780620574951171875 HTTP/1.1" 200 - rotundreviews.com "https://rotundreviews.com/wp-cron.php?doing_wp_cron=1629380903.9460780620574951171875" "WordPress/5.7.2; https://rotundreviews.com" "-"
2a02:a444:a00:: - - [19/Aug/2021:09:48:23 -0400] "GET /the-exchange HTTP/1.1" 200 14160 rotundreviews.com "https://www.imdb.com/" "Mozilla/5.0 (Windows NT 10.0; Win64; x64) AppleWebKit/537.36 (KHTML, like Gecko) Chrome/92.0.4515.159 Safari/537.36" "-"
2a02:a444:a00:: - - [19/Aug/2021:09:48:24 -0400] "GET /wp-content/plugins/custom-twitter-feeds/css/ctf-styles.min.css HTTP/1.1" 200 3383 rotundreviews.com "https://rotundreviews.com/the-exchange" "Mozilla/5.0 (Windows NT 10.0; Win64; x64) AppleWebKit/537.36 (KHTML, like Gecko) Chrome/92.0.4515.159 Safari/537.36" "-"
2a02:a444:a00:: - - [19/Aug/2021:09:48:24 -0400] "GET /wp-content/plugins/wp-review-pro/public/css/comments.css HTTP/1.1" 200 1634 rotundreviews.com "https://rotundreviews.com/the-exchange" "Mozilla/5.0 (Windows NT 10.0; Win64; x64) AppleWebKit/537.36 (KHTML, like Gecko) Chrome/92.0.4515.159 Safari/537.36" "-"
2a02:a444:a00:: - - [19/Aug/2021:09:48:24 -0400] "GET /wp-includes/css/dist/block-library/style.min.css HTTP/1.1" 200 10975 rotundreviews.com "https://rotundreviews.com/the-exchange" "Mozilla/5.0 (Windows NT 10.0; Win64; x64) AppleWebKit/537.36 (KHTML, like Gecko) Chrome/92.0.4515.159 Safari/537.36" "-"
35.245.188.0 - - [19/Aug/2021:09:48:24 -0400] "GET / HTTP/1.1" 301 234 rotundreviews.com "-" "Mozilla/5.0 (Windows NT 6.1; WOW64; Trident/7.0; rv:11.0) like Gecko" "-"
2a02:a444:a00:: - - [19/Aug/2021:09:48:24 -0400] "GET /wp-content/themes/mh-magazine/includes/font-awesome.min.css HTTP/1.1" 200 7930 rotundreviews.com "https://rotundreviews.com/the-exchange" "Mozilla/5.0 (Windows NT 10.0; Win64; x64) AppleWebKit/537.36 (KHTML, like Gecko) Chrome/92.0.4515.159 Safari/537.36" "-"
2a02:a444:a00:: - - [19/Aug/2021:09:48:24 -0400] "GET /wp-content/themes/mh-magazine/style.css HTTP/1.1" 200 20678 rotundreviews.com "https://rotundreviews.com/the-exchange" "Mozilla/5.0 (Windows NT 10.0; Win64; x64) AppleWebKit/537.36 (KHTML, like Gecko) Chrome/92.0.4515.159 Safari/537.36" "-"
2a02:a444:a00:: - - [19/Aug/2021:09:48:24 -0400] "GET /wp-content/plugins/wp-review-pro/public/css/font-awesome.min.css HTTP/1.1" 200 7930 rotundreviews.com "https://rotundreviews.com/the-exchange" "Mozilla/5.0 (Windows NT 10.0; Win64; x64) AppleWebKit/537.36 (KHTML, like Gecko) Chrome/92.0.4515.159 Safari/537.36" "-"
2a02:a444:a00:: - - [19/Aug/2021:09:48:24 -0400] "GET /wp-content/plugins/wp-review-pro/public/css/magnific-popup.css HTTP/1.1" 200 2107 rotundreviews.com "https://rotundreviews.com/the-exchange" "Mozilla/5.0 (Windows NT 10.0; Win64; x64) AppleWebKit/537.36 (KHTML, like Gecko) Chrome/92.0.4515.159 Safari/537.36" "-"
2a02:a444:a00:: - - [19/Aug/2021:09:48:24 -0400] "GET /wp-content/plugins/wp-review-pro/public/css/wp-review.css HTTP/1.1" 200 8844 rotundreviews.com "https://rotundreviews.com/the-exchange" "Mozilla/5.0 (Windows NT 10.0; Win64; x64) AppleWebKit/537.36 (KHTML, like Gecko) Chrome/92.0.4515.159 Safari/537.36" "-"
35.245.188.0 - - [19/Aug/2021:09:48:24 -0400] "GET / HTTP/1.1" 200 89317 rotundreviews.com "-" "Mozilla/5.0 (Windows NT 6.1; WOW64; Trident/7.0; rv:11.0) like Gecko" "-"
2a02:a444:a00:: - - [19/Aug/2021:09:48:25 -0400] "GET /wp-includes/js/jquery/jquery.min.js HTTP/1.1" 200 36153 rotundreviews.com "https://rotundreviews.com/the-exchange" "Mozilla/5.0 (Windows NT 10.0; Win64; x64) AppleWebKit/537.36 (KHTML, like Gecko) Chrome/92.0.4515.159 Safari/537.36" "-"
2a02:a444:a00:: - - [19/Aug/2021:09:48:25 -0400] "GET /wp-includes/js/jquery/jquery-migrate.min.js HTTP/1.1" 200 4563 rotundreviews.com "https://rotundreviews.com/the-exchange" "Mozilla/5.0 (Windows NT 10.0; Win64; x64) AppleWebKit/537.36 (KHTML, like Gecko) Chrome/92.0.4515.159 Safari/537.36" "-"
2a02:a444:a00:: - - [19/Aug/2021:09:48:25 -0400] "GET /wp-content/themes/mh-magazine/js/scripts.js HTTP/1.1" 200 13892 rotundreviews.com "https://rotundreviews.com/the-exchange" "Mozilla/5.0 (Windows NT 10.0; Win64; x64) AppleWebKit/537.36 (KHTML, like Gecko) Chrome/92.0.4515.159 Safari/537.36" "-"
2a02:a444:a00:: - - [19/Aug/2021:09:48:25 -0400] "GET /wp-content/plugins/wp-review-pro/public/js/js.cookie.min.js HTTP/1.1" 200 916 rotundreviews.com "https://rotundreviews.com/the-exchange" "Mozilla/5.0 (Windows NT 10.0; Win64; x64) AppleWebKit/537.36 (KHTML, like Gecko) Chrome/92.0.4515.159 Safari/537.36" "-"
2a02:a444:a00:: - - [19/Aug/2021:09:48:25 -0400] "GET /wp-content/plugins/wp-review-pro/public/js/stacktable.js HTTP/1.1" 200 2370 rotundreviews.com "https://rotundreviews.com/the-exchange" "Mozilla/5.0 (Windows NT 10.0; Win64; x64) AppleWebKit/537.36 (KHTML, like Gecko) Chrome/92.0.4515.159 Safari/537.36" "-"
2a02:a444:a00:: - - [19/Aug/2021:09:48:25 -0400] "GET /wp-content/plugins/wp-review-pro/public/js/jquery.appear.js HTTP/1.1" 200 1067 rotundreviews.com "https://rotundreviews.com/the-exchange" "Mozilla/5.0 (Windows NT 10.0; Win64; x64) AppleWebKit/537.36 (KHTML, like Gecko) Chrome/92.0.4515.159 Safari/537.36" "-"
2a02:a444:a00:: - - [19/Aug/2021:09:48:25 -0400] "GET /wp-content/plugins/wp-review-pro/public/js/jquery.magnific-popup.min.js HTTP/1.1" 200 8274 rotundreviews.com "https://rotundreviews.com/the-exchange" "Mozilla/5.0 (Windows NT 10.0; Win64; x64) AppleWebKit/537.36 (KHTML, like Gecko) Chrome/92.0.4515.159 Safari/537.36" "-"
2a02:a444:a00:: - - [19/Aug/2021:09:48:25 -0400] "GET /wp-content/plugins/wp-review-pro/public/js/jquery.exitIntent.js HTTP/1.1" 200 624 rotundreviews.com "https://rotundreviews.com/the-exchange" "Mozilla/5.0 (Windows NT 10.0; Win64; x64) AppleWebKit/537.36 (KHTML, like Gecko) Chrome/92.0.4515.159 Safari/537.36" "-"
2a02:a444:a00:: - - [19/Aug/2021:09:48:25 -0400] "GET /wp-includes/js/underscore.min.js HTTP/1.1" 200 6396 rotundreviews.com "https://rotundreviews.com/the-exchange" "Mozilla/5.0 (Windows NT 10.0; Win64; x64) AppleWebKit/537.36 (KHTML, like Gecko) Chrome/92.0.4515.159 Safari/537.36" "-"
2a02:a444:a00:: - - [19/Aug/2021:09:48:25 -0400] "GET /wp-includes/js/wp-util.min.js HTTP/1.1" 200 602 rotundreviews.com "https://rotundreviews.com/the-exchange" "Mozilla/5.0 (Windows NT 10.0; Win64; x64) AppleWebKit/537.36 (KHTML, like Gecko) Chrome/92.0.4515.159 Safari/537.36" "-"
2a02:a444:a00:: - - [19/Aug/2021:09:48:25 -0400] "GET /wp-content/plugins/wp-review-pro/public/js/main.js HTTP/1.1" 200 4476 rotundreviews.com "https://rotundreviews.com/the-exchange" "Mozilla/5.0 (Windows NT 10.0; Win64; x64) AppleWebKit/537.36 (KHTML, like Gecko) Chrome/92.0.4515.159 Safari/537.36" "-"
2a02:a444:a00:: - - [19/Aug/2021:09:48:25 -0400] "GET /wp-content/plugins/wp-review-pro/public/js/jquery.knob.min.js HTTP/1.1" 200 7126 rotundreviews.com "https://rotundreviews.com/the-exchange" "Mozilla/5.0 (Windows NT 10.0; Win64; x64) AppleWebKit/537.36 (KHTML, like Gecko) Chrome/92.0.4515.159 Safari/537.36" "-"
40.77.167.0 - - [19/Aug/2021:09:48:25 -0400] "GET /tag/ryan-w-smith HTTP/1.1" 200 33052 rotundreviews.com "-" "Mozilla/5.0 (compatible; bingbot/2.0; +http://www.bing.com/bingbot.htm)" "-"
2a02:a444:a00:: - - [19/Aug/2021:09:48:25 -0400] "GET /wp-includes/js/wp-embed.min.js HTTP/1.1" 200 779 rotundreviews.com "https://rotundreviews.com/the-exchange" "Mozilla/5.0 (Windows NT 10.0; Win64; x64) AppleWebKit/537.36 (KHTML, like Gecko) Chrome/92.0.4515.159 Safari/537.36" "-"
2a02:a444:a00:: - - [19/Aug/2021:09:48:25 -0400] "GET /wp-content/uploads/2018/10/42863945_241300576535983_4831307105229078528_n.jpg HTTP/1.1" 200 50370 rotundreviews.com "https://rotundreviews.com/the-exchange" "Mozilla/5.0 (Windows NT 10.0; Win64; x64) AppleWebKit/537.36 (KHTML, like Gecko) Chrome/92.0.4515.159 Safari/537.36" "-"
2a02:a444:a00:: - - [19/Aug/2021:09:48:25 -0400] "GET /wp-content/uploads/2021/07/THE-EXCHANGE_PR_STILL_5-678x381.jpg HTTP/1.1" 200 48304 rotundreviews.com "https://rotundreviews.com/the-exchange" "Mozilla/5.0 (Windows NT 10.0; Win64; x64) AppleWebKit/537.36 (KHTML, like Gecko) Chrome/92.0.4515.159 Safari/537.36" "-"
2a02:a444:a00:: - - [19/Aug/2021:09:48:25 -0400] "GET /wp-content/uploads/2021/07/THE-EXCHANGE-KEY-ART-208x300.jpeg HTTP/1.1" 200 24991 rotundreviews.com "https://rotundreviews.com/the-exchange" "Mozilla/5.0 (Windows NT 10.0; Win64; x64) AppleWebKit/537.36 (KHTML, like Gecko) Chrome/92.0.4515.159 Safari/537.36" "-"
2a02:a444:a00:: - - [19/Aug/2021:09:48:25 -0400] "GET /wp-content/plugins/wp-review-pro/public/fonts/fontawesome-webfont.woff2?v=4.7.0 HTTP/1.1" 200 77160 rotundreviews.com "https://rotundreviews.com/wp-content/plugins/wp-review-pro/public/css/font-awesome.min.css" "Mozilla/5.0 (Windows NT 10.0; Win64; x64) AppleWebKit/537.36 (KHTML, like Gecko) Chrome/92.0.4515.159 Safari/537.36" "-"
2a02:a444:a00:: - - [19/Aug/2021:09:48:25 -0400] "GET /wp-content/uploads/2021/06/LONGSTORYSHORT_STILL4-326x245.jpg HTTP/1.1" 200 15379 rotundreviews.com "https://rotundreviews.com/the-exchange" "Mozilla/5.0 (Windows NT 10.0; Win64; x64) AppleWebKit/537.36 (KHTML, like Gecko) Chrome/92.0.4515.159 Safari/537.36" "-"
2a02:a444:a00:: - - [19/Aug/2021:09:48:25 -0400] "POST /wp-admin/admin-ajax.php HTTP/1.1" 200 10206 rotundreviews.com "https://rotundreviews.com/the-exchange" "Mozilla/5.0 (Windows NT 10.0; Win64; x64) AppleWebKit/537.36 (KHTML, like Gecko) Chrome/92.0.4515.159 Safari/537.36" "-"
2a02:a444:a00:: - - [19/Aug/2021:09:48:25 -0400] "POST /wp-admin/admin-ajax.php HTTP/1.1" 200 10206 rotundreviews.com "https://rotundreviews.com/the-exchange" "Mozilla/5.0 (Windows NT 10.0; Win64; x64) AppleWebKit/537.36 (KHTML, like Gecko) Chrome/92.0.4515.159 Safari/537.36" "-"
2a02:a444:a00:: - - [19/Aug/2021:09:48:25 -0400] "POST /wp-admin/admin-ajax.php HTTP/1.1" 200 9903 rotundreviews.com "https://rotundreviews.com/the-exchange" "Mozilla/5.0 (Windows NT 10.0; Win64; x64) AppleWebKit/537.36 (KHTML, like Gecko) Chrome/92.0.4515.159 Safari/537.36" "-"
2a02:a444:a00:: - - [19/Aug/2021:09:48:26 -0400] "GET /wp-content/uploads/2018/10/Skyscraper-326x245.png HTTP/1.1" 200 180436 rotundreviews.com "https://rotundreviews.com/the-exchange" "Mozilla/5.0 (Windows NT 10.0; Win64; x64) AppleWebKit/537.36 (KHTML, like Gecko) Chrome/92.0.4515.159 Safari/537.36" "-"
2a02:a444:a00:: - - [19/Aug/2021:09:48:26 -0400] "GET /wp-content/uploads/2020/11/Holidate-326x245.png HTTP/1.1" 200 166927 rotundreviews.com "https://rotundreviews.com/the-exchange" "Mozilla/5.0 (Windows NT 10.0; Win64; x64) AppleWebKit/537.36 (KHTML, like Gecko) Chrome/92.0.4515.159 Safari/537.36" "-"
2a02:a444:a00:: - - [19/Aug/2021:09:48:26 -0400] "GET /wp-includes/js/wp-emoji-release.min.js HTTP/1.1" 200 5273 rotundreviews.com "https://rotundreviews.com/the-exchange" "Mozilla/5.0 (Windows NT 10.0; Win64; x64) AppleWebKit/537.36 (KHTML, like Gecko) Chrome/92.0.4515.159 Safari/537.36" "-"
2a02:a444:a00:: - - [19/Aug/2021:09:48:26 -0400] "GET /wp-content/uploads/2021/08/Fireboys_FilmStill_13-65x65.png HTTP/1.1" 200 9877 rotundreviews.com "https://rotundreviews.com/the-exchange" "Mozilla/5.0 (Windows NT 10.0; Win64; x64) AppleWebKit/537.36 (KHTML, like Gecko) Chrome/92.0.4515.159 Safari/537.36" "-"
2a02:a444:a00:: - - [19/Aug/2021:09:48:26 -0400] "GET /wp-content/uploads/2021/08/val-VKIL_2021_FrameGrab_3840x2160_00016_rgb-65x65.jpg HTTP/1.1" 200 1843 rotundreviews.com "https://rotundreviews.com/the-exchange" "Mozilla/5.0 (Windows NT 10.0; Win64; x64) AppleWebKit/537.36 (KHTML, like Gecko) Chrome/92.0.4515.159 Safari/537.36" "-"
2a02:a444:a00:: - - [19/Aug/2021:09:48:26 -0400] "GET /wp-content/uploads/2021/07/3-65x65.png HTTP/1.1" 200 9647 rotundreviews.com "https://rotundreviews.com/the-exchange" "Mozilla/5.0 (Windows NT 10.0; Win64; x64) AppleWebKit/537.36 (KHTML, like Gecko) Chrome/92.0.4515.159 Safari/537.36" "-"
2a02:a444:a00:: - - [19/Aug/2021:09:48:26 -0400] "GET /wp-content/uploads/2021/07/RIDETHEEAGLE_Still_1-65x65.jpg HTTP/1.1" 200 2629 rotundreviews.com "https://rotundreviews.com/the-exchange" "Mozilla/5.0 (Windows NT 10.0; Win64; x64) AppleWebKit/537.36 (KHTML, like Gecko) Chrome/92.0.4515.159 Safari/537.36" "-"
2a02:a444:a00:: - - [19/Aug/2021:09:48:26 -0400] "GET /wp-content/uploads/2021/07/LASTCALL_STILL_01-65x65.jpg HTTP/1.1" 200 2397 rotundreviews.com "https://rotundreviews.com/the-exchange" "Mozilla/5.0 (Windows NT 10.0; Win64; x64) AppleWebKit/537.36 (KHTML, like Gecko) Chrome/92.0.4515.159 Safari/537.36" "-"
2a02:a444:a00:: - - [19/Aug/2021:09:48:26 -0400] "GET /wp-content/uploads/2019/12/Noelle-65x65.png HTTP/1.1" 200 9606 rotundreviews.com "https://rotundreviews.com/the-exchange" "Mozilla/5.0 (Windows NT 10.0; Win64; x64) AppleWebKit/537.36 (KHTML, like Gecko) Chrome/92.0.4515.159 Safari/537.36" "-"
2a02:a444:a00:: - - [19/Aug/2021:09:48:26 -0400] "GET /wp-content/uploads/2021/01/Bliss-65x65.png HTTP/1.1" 200 10026 rotundreviews.com "https://rotundreviews.com/the-exchange" "Mozilla/5.0 (Windows NT 10.0; Win64; x64) AppleWebKit/537.36 (KHTML, like Gecko) Chrome/92.0.4515.159 Safari/537.36" "-"
2a02:a444:a00:: - - [19/Aug/2021:09:48:26 -0400] "GET /wp-content/uploads/2020/07/Archive-65x65.png HTTP/1.1" 200 8368 rotundreviews.com "https://rotundreviews.com/the-exchange" "Mozilla/5.0 (Windows NT 10.0; Win64; x64) AppleWebKit/537.36 (KHTML, like Gecko) Chrome/92.0.4515.159 Safari/537.36" "-"
2a02:a444:a00:: - - [19/Aug/2021:09:48:26 -0400] "GET /wp-content/uploads/2019/03/The-Public-65x65.png HTTP/1.1" 200 10461 rotundreviews.com "https://rotundreviews.com/the-exchange" "Mozilla/5.0 (Windows NT 10.0; Win64; x64) AppleWebKit/537.36 (KHTML, like Gecko) Chrome/92.0.4515.159 Safari/537.36" "-"
2a02:a444:a00:: - - [19/Aug/2021:09:48:26 -0400] "GET /wp-content/uploads/2019/08/Ode-to-Joy-65x65.png HTTP/1.1" 200 9865 rotundreviews.com "https://rotundreviews.com/the-exchange" "Mozilla/5.0 (Windows NT 10.0; Win64; x64) AppleWebKit/537.36 (KHTML, like Gecko) Chrome/92.0.4515.159 Safari/537.36" "-"
2a02:a444:a00:: - - [19/Aug/2021:09:48:27 -0400] "GET /wp-content/uploads/2018/10/cropped-43629453_263925247597305_6262018650635501568_n-32x32.png HTTP/1.1" 200 1635 rotundreviews.com "https://rotundreviews.com/the-exchange" "Mozilla/5.0 (Windows NT 10.0; Win64; x64) AppleWebKit/537.36 (KHTML, like Gecko) Chrome/92.0.4515.159 Safari/537.36" "-"
100.24.120.0 - - [19/Aug/2021:09:48:28 -0400] "GET /riders-of-justice HTTP/1.1" 200 13954 rotundreviews.com "-" "Buck/2.2; (+https://app.hypefactors.com/media-monitoring/about.html)" "-"
114.119.137.0 - - [19/Aug/2021:09:50:34 -0400] "GET /tag/evangeline-lilly HTTP/1.1" 200 33349 rotundreviews.com "-" "Mozilla/5.0 (Linux; Android 7.0;) AppleWebKit/537.36 (KHTML, like Gecko) Mobile Safari/537.36 (compatible; PetalBot;+https://webmaster.petalsearch.com/site/petalbot)" "-"
66.249.69.0 - - [19/Aug/2021:09:51:05 -0400] "GET /groupers?fbclid=IwAR18uq_NnbGPIMFNNrhPqL2giJ2mUC2YAQ7ahlpoplcXETAoGNJC9XmfupQ HTTP/1.1" 200 61966 rotundreviews.com "-" "Mozilla/5.0 (Linux; Android 6.0.1; Nexus 5X Build/MMB29P) AppleWebKit/537.36 (KHTML, like Gecko) Chrome/92.0.4515.119 Mobile Safari/537.36 (compatible; Googlebot/2.1; +http://www.google.com/bot.html)" "-"
93.76.164.0 - - [19/Aug/2021:09:51:40 -0400] "GET /wp-content/uploads/2019/06/The-Cleaning-Lady.png HTTP/1.1" 200 729740 rotundreviews.com "https://www.google.com/" "Mozilla/5.0 (Windows NT 10.0; Win64; x64; rv:91.0) Gecko/20100101 Firefox/91.0" "-"
74.208.57.0 - - [19/Aug/2021:09:52:32 -0400] "POST /wp-cron.php?doing_wp_cron=1629381152.5032870769500732421875 HTTP/1.1" 200 - rotundreviews.com "https://rotundreviews.com/wp-cron.php?doing_wp_cron=1629381152.5032870769500732421875" "WordPress/5.7.2; https://rotundreviews.com" "-"
54.36.148.0 - - [19/Aug/2021:09:52:32 -0400] "GET /tag/paul-sorvino HTTP/1.1" 200 33182 rotundreviews.com "-" "Mozilla/5.0 (compatible; AhrefsBot/7.0; +http://ahrefs.com/robot/)" "-"
114.119.137.0 - - [19/Aug/2021:09:52:35 -0400] "GET /tag/vahid-gold HTTP/1.1" 200 33302 rotundreviews.com "-" "Mozilla/5.0 (Linux; Android 7.0;) AppleWebKit/537.36 (KHTML, like Gecko) Mobile Safari/537.36 (compatible; PetalBot;+https://webmaster.petalsearch.com/site/petalbot)" "-"
66.249.69.0 - - [19/Aug/2021:09:53:27 -0400] "GET /tag/veronica-cartwright HTTP/1.1" 200 33121 rotundreviews.com "-" "Mozilla/5.0 (compatible; Googlebot/2.1; +http://www.google.com/bot.html)" "-"
114.119.137.0 - - [19/Aug/2021:09:54:33 -0400] "GET /tag/david-morse HTTP/1.1" 200 33090 rotundreviews.com "-" "Mozilla/5.0 (Linux; Android 7.0;) AppleWebKit/537.36 (KHTML, like Gecko) Mobile Safari/537.36 (compatible; PetalBot;+https://webmaster.petalsearch.com/site/petalbot)" "-"
132.226.133.0 - - [19/Aug/2021:09:55:48 -0400] "GET /wp-content/uploads/2018/10/Love-At-Sea-326x245.png HTTP/1.1" 200 165887 rotundreviews.com "https://www.google.com" "Crawling at Home Project (http://cah.io.community)" "-"
66.249.69.0 - - [19/Aug/2021:09:56:41 -0400] "GET /ode-to-joy HTTP/1.1" 200 64478 rotundreviews.com "-" "Mozilla/5.0 (compatible; Googlebot/2.1; +http://www.google.com/bot.html)" "-"
114.119.137.0 - - [19/Aug/2021:09:57:00 -0400] "GET /tag/matt-passmore HTTP/1.1" 200 33100 rotundreviews.com "-" "Mozilla/5.0 (Linux; Android 7.0;) AppleWebKit/537.36 (KHTML, like Gecko) Mobile Safari/537.36 (compatible; PetalBot;+https://webmaster.petalsearch.com/site/petalbot)" "-"
85.108.110.0 - - [19/Aug/2021:09:58:55 -0400] "GET /wp-content/uploads/2018/12/The-Captive-678x381.png HTTP/1.1" 200 362712 rotundreviews.com "https://www.google.com/" "Mozilla/5.0 (Windows NT 10.0; Win64; x64) AppleWebKit/537.36 (KHTML, like Gecko) Chrome/92.0.4515.159 Safari/537.36" "-"
114.119.137.0 - - [19/Aug/2021:09:59:07 -0400] "GET /tag/leave-no-trace HTTP/1.1" 200 33203 rotundreviews.com "-" "Mozilla/5.0 (Linux; Android 7.0;) AppleWebKit/537.36 (KHTML, like Gecko) Mobile Safari/537.36 (compatible; PetalBot;+https://webmaster.petalsearch.com/site/petalbot)" "-"
66.249.69.0 - - [19/Aug/2021:09:59:16 -0400] "GET /tag/joanne-mcgrath HTTP/1.1" 200 33189 rotundreviews.com "-" "Mozilla/5.0 (Linux; Android 6.0.1; Nexus 5X Build/MMB29P) AppleWebKit/537.36 (KHTML, like Gecko) Chrome/92.0.4515.119 Mobile Safari/537.36 (compatible; Googlebot/2.1; +http://www.google.com/bot.html)" "-"
54.36.148.0 - - [19/Aug/2021:10:00:32 -0400] "GET /tag/alex-essoe HTTP/1.1" 200 35342 rotundreviews.com "-" "Mozilla/5.0 (compatible; AhrefsBot/7.0; +http://ahrefs.com/robot/)" "-"
114.119.137.0 - - [19/Aug/2021:10:01:04 -0400] "GET /tag/bohemian-rhapsody HTTP/1.1" 200 33345 rotundreviews.com "-" "Mozilla/5.0 (Linux; Android 7.0;) AppleWebKit/537.36 (KHTML, like Gecko) Mobile Safari/537.36 (compatible; PetalBot;+https://webmaster.petalsearch.com/site/petalbot)" "-"
92.40.28.0 - - [19/Aug/2021:10:01:09 -0400] "GET /wp-content/uploads/2018/10/The-Howling-678x381.png HTTP/1.1" 200 201665 rotundreviews.com "https://www.google.com/" "Mozilla/5.0 (Windows NT 10.0; Win64; x64) AppleWebKit/537.36 (KHTML, like Gecko) Chrome/92.0.4515.159 Safari/537.36" "-"
74.208.57.0 - - [19/Aug/2021:10:03:03 -0400] "POST /wp-cron.php?doing_wp_cron=1629381783.9584980010986328125000 HTTP/1.1" 200 - rotundreviews.com "https://rotundreviews.com/wp-cron.php?doing_wp_cron=1629381783.9584980010986328125000" "WordPress/5.7.2; https://rotundreviews.com" "-"
77.75.76.0 - - [19/Aug/2021:10:03:03 -0400] "GET /robots.txt HTTP/1.1" 200 166 rotundreviews.com "-" "Mozilla/5.0 (compatible; SeznamBot/3.2; +http://napoveda.seznam.cz/en/seznambot-intro/)" "-"
114.119.137.0 - - [19/Aug/2021:10:03:07 -0400] "GET /tag/skylan-brooks HTTP/1.1" 200 35563 rotundreviews.com "-" "Mozilla/5.0 (Linux; Android 7.0;) AppleWebKit/537.36 (KHTML, like Gecko) Mobile Safari/537.36 (compatible; PetalBot;+https://webmaster.petalsearch.com/site/petalbot)" "-"
2a02:598:bb00:: - - [19/Aug/2021:10:03:07 -0400] "GET /bumblebee HTTP/1.1" 200 59759 rotundreviews.com "-" "Mozilla/5.0 (compatible; SeznamBot/3.2; +http://napoveda.seznam.cz/en/seznambot-intro/)" "-"
5.45.207.0 - - [19/Aug/2021:10:04:32 -0400] "GET /robots.txt HTTP/1.1" 200 166 rotundreviews.com "-" "Mozilla/5.0 (compatible; YandexBot/3.0; +http://yandex.com/bots)" "-"
2a03:2880:2700:: - - [19/Aug/2021:10:04:35 -0400] "GET /wp-content/uploads/2021/08/Fireboys_FilmStill_13.png HTTP/1.1" 200 2616329 rotundreviews.com "-" "facebookexternalhit/1.1 (+http://www.facebook.com/externalhit_uatext.php)" "-"
2a03:2880:2700:: - - [19/Aug/2021:10:04:35 -0400] "GET /wp-content/uploads/2021/07/3.png HTTP/1.1" 200 2433527 rotundreviews.com "-" "facebookexternalhit/1.1 (+http://www.facebook.com/externalhit_uatext.php)" "-"
2a03:2880:2400:: - - [19/Aug/2021:10:04:35 -0400] "GET /wp-content/uploads/2021/08/val-VKIL_2021_FrameGrab_3840x2160_00016_rgb-scaled.jpg HTTP/1.1" 200 254094 rotundreviews.com "-" "facebookexternalhit/1.1 (+http://www.facebook.com/externalhit_uatext.php)" "-"
5.255.253.0 - - [19/Aug/2021:10:04:36 -0400] "GET /tag/michael-carter HTTP/1.1" 200 33193 rotundreviews.com "-" "Mozilla/5.0 (compatible; YandexBot/3.0; +http://yandex.com/bots)" "-"
114.119.137.0 - - [19/Aug/2021:10:05:28 -0400] "GET /sitemap-pt-page-2018-09.html HTTP/1.1" 200 1320 rotundreviews.com "-" "Mozilla/5.0 (Linux; Android 7.0;) AppleWebKit/537.36 (KHTML, like Gecko) Mobile Safari/537.36 (compatible; PetalBot;+https://webmaster.petalsearch.com/site/petalbot)" "-"
2a03:2880:2100:: - - [19/Aug/2021:10:06:22 -0400] "GET /wp-content/uploads/2021/08/val-VKIL_2021_FrameGrab_3840x2160_00016_rgb-scaled.jpg HTTP/1.1" 200 254094 rotundreviews.com "-" "facebookexternalhit/1.1 (+http://www.facebook.com/externalhit_uatext.php)" "-"
2a03:2880:2100:: - - [19/Aug/2021:10:06:23 -0400] "GET /wp-content/uploads/2021/08/Fireboys_FilmStill_13.png HTTP/1.1" 200 2616329 rotundreviews.com "-" "facebookexternalhit/1.1 (+http://www.facebook.com/externalhit_uatext.php)" "-"
54.36.148.0 - - [19/Aug/2021:10:07:05 -0400] "GET /tag/ileana-douglas HTTP/1.1" 200 39481 rotundreviews.com "-" "Mozilla/5.0 (compatible; AhrefsBot/7.0; +http://ahrefs.com/robot/)" "-"
114.119.137.0 - - [19/Aug/2021:10:07:36 -0400] "GET /love-in-design HTTP/1.1" 200 60134 rotundreviews.com "-" "Mozilla/5.0 (compatible;PetalBot;+https://webmaster.petalsearch.com/site/petalbot)" "-"
185.191.171.0 - - [19/Aug/2021:10:08:08 -0400] "GET /let-him-go HTTP/1.1" 200 61262 rotundreviews.com "-" "Mozilla/5.0 (compatible; SemrushBot/7~bl; +http://www.semrush.com/bot.html)" "-"
114.119.137.0 - - [19/Aug/2021:10:09:37 -0400] "GET /tag/pam-grier HTTP/1.1" 200 34065 rotundreviews.com "-" "Mozilla/5.0 (Linux; Android 7.0;) AppleWebKit/537.36 (KHTML, like Gecko) Mobile Safari/537.36 (compatible; PetalBot;+https://webmaster.petalsearch.com/site/petalbot)" "-"
2a03:2880:2000:: - - [19/Aug/2021:10:10:33 -0400] "GET /val HTTP/1.1" 200 13576 rotundreviews.com "-" "facebookexternalhit/1.1 (+http://www.facebook.com/externalhit_uatext.php)" "-"
114.119.137.0 - - [19/Aug/2021:10:11:38 -0400] "GET /tag/always-be-my-maybe HTTP/1.1" 200 33346 rotundreviews.com "-" "Mozilla/5.0 (Linux; Android 7.0;) AppleWebKit/537.36 (KHTML, like Gecko) Mobile Safari/537.36 (compatible; PetalBot;+https://webmaster.petalsearch.com/site/petalbot)" "-"
185.191.171.0 - - [19/Aug/2021:10:12:23 -0400] "GET /tag/richard-roxburgh HTTP/1.1" 200 33230 rotundreviews.com "-" "Mozilla/5.0 (compatible; SemrushBot/7~bl; +http://www.semrush.com/bot.html)" "-"
66.249.69.0 - - [19/Aug/2021:10:12:37 -0400] "GET /tag/michael-varde HTTP/1.1" 200 33140 rotundreviews.com "-" "Mozilla/5.0 (compatible; Googlebot/2.1; +http://www.google.com/bot.html)" "-"
157.55.39.0 - - [19/Aug/2021:10:13:03 -0400] "GET /tag/madison-west HTTP/1.1" 200 33099 rotundreviews.com "-" "Mozilla/5.0 (compatible; bingbot/2.0; +http://www.bing.com/bingbot.htm)" "-"
74.208.57.0 - - [19/Aug/2021:10:14:01 -0400] "POST /wp-cron.php?doing_wp_cron=1629382441.6037828922271728515625 HTTP/1.1" 200 - rotundreviews.com "https://rotundreviews.com/wp-cron.php?doing_wp_cron=1629382441.6037828922271728515625" "WordPress/5.7.2; https://rotundreviews.com" "-"
114.119.137.0 - - [19/Aug/2021:10:14:01 -0400] "GET /tag/frank-cassini HTTP/1.1" 200 33125 rotundreviews.com "-" "Mozilla/5.0 (Linux; Android 7.0;) AppleWebKit/537.36 (KHTML, like Gecko) Mobile Safari/537.36 (compatible; PetalBot;+https://webmaster.petalsearch.com/site/petalbot)" "-"
54.36.148.0 - - [19/Aug/2021:10:14:28 -0400] "GET /tag/john-leguizamo HTTP/1.1" 200 33048 rotundreviews.com "-" "Mozilla/5.0 (compatible; AhrefsBot/7.0; +http://ahrefs.com/robot/)" "-"
66.249.69.0 - - [19/Aug/2021:10:15:44 -0400] "GET /feed HTTP/1.1" 200 29491 rotundreviews.com "-" "Mozilla/5.0 (compatible; Googlebot/2.1; +http://www.google.com/bot.html)" "-"
114.119.137.0 - - [19/Aug/2021:10:16:06 -0400] "GET /tag/shirley-henderson HTTP/1.1" 200 33235 rotundreviews.com "-" "Mozilla/5.0 (Linux; Android 7.0;) AppleWebKit/537.36 (KHTML, like Gecko) Mobile Safari/537.36 (compatible; PetalBot;+https://webmaster.petalsearch.com/site/petalbot)" "-"
2a02:a444:a00:: - - [19/Aug/2021:10:16:57 -0400] "GET /?wordfence_lh=1&hid=295C021AF410C785220CD55B0675135C&r=0.0716283491516998 HTTP/1.1" 200 - rotundreviews.com "https://rotundreviews.com/the-exchange" "Mozilla/5.0 (Windows NT 10.0; Win64; x64) AppleWebKit/537.36 (KHTML, like Gecko) Chrome/92.0.4515.159 Safari/537.36" "-"
114.119.137.0 - - [19/Aug/2021:10:18:03 -0400] "GET /tag/honor-kneafsey HTTP/1.1" 200 36170 rotundreviews.com "-" "Mozilla/5.0 (Linux; Android 7.0;) AppleWebKit/537.36 (KHTML, like Gecko) Mobile Safari/537.36 (compatible; PetalBot;+https://webmaster.petalsearch.com/site/petalbot)" "-"
66.249.69.0 - - [19/Aug/2021:10:19:11 -0400] "GET /middleton-christmas HTTP/1.1" 200 63094 rotundreviews.com "-" "Mozilla/5.0 (Linux; Android 6.0.1; Nexus 5X Build/MMB29P) AppleWebKit/537.36 (KHTML, like Gecko) Chrome/92.0.4515.119 Mobile Safari/537.36 (compatible; Googlebot/2.1; +http://www.google.com/bot.html)" "-"
24.202.89.0 - - [19/Aug/2021:10:19:15 -0400] "GET / HTTP/1.1" 200 14443 rotundreviews.com "-" "Mozilla/5.0 (Macintosh; Intel Mac OS X 10_14_6) AppleWebKit/537.36 (KHTML, like Gecko) Chrome/92.0.4515.131 Safari/537.36" "-"
24.202.89.0 - - [19/Aug/2021:10:19:16 -0400] "GET /wp-content/plugins/wp-review-pro/public/css/comments.css HTTP/1.1" 200 1634 rotundreviews.com "https://rotundreviews.com/" "Mozilla/5.0 (Macintosh; Intel Mac OS X 10_14_6) AppleWebKit/537.36 (KHTML, like Gecko) Chrome/92.0.4515.131 Safari/537.36" "-"
24.202.89.0 - - [19/Aug/2021:10:19:16 -0400] "GET /wp-includes/css/dist/block-library/style.min.css HTTP/1.1" 200 10975 rotundreviews.com "https://rotundreviews.com/" "Mozilla/5.0 (Macintosh; Intel Mac OS X 10_14_6) AppleWebKit/537.36 (KHTML, like Gecko) Chrome/92.0.4515.131 Safari/537.36" "-"
24.202.89.0 - - [19/Aug/2021:10:19:16 -0400] "GET /wp-content/themes/mh-magazine/style.css HTTP/1.1" 200 20678 rotundreviews.com "https://rotundreviews.com/" "Mozilla/5.0 (Macintosh; Intel Mac OS X 10_14_6) AppleWebKit/537.36 (KHTML, like Gecko) Chrome/92.0.4515.131 Safari/537.36" "-"
24.202.89.0 - - [19/Aug/2021:10:19:16 -0400] "GET /wp-content/plugins/custom-twitter-feeds/css/ctf-styles.min.css HTTP/1.1" 200 3383 rotundreviews.com "https://rotundreviews.com/" "Mozilla/5.0 (Macintosh; Intel Mac OS X 10_14_6) AppleWebKit/537.36 (KHTML, like Gecko) Chrome/92.0.4515.131 Safari/537.36" "-"
24.202.89.0 - - [19/Aug/2021:10:19:16 -0400] "GET /wp-content/themes/mh-magazine/includes/font-awesome.min.css HTTP/1.1" 200 7930 rotundreviews.com "https://rotundreviews.com/" "Mozilla/5.0 (Macintosh; Intel Mac OS X 10_14_6) AppleWebKit/537.36 (KHTML, like Gecko) Chrome/92.0.4515.131 Safari/537.36" "-"
24.202.89.0 - - [19/Aug/2021:10:19:16 -0400] "GET /wp-content/plugins/wp-review-pro/public/css/font-awesome.min.css HTTP/1.1" 200 7930 rotundreviews.com "https://rotundreviews.com/" "Mozilla/5.0 (Macintosh; Intel Mac OS X 10_14_6) AppleWebKit/537.36 (KHTML, like Gecko) Chrome/92.0.4515.131 Safari/537.36" "-"
24.202.89.0 - - [19/Aug/2021:10:19:16 -0400] "GET /wp-content/plugins/wp-review-pro/public/css/magnific-popup.css HTTP/1.1" 200 2107 rotundreviews.com "https://rotundreviews.com/" "Mozilla/5.0 (Macintosh; Intel Mac OS X 10_14_6) AppleWebKit/537.36 (KHTML, like Gecko) Chrome/92.0.4515.131 Safari/537.36" "-"
24.202.89.0 - - [19/Aug/2021:10:19:16 -0400] "GET /wp-includes/js/jquery/jquery-migrate.min.js HTTP/1.1" 200 4563 rotundreviews.com "https://rotundreviews.com/" "Mozilla/5.0 (Macintosh; Intel Mac OS X 10_14_6) AppleWebKit/537.36 (KHTML, like Gecko) Chrome/92.0.4515.131 Safari/537.36" "-"
24.202.89.0 - - [19/Aug/2021:10:19:16 -0400] "GET /wp-includes/js/jquery/jquery.min.js HTTP/1.1" 200 36153 rotundreviews.com "https://rotundreviews.com/" "Mozilla/5.0 (Macintosh; Intel Mac OS X 10_14_6) AppleWebKit/537.36 (KHTML, like Gecko) Chrome/92.0.4515.131 Safari/537.36" "-"
24.202.89.0 - - [19/Aug/2021:10:19:16 -0400] "GET /wp-content/plugins/wp-review-pro/public/css/wp-review.css HTTP/1.1" 200 8844 rotundreviews.com "https://rotundreviews.com/" "Mozilla/5.0 (Macintosh; Intel Mac OS X 10_14_6) AppleWebKit/537.36 (KHTML, like Gecko) Chrome/92.0.4515.131 Safari/537.36" "-"
24.202.89.0 - - [19/Aug/2021:10:19:16 -0400] "GET /wp-content/themes/mh-magazine/js/scripts.js HTTP/1.1" 200 13892 rotundreviews.com "https://rotundreviews.com/" "Mozilla/5.0 (Macintosh; Intel Mac OS X 10_14_6) AppleWebKit/537.36 (KHTML, like Gecko) Chrome/92.0.4515.131 Safari/537.36" "-"
24.202.89.0 - - [19/Aug/2021:10:19:16 -0400] "GET /wp-content/plugins/wp-review-pro/public/js/js.cookie.min.js HTTP/1.1" 200 916 rotundreviews.com "https://rotundreviews.com/" "Mozilla/5.0 (Macintosh; Intel Mac OS X 10_14_6) AppleWebKit/537.36 (KHTML, like Gecko) Chrome/92.0.4515.131 Safari/537.36" "-"
24.202.89.0 - - [19/Aug/2021:10:19:16 -0400] "GET /wp-content/plugins/wp-review-pro/public/js/stacktable.js HTTP/1.1" 200 2370 rotundreviews.com "https://rotundreviews.com/" "Mozilla/5.0 (Macintosh; Intel Mac OS X 10_14_6) AppleWebKit/537.36 (KHTML, like Gecko) Chrome/92.0.4515.131 Safari/537.36" "-"
24.202.89.0 - - [19/Aug/2021:10:19:17 -0400] "GET /wp-content/plugins/wp-review-pro/public/js/jquery.appear.js HTTP/1.1" 200 1067 rotundreviews.com "https://rotundreviews.com/" "Mozilla/5.0 (Macintosh; Intel Mac OS X 10_14_6) AppleWebKit/537.36 (KHTML, like Gecko) Chrome/92.0.4515.131 Safari/537.36" "-"
24.202.89.0 - - [19/Aug/2021:10:19:17 -0400] "GET /wp-content/plugins/wp-review-pro/public/js/jquery.exitIntent.js HTTP/1.1" 200 624 rotundreviews.com "https://rotundreviews.com/" "Mozilla/5.0 (Macintosh; Intel Mac OS X 10_14_6) AppleWebKit/537.36 (KHTML, like Gecko) Chrome/92.0.4515.131 Safari/537.36" "-"
24.202.89.0 - - [19/Aug/2021:10:19:17 -0400] "GET /wp-content/plugins/wp-review-pro/public/js/jquery.magnific-popup.min.js HTTP/1.1" 200 8274 rotundreviews.com "https://rotundreviews.com/" "Mozilla/5.0 (Macintosh; Intel Mac OS X 10_14_6) AppleWebKit/537.36 (KHTML, like Gecko) Chrome/92.0.4515.131 Safari/537.36" "-"
24.202.89.0 - - [19/Aug/2021:10:19:17 -0400] "GET /wp-includes/js/underscore.min.js HTTP/1.1" 200 6396 rotundreviews.com "https://rotundreviews.com/" "Mozilla/5.0 (Macintosh; Intel Mac OS X 10_14_6) AppleWebKit/537.36 (KHTML, like Gecko) Chrome/92.0.4515.131 Safari/537.36" "-"
24.202.89.0 - - [19/Aug/2021:10:19:17 -0400] "GET /wp-includes/js/wp-util.min.js HTTP/1.1" 200 602 rotundreviews.com "https://rotundreviews.com/" "Mozilla/5.0 (Macintosh; Intel Mac OS X 10_14_6) AppleWebKit/537.36 (KHTML, like Gecko) Chrome/92.0.4515.131 Safari/537.36" "-"
24.202.89.0 - - [19/Aug/2021:10:19:17 -0400] "GET /wp-content/plugins/wp-review-pro/public/js/main.js HTTP/1.1" 200 4476 rotundreviews.com "https://rotundreviews.com/" "Mozilla/5.0 (Macintosh; Intel Mac OS X 10_14_6) AppleWebKit/537.36 (KHTML, like Gecko) Chrome/92.0.4515.131 Safari/537.36" "-"
24.202.89.0 - - [19/Aug/2021:10:19:17 -0400] "GET /wp-content/plugins/wp-review-pro/public/js/jquery.knob.min.js HTTP/1.1" 200 7126 rotundreviews.com "https://rotundreviews.com/" "Mozilla/5.0 (Macintosh; Intel Mac OS X 10_14_6) AppleWebKit/537.36 (KHTML, like Gecko) Chrome/92.0.4515.131 Safari/537.36" "-"
24.202.89.0 - - [19/Aug/2021:10:19:17 -0400] "GET /wp-content/uploads/2018/10/42863945_241300576535983_4831307105229078528_n.jpg HTTP/1.1" 200 50370 rotundreviews.com "https://rotundreviews.com/" "Mozilla/5.0 (Macintosh; Intel Mac OS X 10_14_6) AppleWebKit/537.36 (KHTML, like Gecko) Chrome/92.0.4515.131 Safari/537.36" "-"
24.202.89.0 - - [19/Aug/2021:10:19:17 -0400] "GET /wp-includes/js/wp-embed.min.js HTTP/1.1" 200 779 rotundreviews.com "https://rotundreviews.com/" "Mozilla/5.0 (Macintosh; Intel Mac OS X 10_14_6) AppleWebKit/537.36 (KHTML, like Gecko) Chrome/92.0.4515.131 Safari/537.36" "-"
24.202.89.0 - - [19/Aug/2021:10:19:17 -0400] "GET /wp-includes/js/wp-emoji-release.min.js HTTP/1.1" 200 5273 rotundreviews.com "https://rotundreviews.com/" "Mozilla/5.0 (Macintosh; Intel Mac OS X 10_14_6) AppleWebKit/537.36 (KHTML, like Gecko) Chrome/92.0.4515.131 Safari/537.36" "-"
24.202.89.0 - - [19/Aug/2021:10:19:17 -0400] "GET /wp-content/uploads/2020/06/The-Dead-Lands-326x245.png HTTP/1.1" 200 154086 rotundreviews.com "https://rotundreviews.com/" "Mozilla/5.0 (Macintosh; Intel Mac OS X 10_14_6) AppleWebKit/537.36 (KHTML, like Gecko) Chrome/92.0.4515.131 Safari/537.36" "-"
24.202.89.0 - - [19/Aug/2021:10:19:17 -0400] "GET /wp-content/uploads/2021/08/val-VKIL_2021_FrameGrab_3840x2160_00016_rgb-678x509.jpg HTTP/1.1" 200 38666 rotundreviews.com "https://rotundreviews.com/" "Mozilla/5.0 (Macintosh; Intel Mac OS X 10_14_6) AppleWebKit/537.36 (KHTML, like Gecko) Chrome/92.0.4515.131 Safari/537.36" "-"
24.202.89.0 - - [19/Aug/2021:10:19:17 -0400] "GET /wp-content/plugins/wp-review-pro/public/fonts/fontawesome-webfont.woff2?v=4.7.0 HTTP/1.1" 200 77160 rotundreviews.com "https://rotundreviews.com/wp-content/plugins/wp-review-pro/public/css/font-awesome.min.css" "Mozilla/5.0 (Macintosh; Intel Mac OS X 10_14_6) AppleWebKit/537.36 (KHTML, like Gecko) Chrome/92.0.4515.131 Safari/537.36" "-"
24.202.89.0 - - [19/Aug/2021:10:19:17 -0400] "GET /wp-content/uploads/2020/11/Echo-Boomers-678x438.png HTTP/1.1" 200 559761 rotundreviews.com "https://rotundreviews.com/" "Mozilla/5.0 (Macintosh; Intel Mac OS X 10_14_6) AppleWebKit/537.36 (KHTML, like Gecko) Chrome/92.0.4515.131 Safari/537.36" "-"
24.202.89.0 - - [19/Aug/2021:10:19:17 -0400] "GET /wp-content/uploads/2021/08/val-VKIL_2021_FrameGrab_3840x2160_00016_rgb-1536x864.jpg HTTP/1.1" 200 109348 rotundreviews.com "https://rotundreviews.com/" "Mozilla/5.0 (Macintosh; Intel Mac OS X 10_14_6) AppleWebKit/537.36 (KHTML, like Gecko) Chrome/92.0.4515.131 Safari/537.36" "-"
24.202.89.0 - - [19/Aug/2021:10:19:17 -0400] "GET /wp-content/uploads/2020/09/No_Escape_7-678x509.jpg HTTP/1.1" 200 25745 rotundreviews.com "https://rotundreviews.com/" "Mozilla/5.0 (Macintosh; Intel Mac OS X 10_14_6) AppleWebKit/537.36 (KHTML, like Gecko) Chrome/92.0.4515.131 Safari/537.36" "-"
24.202.89.0 - - [19/Aug/2021:10:19:17 -0400] "GET /wp-content/uploads/2020/09/RentAPalStill5-678x509.jpg HTTP/1.1" 200 42989 rotundreviews.com "https://rotundreviews.com/" "Mozilla/5.0 (Macintosh; Intel Mac OS X 10_14_6) AppleWebKit/537.36 (KHTML, like Gecko) Chrome/92.0.4515.131 Safari/537.36" "-"
24.202.89.0 - - [19/Aug/2021:10:19:17 -0400] "GET /wp-content/uploads/2020/09/save_yourselves_stills_002-new-678x509.png HTTP/1.1" 200 550793 rotundreviews.com "https://rotundreviews.com/" "Mozilla/5.0 (Macintosh; Intel Mac OS X 10_14_6) AppleWebKit/537.36 (KHTML, like Gecko) Chrome/92.0.4515.131 Safari/537.36" "-"
24.202.89.0 - - [19/Aug/2021:10:19:17 -0400] "GET /wp-content/uploads/2020/09/The-Owners-326x245.png HTTP/1.1" 200 174888 rotundreviews.com "https://rotundreviews.com/" "Mozilla/5.0 (Macintosh; Intel Mac OS X 10_14_6) AppleWebKit/537.36 (KHTML, like Gecko) Chrome/92.0.4515.131 Safari/537.36" "-"
24.202.89.0 - - [19/Aug/2021:10:19:17 -0400] "GET /?wordfence_lh=1&hid=8D527C91CA9A08978711148B23D2740F&r=0.4669261743373394 HTTP/1.1" 200 - rotundreviews.com "https://rotundreviews.com/" "Mozilla/5.0 (Macintosh; Intel Mac OS X 10_14_6) AppleWebKit/537.36 (KHTML, like Gecko) Chrome/92.0.4515.131 Safari/537.36" "-"
24.202.89.0 - - [19/Aug/2021:10:19:17 -0400] "GET /wp-content/uploads/2018/10/cropped-43629453_263925247597305_6262018650635501568_n-32x32.png HTTP/1.1" 200 1635 rotundreviews.com "https://rotundreviews.com/" "Mozilla/5.0 (Macintosh; Intel Mac OS X 10_14_6) AppleWebKit/537.36 (KHTML, like Gecko) Chrome/92.0.4515.131 Safari/537.36" "-"
24.202.89.0 - - [19/Aug/2021:10:19:18 -0400] "GET /wp-content/uploads/2021/08/val-VKIL_2021_FrameGrab_3840x2160_00016_rgb-1030x438.jpg HTTP/1.1" 200 45555 rotundreviews.com "https://rotundreviews.com/" "Mozilla/5.0 (Macintosh; Intel Mac OS X 10_14_6) AppleWebKit/537.36 (KHTML, like Gecko) Chrome/92.0.4515.131 Safari/537.36" "-"
24.202.89.0 - - [19/Aug/2021:10:19:19 -0400] "GET /wp-content/uploads/2018/09/The-First-Purge-326x245.png HTTP/1.1" 200 110102 rotundreviews.com "https://rotundreviews.com/" "Mozilla/5.0 (Macintosh; Intel Mac OS X 10_14_6) AppleWebKit/537.36 (KHTML, like Gecko) Chrome/92.0.4515.131 Safari/537.36" "-"
24.202.89.0 - - [19/Aug/2021:10:19:19 -0400] "GET /wp-content/uploads/2021/05/Riders-of-Justice-326x245.png HTTP/1.1" 200 139905 rotundreviews.com "https://rotundreviews.com/" "Mozilla/5.0 (Macintosh; Intel Mac OS X 10_14_6) AppleWebKit/537.36 (KHTML, like Gecko) Chrome/92.0.4515.131 Safari/537.36" "-"
24.202.89.0 - - [19/Aug/2021:10:19:19 -0400] "GET /wp-content/uploads/2018/12/The-Equalizer-2-326x245.png HTTP/1.1" 200 135822 rotundreviews.com "https://rotundreviews.com/" "Mozilla/5.0 (Macintosh; Intel Mac OS X 10_14_6) AppleWebKit/537.36 (KHTML, like Gecko) Chrome/92.0.4515.131 Safari/537.36" "-"
24.202.89.0 - - [19/Aug/2021:10:19:19 -0400] "GET /wp-content/uploads/2018/11/The-Christmas-Train-326x245.png HTTP/1.1" 200 170700 rotundreviews.com "https://rotundreviews.com/" "Mozilla/5.0 (Macintosh; Intel Mac OS X 10_14_6) AppleWebKit/537.36 (KHTML, like Gecko) Chrome/92.0.4515.131 Safari/537.36" "-"
24.202.89.0 - - [19/Aug/2021:10:19:19 -0400] "GET /wp-content/uploads/2021/07/3-678x509.png HTTP/1.1" 200 482228 rotundreviews.com "https://rotundreviews.com/" "Mozilla/5.0 (Macintosh; Intel Mac OS X 10_14_6) AppleWebKit/537.36 (KHTML, like Gecko) Chrome/92.0.4515.131 Safari/537.36" "-"
24.202.89.0 - - [19/Aug/2021:10:19:24 -0400] "GET /wp-content/uploads/2021/08/Fireboys_FilmStill_13-1030x438.png HTTP/1.1" 200 604860 rotundreviews.com "https://rotundreviews.com/" "Mozilla/5.0 (Macintosh; Intel Mac OS X 10_14_6) AppleWebKit/537.36 (KHTML, like Gecko) Chrome/92.0.4515.131 Safari/537.36" "-"
24.202.89.0 - - [19/Aug/2021:10:19:25 -0400] "GET /about-us HTTP/1.1" 200 7291 rotundreviews.com "https://rotundreviews.com/" "Mozilla/5.0 (Macintosh; Intel Mac OS X 10_14_6) AppleWebKit/537.36 (KHTML, like Gecko) Chrome/92.0.4515.131 Safari/537.36" "-"
24.202.89.0 - - [19/Aug/2021:10:19:26 -0400] "POST /wp-admin/admin-ajax.php HTTP/1.1" 200 10206 rotundreviews.com "https://rotundreviews.com/about-us" "Mozilla/5.0 (Macintosh; Intel Mac OS X 10_14_6) AppleWebKit/537.36 (KHTML, like Gecko) Chrome/92.0.4515.131 Safari/537.36" "-"
24.202.89.0 - - [19/Aug/2021:10:19:26 -0400] "POST /wp-admin/admin-ajax.php HTTP/1.1" 200 10206 rotundreviews.com "https://rotundreviews.com/about-us" "Mozilla/5.0 (Macintosh; Intel Mac OS X 10_14_6) AppleWebKit/537.36 (KHTML, like Gecko) Chrome/92.0.4515.131 Safari/537.36" "-"
24.202.89.0 - - [19/Aug/2021:10:19:26 -0400] "POST /wp-admin/admin-ajax.php HTTP/1.1" 200 10371 rotundreviews.com "https://rotundreviews.com/about-us" "Mozilla/5.0 (Macintosh; Intel Mac OS X 10_14_6) AppleWebKit/537.36 (KHTML, like Gecko) Chrome/92.0.4515.131 Safari/537.36" "-"
24.202.89.0 - - [19/Aug/2021:10:19:26 -0400] "GET /wp-content/uploads/2021/08/val-VKIL_2021_FrameGrab_3840x2160_00016_rgb-150x150.jpg HTTP/1.1" 200 4847 rotundreviews.com "https://rotundreviews.com/about-us" "Mozilla/5.0 (Macintosh; Intel Mac OS X 10_14_6) AppleWebKit/537.36 (KHTML, like Gecko) Chrome/92.0.4515.131 Safari/537.36" "-"
24.202.89.0 - - [19/Aug/2021:10:19:26 -0400] "GET /wp-content/uploads/2021/07/RIDETHEEAGLE_Still_1-150x150.jpg HTTP/1.1" 200 9874 rotundreviews.com "https://rotundreviews.com/about-us" "Mozilla/5.0 (Macintosh; Intel Mac OS X 10_14_6) AppleWebKit/537.36 (KHTML, like Gecko) Chrome/92.0.4515.131 Safari/537.36" "-"
24.202.89.0 - - [19/Aug/2021:10:19:26 -0400] "GET /wp-content/uploads/2021/07/LASTCALL_STILL_01-150x150.jpg HTTP/1.1" 200 6848 rotundreviews.com "https://rotundreviews.com/about-us" "Mozilla/5.0 (Macintosh; Intel Mac OS X 10_14_6) AppleWebKit/537.36 (KHTML, like Gecko) Chrome/92.0.4515.131 Safari/537.36" "-"
24.202.89.0 - - [19/Aug/2021:10:19:26 -0400] "GET /wp-content/uploads/2021/08/Fireboys_FilmStill_13-150x150.png HTTP/1.1" 200 44445 rotundreviews.com "https://rotundreviews.com/about-us" "Mozilla/5.0 (Macintosh; Intel Mac OS X 10_14_6) AppleWebKit/537.36 (KHTML, like Gecko) Chrome/92.0.4515.131 Safari/537.36" "-"
24.202.89.0 - - [19/Aug/2021:10:19:26 -0400] "GET /wp-content/uploads/2021/07/3-150x150.png HTTP/1.1" 200 41083 rotundreviews.com "https://rotundreviews.com/about-us" "Mozilla/5.0 (Macintosh; Intel Mac OS X 10_14_6) AppleWebKit/537.36 (KHTML, like Gecko) Chrome/92.0.4515.131 Safari/537.36" "-"
24.202.89.0 - - [19/Aug/2021:10:19:26 -0400] "GET /wp-content/uploads/2020/02/Jay-and-Silent-Bob-Reboot-150x150.png HTTP/1.1" 200 46860 rotundreviews.com "https://rotundreviews.com/about-us" "Mozilla/5.0 (Macintosh; Intel Mac OS X 10_14_6) AppleWebKit/537.36 (KHTML, like Gecko) Chrome/92.0.4515.131 Safari/537.36" "-"
24.202.89.0 - - [19/Aug/2021:10:19:26 -0400] "GET /wp-content/uploads/2020/09/RentAPalStill5-150x150.jpg HTTP/1.1" 200 3976 rotundreviews.com "https://rotundreviews.com/about-us" "Mozilla/5.0 (Macintosh; Intel Mac OS X 10_14_6) AppleWebKit/537.36 (KHTML, like Gecko) Chrome/92.0.4515.131 Safari/537.36" "-"
24.202.89.0 - - [19/Aug/2021:10:19:26 -0400] "GET /wp-content/uploads/2020/04/Tammys-Always-Dying-150x150.png HTTP/1.1" 200 43224 rotundreviews.com "https://rotundreviews.com/about-us" "Mozilla/5.0 (Macintosh; Intel Mac OS X 10_14_6) AppleWebKit/537.36 (KHTML, like Gecko) Chrome/92.0.4515.131 Safari/537.36" "-"
24.202.89.0 - - [19/Aug/2021:10:19:26 -0400] "GET /wp-content/uploads/2021/05/3.-Jordie-at-truck-2-150x150.jpg HTTP/1.1" 200 6277 rotundreviews.com "https://rotundreviews.com/about-us" "Mozilla/5.0 (Macintosh; Intel Mac OS X 10_14_6) AppleWebKit/537.36 (KHTML, like Gecko) Chrome/92.0.4515.131 Safari/537.36" "-"
24.202.89.0 - - [19/Aug/2021:10:19:26 -0400] "GET /wp-content/uploads/2020/05/Spaceship-Earth-150x150.png HTTP/1.1" 200 53907 rotundreviews.com "https://rotundreviews.com/about-us" "Mozilla/5.0 (Macintosh; Intel Mac OS X 10_14_6) AppleWebKit/537.36 (KHTML, like Gecko) Chrome/92.0.4515.131 Safari/537.36" "-"
114.119.137.0 - - [19/Aug/2021:10:20:24 -0400] "GET /category/movies/movie-reviews/crime/ HTTP/1.1" 301 - rotundreviews.com "-" "Mozilla/5.0 (Linux; Android 7.0;) AppleWebKit/537.36 (KHTML, like Gecko) Mobile Safari/537.36 (compatible; PetalBot;+https://webmaster.petalsearch.com/site/petalbot)" "-"
114.119.137.0 - - [19/Aug/2021:10:20:26 -0400] "GET /category/movies/movie-reviews/crime HTTP/1.1" 200 57911 rotundreviews.com "-" "Mozilla/5.0 (Linux; Android 7.0;) AppleWebKit/537.36 (KHTML, like Gecko) Mobile Safari/537.36 (compatible; PetalBot;+https://webmaster.petalsearch.com/site/petalbot)" "-"
207.46.13.0 - - [19/Aug/2021:10:20:43 -0400] "GET /tag/cruise HTTP/1.1" 200 32946 rotundreviews.com "-" "Mozilla/5.0 (compatible; bingbot/2.0; +http://www.bing.com/bingbot.htm)" "-"
