66.249.69.0 - - [19/Aug/2021:13:36:25 -0400] "GET /a-clear-shot HTTP/1.1" 200 60731 rotundreviews.com "-" "Mozilla/5.0 (Linux; Android 6.0.1; Nexus 5X Build/MMB29P) AppleWebKit/537.36 (KHTML, like Gecko) Chrome/92.0.4515.119 Mobile Safari/537.36 (compatible; Googlebot/2.1; +http://www.google.com/bot.html)" "-"
66.249.69.0 - - [19/Aug/2021:13:36:42 -0400] "GET /wp-includes/js/wp-embed.min.js HTTP/1.1" 200 779 rotundreviews.com "https://rotundreviews.com/a-clear-shot" "Mozilla/5.0 (Linux; Android 6.0.1; Nexus 5X Build/MMB29P) AppleWebKit/537.36 (KHTML, like Gecko) Chrome/92.0.4515.119 Mobile Safari/537.36 (compatible; Googlebot/2.1; +http://www.google.com/bot.html)" "-"
114.119.137.0 - - [19/Aug/2021:13:37:56 -0400] "GET /tag/sarah-jones HTTP/1.1" 200 33174 rotundreviews.com "-" "Mozilla/5.0 (Linux; Android 7.0;) AppleWebKit/537.36 (KHTML, like Gecko) Mobile Safari/537.36 (compatible; PetalBot;+https://webmaster.petalsearch.com/site/petalbot)" "-"
54.36.148.0 - - [19/Aug/2021:13:38:08 -0400] "GET /7500-2 HTTP/1.1" 200 61794 rotundreviews.com "-" "Mozilla/5.0 (compatible; AhrefsBot/7.0; +http://ahrefs.com/robot/)" "-"
114.119.137.0 - - [19/Aug/2021:13:40:15 -0400] "GET /wp-content/uploads/2020/12/Zappa-678x381.png HTTP/1.1" 200 493521 rotundreviews.com "-" "Mozilla/5.0 (Linux; Android 7.0;) AppleWebKit/537.36 (KHTML, like Gecko) Mobile Safari/537.36 (compatible; PetalBot;+https://webmaster.petalsearch.com/site/petalbot)" "-"
74.208.57.0 - - [19/Aug/2021:13:40:26 -0400] "POST /wp-cron.php?doing_wp_cron=1629394826.8776800632476806640625 HTTP/1.1" 200 - rotundreviews.com "https://rotundreviews.com/wp-cron.php?doing_wp_cron=1629394826.8776800632476806640625" "WordPress/5.7.2; https://rotundreviews.com" "-"
185.191.171.0 - - [19/Aug/2021:13:40:26 -0400] "GET /tag/debby-ryan HTTP/1.1" 200 33635 rotundreviews.com "-" "Mozilla/5.0 (compatible; SemrushBot/7~bl; +http://www.semrush.com/bot.html)" "-"
114.119.137.0 - - [19/Aug/2021:13:42:01 -0400] "GET /tag/stanley-tucci HTTP/1.1" 200 33129 rotundreviews.com "-" "Mozilla/5.0 (Linux; Android 7.0;) AppleWebKit/537.36 (KHTML, like Gecko) Mobile Safari/537.36 (compatible; PetalBot;+https://webmaster.petalsearch.com/site/petalbot)" "-"
66.249.69.0 - - [19/Aug/2021:13:43:02 -0400] "GET /wp-content/uploads/2018/10/Revenge-326x245.png HTTP/1.1" 200 128546 rotundreviews.com "-" "Googlebot-Image/1.0" "-"
114.119.137.0 - - [19/Aug/2021:13:43:46 -0400] "GET /tag/john-sayles HTTP/1.1" 200 33661 rotundreviews.com "-" "Mozilla/5.0 (Linux; Android 7.0;) AppleWebKit/537.36 (KHTML, like Gecko) Mobile Safari/537.36 (compatible; PetalBot;+https://webmaster.petalsearch.com/site/petalbot)" "-"
74.208.57.0 - - [19/Aug/2021:13:43:47 -0400] "POST /wp-cron.php?doing_wp_cron=1629395027.2035849094390869140625 HTTP/1.1" 200 - rotundreviews.com "https://rotundreviews.com/wp-cron.php?doing_wp_cron=1629395027.2035849094390869140625" "WordPress/5.7.2; https://rotundreviews.com" "-"
40.77.167.0 - - [19/Aug/2021:13:45:05 -0400] "GET /tag/essie-davis/feed HTTP/1.1" 200 18566 rotundreviews.com "-" "Mozilla/5.0 (compatible; bingbot/2.0; +http://www.bing.com/bingbot.htm)" "-"
5.188.62.0 - - [19/Aug/2021:13:45:16 -0400] "POST /xmlrpc.php HTTP/1.1" 503 18951 rotundreviews.com "-" "Mozilla/5.0 (Windows NT 6.2) AppleWebKit/537.36 (KHTML, like Gecko) Chrome/41.0.2227.1 Safari/537.36" "-"
74.208.57.0 - - [19/Aug/2021:13:45:56 -0400] "POST /wp-cron.php?doing_wp_cron=1629395156.6794800758361816406250 HTTP/1.1" 200 - rotundreviews.com "https://rotundreviews.com/wp-cron.php?doing_wp_cron=1629395156.6794800758361816406250" "WordPress/5.7.2; https://rotundreviews.com" "-"
114.119.137.0 - - [19/Aug/2021:13:45:56 -0400] "GET /tag/christina-parrish HTTP/1.1" 200 33156 rotundreviews.com "-" "Mozilla/5.0 (Linux; Android 7.0;) AppleWebKit/537.36 (KHTML, like Gecko) Mobile Safari/537.36 (compatible; PetalBot;+https://webmaster.petalsearch.com/site/petalbot)" "-"
66.249.69.0 - - [19/Aug/2021:13:46:56 -0400] "GET /tag/adeel-akhtar HTTP/1.1" 200 35673 rotundreviews.com "-" "Mozilla/5.0 (compatible; Googlebot/2.1; +http://www.google.com/bot.html)" "-"
114.119.137.0 - - [19/Aug/2021:13:47:59 -0400] "GET /tag/jean-smart HTTP/1.1" 200 33161 rotundreviews.com "-" "Mozilla/5.0 (Linux; Android 7.0;) AppleWebKit/537.36 (KHTML, like Gecko) Mobile Safari/537.36 (compatible; PetalBot;+https://webmaster.petalsearch.com/site/petalbot)" "-"
54.36.148.0 - - [19/Aug/2021:13:48:02 -0400] "GET /tag/bruce-greenwood HTTP/1.1" 200 33056 rotundreviews.com "-" "Mozilla/5.0 (compatible; AhrefsBot/7.0; +http://ahrefs.com/robot/)" "-"
86.125.14.0 - - [19/Aug/2021:13:48:23 -0400] "GET /wp-content/uploads/2021/01/Redemption-Day-678x381.png HTTP/1.1" 200 528974 rotundreviews.com "https://www.google.ro/blank.html" "Mozilla/5.0 (Windows NT 6.1; WOW64; Trident/7.0; rv:11.0) like Gecko" "-"
40.77.167.0 - - [19/Aug/2021:13:50:06 -0400] "GET /tag/kristen-stewart HTTP/1.1" 200 33148 rotundreviews.com "-" "Mozilla/5.0 (compatible; bingbot/2.0; +http://www.bing.com/bingbot.htm)" "-"
74.208.57.0 - - [19/Aug/2021:13:51:18 -0400] "POST /wp-cron.php?doing_wp_cron=1629395478.5421171188354492187500 HTTP/1.1" 200 - rotundreviews.com "https://rotundreviews.com/wp-cron.php?doing_wp_cron=1629395478.5421171188354492187500" "WordPress/5.7.2; https://rotundreviews.com" "-"
207.190.71.0 - - [19/Aug/2021:13:51:18 -0400] "GET /still-the-water HTTP/1.1" 200 14053 rotundreviews.com "https://www.google.com/" "Mozilla/5.0 (Linux; Android 9; SM-G950U) AppleWebKit/537.36 (KHTML, like Gecko) Chrome/92.0.4515.159 Mobile Safari/537.36" "-"
207.190.71.0 - - [19/Aug/2021:13:51:19 -0400] "GET /wp-includes/css/dist/block-library/style.min.css HTTP/1.1" 200 10975 rotundreviews.com "https://rotundreviews.com/still-the-water" "Mozilla/5.0 (Linux; Android 9; SM-G950U) AppleWebKit/537.36 (KHTML, like Gecko) Chrome/92.0.4515.159 Mobile Safari/537.36" "-"
207.190.71.0 - - [19/Aug/2021:13:51:19 -0400] "GET /wp-content/plugins/custom-twitter-feeds/css/ctf-styles.min.css HTTP/1.1" 200 3383 rotundreviews.com "https://rotundreviews.com/still-the-water" "Mozilla/5.0 (Linux; Android 9; SM-G950U) AppleWebKit/537.36 (KHTML, like Gecko) Chrome/92.0.4515.159 Mobile Safari/537.36" "-"
207.190.71.0 - - [19/Aug/2021:13:51:19 -0400] "GET /wp-content/plugins/wp-review-pro/public/css/comments.css HTTP/1.1" 200 1634 rotundreviews.com "https://rotundreviews.com/still-the-water" "Mozilla/5.0 (Linux; Android 9; SM-G950U) AppleWebKit/537.36 (KHTML, like Gecko) Chrome/92.0.4515.159 Mobile Safari/537.36" "-"
207.190.71.0 - - [19/Aug/2021:13:51:19 -0400] "GET /wp-content/plugins/wp-review-pro/public/css/magnific-popup.css HTTP/1.1" 200 2107 rotundreviews.com "https://rotundreviews.com/still-the-water" "Mozilla/5.0 (Linux; Android 9; SM-G950U) AppleWebKit/537.36 (KHTML, like Gecko) Chrome/92.0.4515.159 Mobile Safari/537.36" "-"
207.190.71.0 - - [19/Aug/2021:13:51:19 -0400] "GET /wp-content/themes/mh-magazine/includes/font-awesome.min.css HTTP/1.1" 200 7930 rotundreviews.com "https://rotundreviews.com/still-the-water" "Mozilla/5.0 (Linux; Android 9; SM-G950U) AppleWebKit/537.36 (KHTML, like Gecko) Chrome/92.0.4515.159 Mobile Safari/537.36" "-"
207.190.71.0 - - [19/Aug/2021:13:51:19 -0400] "GET /wp-content/plugins/wp-review-pro/public/css/wp-review.css HTTP/1.1" 200 8844 rotundreviews.com "https://rotundreviews.com/still-the-water" "Mozilla/5.0 (Linux; Android 9; SM-G950U) AppleWebKit/537.36 (KHTML, like Gecko) Chrome/92.0.4515.159 Mobile Safari/537.36" "-"
207.190.71.0 - - [19/Aug/2021:13:51:19 -0400] "GET /wp-content/plugins/wp-review-pro/public/css/font-awesome.min.css HTTP/1.1" 200 7930 rotundreviews.com "https://rotundreviews.com/still-the-water" "Mozilla/5.0 (Linux; Android 9; SM-G950U) AppleWebKit/537.36 (KHTML, like Gecko) Chrome/92.0.4515.159 Mobile Safari/537.36" "-"
207.190.71.0 - - [19/Aug/2021:13:51:19 -0400] "GET /wp-content/themes/mh-magazine/style.css HTTP/1.1" 200 20678 rotundreviews.com "https://rotundreviews.com/still-the-water" "Mozilla/5.0 (Linux; Android 9; SM-G950U) AppleWebKit/537.36 (KHTML, like Gecko) Chrome/92.0.4515.159 Mobile Safari/537.36" "-"
207.190.71.0 - - [19/Aug/2021:13:51:19 -0400] "GET /wp-includes/js/jquery/jquery.min.js HTTP/1.1" 200 36153 rotundreviews.com "https://rotundreviews.com/still-the-water" "Mozilla/5.0 (Linux; Android 9; SM-G950U) AppleWebKit/537.36 (KHTML, like Gecko) Chrome/92.0.4515.159 Mobile Safari/537.36" "-"
207.190.71.0 - - [19/Aug/2021:13:51:19 -0400] "GET /wp-includes/js/jquery/jquery-migrate.min.js HTTP/1.1" 200 4563 rotundreviews.com "https://rotundreviews.com/still-the-water" "Mozilla/5.0 (Linux; Android 9; SM-G950U) AppleWebKit/537.36 (KHTML, like Gecko) Chrome/92.0.4515.159 Mobile Safari/537.36" "-"
207.190.71.0 - - [19/Aug/2021:13:51:19 -0400] "GET /wp-content/themes/mh-magazine/js/scripts.js HTTP/1.1" 200 13892 rotundreviews.com "https://rotundreviews.com/still-the-water" "Mozilla/5.0 (Linux; Android 9; SM-G950U) AppleWebKit/537.36 (KHTML, like Gecko) Chrome/92.0.4515.159 Mobile Safari/537.36" "-"
207.190.71.0 - - [19/Aug/2021:13:51:19 -0400] "GET /wp-content/plugins/wp-review-pro/public/js/js.cookie.min.js HTTP/1.1" 200 916 rotundreviews.com "https://rotundreviews.com/still-the-water" "Mozilla/5.0 (Linux; Android 9; SM-G950U) AppleWebKit/537.36 (KHTML, like Gecko) Chrome/92.0.4515.159 Mobile Safari/537.36" "-"
207.190.71.0 - - [19/Aug/2021:13:51:19 -0400] "GET /wp-content/plugins/wp-review-pro/public/js/stacktable.js HTTP/1.1" 200 2370 rotundreviews.com "https://rotundreviews.com/still-the-water" "Mozilla/5.0 (Linux; Android 9; SM-G950U) AppleWebKit/537.36 (KHTML, like Gecko) Chrome/92.0.4515.159 Mobile Safari/537.36" "-"
207.190.71.0 - - [19/Aug/2021:13:51:19 -0400] "GET /wp-content/plugins/wp-review-pro/public/js/jquery.appear.js HTTP/1.1" 200 1067 rotundreviews.com "https://rotundreviews.com/still-the-water" "Mozilla/5.0 (Linux; Android 9; SM-G950U) AppleWebKit/537.36 (KHTML, like Gecko) Chrome/92.0.4515.159 Mobile Safari/537.36" "-"
207.190.71.0 - - [19/Aug/2021:13:51:19 -0400] "GET /wp-includes/js/wp-embed.min.js HTTP/1.1" 200 779 rotundreviews.com "https://rotundreviews.com/still-the-water" "Mozilla/5.0 (Linux; Android 9; SM-G950U) AppleWebKit/537.36 (KHTML, like Gecko) Chrome/92.0.4515.159 Mobile Safari/537.36" "-"
207.190.71.0 - - [19/Aug/2021:13:51:19 -0400] "GET /wp-content/plugins/wp-review-pro/public/js/jquery.knob.min.js HTTP/1.1" 200 7126 rotundreviews.com "https://rotundreviews.com/still-the-water" "Mozilla/5.0 (Linux; Android 9; SM-G950U) AppleWebKit/537.36 (KHTML, like Gecko) Chrome/92.0.4515.159 Mobile Safari/537.36" "-"
207.190.71.0 - - [19/Aug/2021:13:51:19 -0400] "GET /wp-content/plugins/wp-review-pro/public/js/jquery.magnific-popup.min.js HTTP/1.1" 200 8274 rotundreviews.com "https://rotundreviews.com/still-the-water" "Mozilla/5.0 (Linux; Android 9; SM-G950U) AppleWebKit/537.36 (KHTML, like Gecko) Chrome/92.0.4515.159 Mobile Safari/537.36" "-"
207.190.71.0 - - [19/Aug/2021:13:51:19 -0400] "GET /wp-content/plugins/wp-review-pro/public/js/jquery.exitIntent.js HTTP/1.1" 200 624 rotundreviews.com "https://rotundreviews.com/still-the-water" "Mozilla/5.0 (Linux; Android 9; SM-G950U) AppleWebKit/537.36 (KHTML, like Gecko) Chrome/92.0.4515.159 Mobile Safari/537.36" "-"
207.190.71.0 - - [19/Aug/2021:13:51:19 -0400] "GET /wp-includes/js/underscore.min.js HTTP/1.1" 200 6396 rotundreviews.com "https://rotundreviews.com/still-the-water" "Mozilla/5.0 (Linux; Android 9; SM-G950U) AppleWebKit/537.36 (KHTML, like Gecko) Chrome/92.0.4515.159 Mobile Safari/537.36" "-"
207.190.71.0 - - [19/Aug/2021:13:51:19 -0400] "GET /wp-content/plugins/wp-review-pro/public/js/main.js HTTP/1.1" 200 4476 rotundreviews.com "https://rotundreviews.com/still-the-water" "Mozilla/5.0 (Linux; Android 9; SM-G950U) AppleWebKit/537.36 (KHTML, like Gecko) Chrome/92.0.4515.159 Mobile Safari/537.36" "-"
207.190.71.0 - - [19/Aug/2021:13:51:19 -0400] "GET /wp-includes/js/wp-util.min.js HTTP/1.1" 200 602 rotundreviews.com "https://rotundreviews.com/still-the-water" "Mozilla/5.0 (Linux; Android 9; SM-G950U) AppleWebKit/537.36 (KHTML, like Gecko) Chrome/92.0.4515.159 Mobile Safari/537.36" "-"
207.190.71.0 - - [19/Aug/2021:13:51:19 -0400] "GET /wp-content/uploads/2021/05/3.-Jordie-at-truck-2-678x381.jpg HTTP/1.1" 200 42004 rotundreviews.com "https://rotundreviews.com/still-the-water" "Mozilla/5.0 (Linux; Android 9; SM-G950U) AppleWebKit/537.36 (KHTML, like Gecko) Chrome/92.0.4515.159 Mobile Safari/537.36" "-"
207.190.71.0 - - [19/Aug/2021:13:51:19 -0400] "GET /wp-includes/js/wp-emoji-release.min.js HTTP/1.1" 200 5273 rotundreviews.com "https://rotundreviews.com/still-the-water" "Mozilla/5.0 (Linux; Android 9; SM-G950U) AppleWebKit/537.36 (KHTML, like Gecko) Chrome/92.0.4515.159 Mobile Safari/537.36" "-"
207.190.71.0 - - [19/Aug/2021:13:51:19 -0400] "GET /wp-content/plugins/wp-review-pro/public/fonts/fontawesome-webfont.woff2?v=4.7.0 HTTP/1.1" 200 77160 rotundreviews.com "https://rotundreviews.com/wp-content/plugins/wp-review-pro/public/css/font-awesome.min.css" "Mozilla/5.0 (Linux; Android 9; SM-G950U) AppleWebKit/537.36 (KHTML, like Gecko) Chrome/92.0.4515.159 Mobile Safari/537.36" "-"
207.190.71.0 - - [19/Aug/2021:13:51:19 -0400] "GET /wp-content/uploads/2018/10/42863945_241300576535983_4831307105229078528_n.jpg HTTP/1.1" 200 50370 rotundreviews.com "https://rotundreviews.com/still-the-water" "Mozilla/5.0 (Linux; Android 9; SM-G950U) AppleWebKit/537.36 (KHTML, like Gecko) Chrome/92.0.4515.159 Mobile Safari/537.36" "-"
207.190.71.0 - - [19/Aug/2021:13:51:19 -0400] "POST /wp-admin/admin-ajax.php HTTP/1.1" 200 10206 rotundreviews.com "https://rotundreviews.com/still-the-water" "Mozilla/5.0 (Linux; Android 9; SM-G950U) AppleWebKit/537.36 (KHTML, like Gecko) Chrome/92.0.4515.159 Mobile Safari/537.36" "-"
207.190.71.0 - - [19/Aug/2021:13:51:19 -0400] "POST /wp-admin/admin-ajax.php HTTP/1.1" 200 10206 rotundreviews.com "https://rotundreviews.com/still-the-water" "Mozilla/5.0 (Linux; Android 9; SM-G950U) AppleWebKit/537.36 (KHTML, like Gecko) Chrome/92.0.4515.159 Mobile Safari/537.36" "-"
207.190.71.0 - - [19/Aug/2021:13:51:19 -0400] "POST /wp-admin/admin-ajax.php HTTP/1.1" 200 9903 rotundreviews.com "https://rotundreviews.com/still-the-water" "Mozilla/5.0 (Linux; Android 9; SM-G950U) AppleWebKit/537.36 (KHTML, like Gecko) Chrome/92.0.4515.159 Mobile Safari/537.36" "-"
207.190.71.0 - - [19/Aug/2021:13:51:20 -0400] "GET /wp-content/uploads/2018/10/cropped-43629453_263925247597305_6262018650635501568_n-192x192.png HTTP/1.1" 200 28166 rotundreviews.com "https://rotundreviews.com/still-the-water" "Mozilla/5.0 (Linux; Android 9; SM-G950U) AppleWebKit/537.36 (KHTML, like Gecko) Chrome/92.0.4515.159 Mobile Safari/537.36" "-"
207.190.71.0 - - [19/Aug/2021:13:51:20 -0400] "GET /wp-content/uploads/2018/10/cropped-43629453_263925247597305_6262018650635501568_n-180x180.png HTTP/1.1" 200 26804 rotundreviews.com "https://rotundreviews.com/still-the-water" "Mozilla/5.0 (Linux; Android 9; SM-G950U) AppleWebKit/537.36 (KHTML, like Gecko) Chrome/92.0.4515.159 Mobile Safari/537.36" "-"
207.190.71.0 - - [19/Aug/2021:13:51:20 -0400] "GET /?wordfence_lh=1&hid=F20CA9DB647B48EF3983C04E8EBACA8D&r=0.401302100069052 HTTP/1.1" 200 - rotundreviews.com "https://rotundreviews.com/still-the-water" "Mozilla/5.0 (Linux; Android 9; SM-G950U) AppleWebKit/537.36 (KHTML, like Gecko) Chrome/92.0.4515.159 Mobile Safari/537.36" "-"
114.119.137.0 - - [19/Aug/2021:13:51:26 -0400] "GET /tag/faster-pussycat-kill-kill HTTP/1.1" 200 34281 rotundreviews.com "-" "Mozilla/5.0 (Linux; Android 7.0;) AppleWebKit/537.36 (KHTML, like Gecko) Mobile Safari/537.36 (compatible; PetalBot;+https://webmaster.petalsearch.com/site/petalbot)" "-"
66.249.69.0 - - [19/Aug/2021:13:51:34 -0400] "GET /call-me-brother HTTP/1.1" 200 62068 rotundreviews.com "-" "Mozilla/5.0 (Linux; Android 6.0.1; Nexus 5X Build/MMB29P) AppleWebKit/537.36 (KHTML, like Gecko) Chrome/92.0.4515.119 Mobile Safari/537.36 (compatible; Googlebot/2.1; +http://www.google.com/bot.html)" "-"
74.208.57.0 - - [19/Aug/2021:13:55:31 -0400] "POST /wp-cron.php?doing_wp_cron=1629395731.5957551002502441406250 HTTP/1.1" 200 - rotundreviews.com "https://rotundreviews.com/wp-cron.php?doing_wp_cron=1629395731.5957551002502441406250" "WordPress/5.7.2; https://rotundreviews.com" "-"
114.119.137.0 - - [19/Aug/2021:13:55:31 -0400] "GET /tag/richard-stanley HTTP/1.1" 200 33234 rotundreviews.com "-" "Mozilla/5.0 (Linux; Android 7.0;) AppleWebKit/537.36 (KHTML, like Gecko) Mobile Safari/537.36 (compatible; PetalBot;+https://webmaster.petalsearch.com/site/petalbot)" "-"
207.46.13.0 - - [19/Aug/2021:13:56:45 -0400] "GET /tag/ellen-hollman HTTP/1.1" 200 33031 rotundreviews.com "-" "Mozilla/5.0 (compatible; bingbot/2.0; +http://www.bing.com/bingbot.htm)" "-"
114.119.137.0 - - [19/Aug/2021:13:57:17 -0400] "GET /tag/sadie-sandler HTTP/1.1" 200 33467 rotundreviews.com "-" "Mozilla/5.0 (Linux; Android 7.0;) AppleWebKit/537.36 (KHTML, like Gecko) Mobile Safari/537.36 (compatible; PetalBot;+https://webmaster.petalsearch.com/site/petalbot)" "-"
104.35.61.0 - - [19/Aug/2021:13:57:30 -0400] "GET /wp-content/uploads/2018/10/cooties-digital-hd-253x300.png HTTP/1.1" 200 124522 rotundreviews.com "https://www.google.com/" "Mozilla/5.0 (Macintosh; Intel Mac OS X 10_13_6) AppleWebKit/537.36 (KHTML, like Gecko) Chrome/92.0.4515.131 Safari/537.36" "-"
54.36.148.0 - - [19/Aug/2021:13:57:43 -0400] "GET /tag/atom-egoyan HTTP/1.1" 200 33008 rotundreviews.com "-" "Mozilla/5.0 (compatible; AhrefsBot/7.0; +http://ahrefs.com/robot/)" "-"
66.249.69.0 - - [19/Aug/2021:13:58:12 -0400] "GET /a-clear-shot HTTP/1.1" 200 60791 rotundreviews.com "-" "Mozilla/5.0 (compatible; Googlebot/2.1; +http://www.google.com/bot.html)" "-"
114.119.137.0 - - [19/Aug/2021:13:59:14 -0400] "GET /tag/josh-margolin HTTP/1.1" 200 33257 rotundreviews.com "-" "Mozilla/5.0 (Linux; Android 7.0;) AppleWebKit/537.36 (KHTML, like Gecko) Mobile Safari/537.36 (compatible; PetalBot;+https://webmaster.petalsearch.com/site/petalbot)" "-"
114.119.137.0 - - [19/Aug/2021:13:59:14 -0400] "GET /tag/josh-margolin HTTP/1.1" 200 33257 rotundreviews.com "-" "Mozilla/5.0 (Linux; Android 7.0;) AppleWebKit/537.36 (KHTML, like Gecko) Mobile Safari/537.36 (compatible; PetalBot;+https://webmaster.petalsearch.com/site/petalbot)" "-"
114.119.137.0 - - [19/Aug/2021:13:59:15 -0400] "GET /tag/josh-margolin HTTP/1.1" 200 33257 rotundreviews.com "-" "Mozilla/5.0 (Linux; Android 7.0;) AppleWebKit/537.36 (KHTML, like Gecko) Mobile Safari/537.36 (compatible; PetalBot;+https://webmaster.petalsearch.com/site/petalbot)" "-"
114.119.137.0 - - [19/Aug/2021:14:01:17 -0400] "GET /category/movies/page/16 HTTP/1.1" 200 57521 rotundreviews.com "-" "Mozilla/5.0 (Linux; Android 7.0;) AppleWebKit/537.36 (KHTML, like Gecko) Mobile Safari/537.36 (compatible; PetalBot;+https://webmaster.petalsearch.com/site/petalbot)" "-"
114.119.137.0 - - [19/Aug/2021:14:03:10 -0400] "GET /tag/steve-kasan HTTP/1.1" 200 33198 rotundreviews.com "-" "Mozilla/5.0 (Linux; Android 7.0;) AppleWebKit/537.36 (KHTML, like Gecko) Mobile Safari/537.36 (compatible; PetalBot;+https://webmaster.petalsearch.com/site/petalbot)" "-"
74.208.57.0 - - [19/Aug/2021:14:03:11 -0400] "POST /wp-cron.php?doing_wp_cron=1629396191.1983010768890380859375 HTTP/1.1" 200 - rotundreviews.com "https://rotundreviews.com/wp-cron.php?doing_wp_cron=1629396191.1983010768890380859375" "WordPress/5.7.2; https://rotundreviews.com" "-"
114.119.137.0 - - [19/Aug/2021:14:04:56 -0400] "GET /tag/jermaine-carty HTTP/1.1" 200 33262 rotundreviews.com "-" "Mozilla/5.0 (Linux; Android 7.0;) AppleWebKit/537.36 (KHTML, like Gecko) Mobile Safari/537.36 (compatible; PetalBot;+https://webmaster.petalsearch.com/site/petalbot)" "-"
66.249.69.0 - - [19/Aug/2021:14:06:02 -0400] "GET / HTTP/1.1" 200 88497 rotundreviews.com "-" "Mozilla/5.0 (compatible; Googlebot/2.1; +http://www.google.com/bot.html)" "-"
66.249.69.0 - - [19/Aug/2021:14:06:56 -0400] "GET /daniel-isnt-real HTTP/1.1" 200 61944 rotundreviews.com "-" "Mozilla/5.0 (compatible; Googlebot/2.1; +http://www.google.com/bot.html)" "-"
114.119.137.0 - - [19/Aug/2021:14:07:05 -0400] "GET /tag/david-fernandez-jr HTTP/1.1" 200 33323 rotundreviews.com "-" "Mozilla/5.0 (Linux; Android 7.0;) AppleWebKit/537.36 (KHTML, like Gecko) Mobile Safari/537.36 (compatible; PetalBot;+https://webmaster.petalsearch.com/site/petalbot)" "-"
5.188.62.0 - - [19/Aug/2021:14:07:05 -0400] "POST /xmlrpc.php HTTP/1.1" 503 18951 rotundreviews.com "-" "Mozilla/5.0 (Windows NT 6.1) AppleWebKit/537.36 (KHTML, like Gecko) Chrome/41.0.2226.0 Safari/537.36" "-"
54.36.148.0 - - [19/Aug/2021:14:07:37 -0400] "GET /tag/ruth-underwood HTTP/1.1" 200 33096 rotundreviews.com "-" "Mozilla/5.0 (compatible; AhrefsBot/7.0; +http://ahrefs.com/robot/)" "-"
74.208.57.0 - - [19/Aug/2021:14:07:38 -0400] "POST /wp-cron.php?doing_wp_cron=1629396458.3821330070495605468750 HTTP/1.1" 200 - rotundreviews.com "https://rotundreviews.com/wp-cron.php?doing_wp_cron=1629396458.3821330070495605468750" "WordPress/5.7.2; https://rotundreviews.com" "-"
88.245.22.0 - - [19/Aug/2021:14:08:06 -0400] "GET /wp-content/uploads/2018/12/The-Captive-678x381.png HTTP/1.1" 200 362712 rotundreviews.com "https://www.google.com/" "Mozilla/5.0 (Windows NT 10.0; Win64; x64) AppleWebKit/537.36 (KHTML, like Gecko) Chrome/91.0.4472.164 Safari/537.36 OPR/77.0.4054.277" "-"
114.119.137.0 - - [19/Aug/2021:14:08:51 -0400] "GET /tag/nancy-springer HTTP/1.1" 200 33341 rotundreviews.com "-" "Mozilla/5.0 (Linux; Android 7.0;) AppleWebKit/537.36 (KHTML, like Gecko) Mobile Safari/537.36 (compatible; PetalBot;+https://webmaster.petalsearch.com/site/petalbot)" "-"
114.119.137.0 - - [19/Aug/2021:14:11:12 -0400] "GET /tag/marianne-jean-baptiste HTTP/1.1" 200 33372 rotundreviews.com "-" "Mozilla/5.0 (Linux; Android 7.0;) AppleWebKit/537.36 (KHTML, like Gecko) Mobile Safari/537.36 (compatible; PetalBot;+https://webmaster.petalsearch.com/site/petalbot)" "-"
105.66.5.0 - - [19/Aug/2021:14:11:23 -0400] "GET /wp-content/uploads/2020/11/mQyBYFDw-scaled.jpeg HTTP/1.1" 200 584045 rotundreviews.com "https://www.google.com/" "Mozilla/5.0 (Linux; Android 9; CPH1923 Build/PPR1.180610.011; wv) AppleWebKit/537.36 (KHTML, like Gecko) Version/4.0 Chrome/92.0.4515.159 Mobile Safari/537.36 GSA/12.31.13.23.arm64" "-"
114.119.137.0 - - [19/Aug/2021:14:12:35 -0400] "GET /tag/ken-mok HTTP/1.1" 200 33006 rotundreviews.com "-" "Mozilla/5.0 (Linux; Android 7.0;) AppleWebKit/537.36 (KHTML, like Gecko) Mobile Safari/537.36 (compatible; PetalBot;+https://webmaster.petalsearch.com/site/petalbot)" "-"
74.208.57.0 - - [19/Aug/2021:14:14:46 -0400] "POST /wp-cron.php?doing_wp_cron=1629396886.8085150718688964843750 HTTP/1.1" 200 - rotundreviews.com "https://rotundreviews.com/wp-cron.php?doing_wp_cron=1629396886.8085150718688964843750" "WordPress/5.7.2; https://rotundreviews.com" "-"
114.119.137.0 - - [19/Aug/2021:14:14:46 -0400] "GET /tag/tahirah-sharif HTTP/1.1" 200 36170 rotundreviews.com "-" "Mozilla/5.0 (Linux; Android 7.0;) AppleWebKit/537.36 (KHTML, like Gecko) Mobile Safari/537.36 (compatible; PetalBot;+https://webmaster.petalsearch.com/site/petalbot)" "-"
2a03:2880:2000:: - - [19/Aug/2021:14:16:13 -0400] "GET /val HTTP/1.1" 200 13581 rotundreviews.com "-" "facebookexternalhit/1.1 (+http://www.facebook.com/externalhit_uatext.php)" "-"
66.249.69.0 - - [19/Aug/2021:14:16:19 -0400] "GET /tag/finn-wittrock HTTP/1.1" 200 35361 rotundreviews.com "-" "Mozilla/5.0 (compatible; Googlebot/2.1; +http://www.google.com/bot.html)" "-"
114.119.137.0 - - [19/Aug/2021:14:16:32 -0400] "GET /tag/philip-williams HTTP/1.1" 200 33324 rotundreviews.com "-" "Mozilla/5.0 (Linux; Android 7.0;) AppleWebKit/537.36 (KHTML, like Gecko) Mobile Safari/537.36 (compatible; PetalBot;+https://webmaster.petalsearch.com/site/petalbot)" "-"
54.36.148.0 - - [19/Aug/2021:14:17:30 -0400] "GET /tag/melanie-lynskey HTTP/1.1" 200 33256 rotundreviews.com "-" "Mozilla/5.0 (compatible; AhrefsBot/7.0; +http://ahrefs.com/robot/)" "-"
135.181.42.0 - - [19/Aug/2021:14:18:16 -0400] "GET /tag/slider/page/2 HTTP/1.1" 200 58172 rotundreviews.com "-" "-" "-"
114.119.137.0 - - [19/Aug/2021:14:18:27 -0400] "GET /tag/jordi-webber HTTP/1.1" 200 33211 rotundreviews.com "-" "Mozilla/5.0 (Linux; Android 7.0;) AppleWebKit/537.36 (KHTML, like Gecko) Mobile Safari/537.36 (compatible; PetalBot;+https://webmaster.petalsearch.com/site/petalbot)" "-"
66.249.69.0 - - [19/Aug/2021:14:18:53 -0400] "GET /sitemap.xml HTTP/1.1" 200 1019 rotundreviews.com "-" "Mozilla/5.0 (compatible; Googlebot/2.1; +http://www.google.com/bot.html)" "-"
2a03:2880:2400:: - - [19/Aug/2021:14:20:04 -0400] "GET /wp-content/uploads/2021/07/3.png HTTP/1.1" 200 2433527 rotundreviews.com "-" "facebookexternalhit/1.1 (+http://www.facebook.com/externalhit_uatext.php)" "-"
2a03:2880:2500:: - - [19/Aug/2021:14:20:04 -0400] "GET /wp-content/uploads/2021/08/Fireboys_FilmStill_13.png HTTP/1.1" 200 2616329 rotundreviews.com "-" "facebookexternalhit/1.1 (+http://www.facebook.com/externalhit_uatext.php)" "-"
207.46.13.0 - - [19/Aug/2021:14:20:16 -0400] "GET /tag/noah-le-gros HTTP/1.1" 200 33115 rotundreviews.com "-" "Mozilla/5.0 (compatible; bingbot/2.0; +http://www.bing.com/bingbot.htm)" "-"
114.119.137.0 - - [19/Aug/2021:14:20:16 -0400] "GET /tag/kate-linder HTTP/1.1" 200 33124 rotundreviews.com "-" "Mozilla/5.0 (Linux; Android 7.0;) AppleWebKit/537.36 (KHTML, like Gecko) Mobile Safari/537.36 (compatible; PetalBot;+https://webmaster.petalsearch.com/site/petalbot)" "-"
114.119.137.0 - - [19/Aug/2021:14:22:25 -0400] "GET /tag/jihae HTTP/1.1" 200 33069 rotundreviews.com "-" "Mozilla/5.0 (Linux; Android 7.0;) AppleWebKit/537.36 (KHTML, like Gecko) Mobile Safari/537.36 (compatible; PetalBot;+https://webmaster.petalsearch.com/site/petalbot)" "-"
114.119.137.0 - - [19/Aug/2021:14:24:10 -0400] "GET /tag/khalid-abdalla HTTP/1.1" 200 33228 rotundreviews.com "-" "Mozilla/5.0 (Linux; Android 7.0;) AppleWebKit/537.36 (KHTML, like Gecko) Mobile Safari/537.36 (compatible; PetalBot;+https://webmaster.petalsearch.com/site/petalbot)" "-"
66.249.69.0 - - [19/Aug/2021:14:24:36 -0400] "GET /tag/felicien-juttner HTTP/1.1" 200 33260 rotundreviews.com "-" "Mozilla/5.0 (Linux; Android 6.0.1; Nexus 5X Build/MMB29P) AppleWebKit/537.36 (KHTML, like Gecko) Chrome/92.0.4515.119 Mobile Safari/537.36 (compatible; Googlebot/2.1; +http://www.google.com/bot.html)" "-"
185.220.103.0 - - [19/Aug/2021:14:24:41 -0400] "GET /wp-content/plugins/wpdiscuz/readme.txt HTTP/1.1" 301 272 rotundreviews.com "-" "Mozilla/4.0 (compatible; MSIE 6.0; Windows NT 5.1; SV1)" "-"
185.220.103.0 - - [19/Aug/2021:14:24:42 -0400] "GET /wp-content/plugins/wpdiscuz/readme.txt HTTP/1.1" 404 55537 rotundreviews.com "-" "Mozilla/4.0 (compatible; MSIE 6.0; Windows NT 5.1; SV1)" "-"
114.119.137.0 - - [19/Aug/2021:14:26:08 -0400] "GET /the-princess-switch HTTP/1.1" 200 60240 rotundreviews.com "-" "Mozilla/5.0 (compatible;PetalBot;+https://webmaster.petalsearch.com/site/petalbot)" "-"
74.208.57.0 - - [19/Aug/2021:14:26:09 -0400] "POST /wp-cron.php?doing_wp_cron=1629397569.1060829162597656250000 HTTP/1.1" 200 - rotundreviews.com "https://rotundreviews.com/wp-cron.php?doing_wp_cron=1629397569.1060829162597656250000" "WordPress/5.7.2; https://rotundreviews.com" "-"
54.36.148.0 - - [19/Aug/2021:14:26:48 -0400] "GET /tag/ruby-o-fee HTTP/1.1" 200 33106 rotundreviews.com "-" "Mozilla/5.0 (compatible; AhrefsBot/7.0; +http://ahrefs.com/robot/)" "-"
66.249.69.0 - - [19/Aug/2021:14:27:01 -0400] "GET /feed HTTP/1.1" 200 161968 rotundreviews.com "-" "Mozilla/5.0 (compatible; Googlebot/2.1; +http://www.google.com/bot.html)" "-"
5.188.62.0 - - [19/Aug/2021:14:27:25 -0400] "POST /xmlrpc.php HTTP/1.1" 503 18951 rotundreviews.com "-" "Mozilla/5.0 (Windows NT 5.1) AppleWebKit/537.36 (KHTML, like Gecko) Chrome/41.0.2228.0 Safari/537.36" "-"
74.208.57.0 - - [19/Aug/2021:14:28:19 -0400] "POST /wp-cron.php?doing_wp_cron=1629397699.7326960563659667968750 HTTP/1.1" 200 - rotundreviews.com "https://rotundreviews.com/wp-cron.php?doing_wp_cron=1629397699.7326960563659667968750" "WordPress/5.7.2; https://rotundreviews.com" "-"
114.119.137.0 - - [19/Aug/2021:14:28:19 -0400] "GET /tag/seann-william-scott HTTP/1.1" 200 33194 rotundreviews.com "-" "Mozilla/5.0 (Linux; Android 7.0;) AppleWebKit/537.36 (KHTML, like Gecko) Mobile Safari/537.36 (compatible; PetalBot;+https://webmaster.petalsearch.com/site/petalbot)" "-"
66.249.69.0 - - [19/Aug/2021:14:28:37 -0400] "GET /i-dont-feel-at-home-in-this-world-anymore HTTP/1.1" 200 54116 rotundreviews.com "-" "Mozilla/5.0 (Linux; Android 6.0.1; Nexus 5X Build/MMB29P) AppleWebKit/537.36 (KHTML, like Gecko) Chrome/92.0.4515.119 Mobile Safari/537.36 (compatible; Googlebot/2.1; +http://www.google.com/bot.html)" "-"
77.75.76.0 - - [19/Aug/2021:14:29:37 -0400] "GET /robots.txt HTTP/1.1" 200 166 rotundreviews.com "-" "Mozilla/5.0 (compatible; SeznamBot/3.2; +http://napoveda.seznam.cz/en/seznambot-intro/)" "-"
2a02:598:bb00:: - - [19/Aug/2021:14:29:40 -0400] "GET /the-war-with-grandpa HTTP/1.1" 200 61909 rotundreviews.com "-" "Mozilla/5.0 (compatible; SeznamBot/3.2; +http://napoveda.seznam.cz/en/seznambot-intro/)" "-"
114.119.137.0 - - [19/Aug/2021:14:30:06 -0400] "GET /tag/graham-greene HTTP/1.1" 200 33173 rotundreviews.com "-" "Mozilla/5.0 (Linux; Android 7.0;) AppleWebKit/537.36 (KHTML, like Gecko) Mobile Safari/537.36 (compatible; PetalBot;+https://webmaster.petalsearch.com/site/petalbot)" "-"
66.249.69.0 - - [19/Aug/2021:14:31:03 -0400] "GET /feed HTTP/1.1" 304 - rotundreviews.com "-" "Mozilla/5.0 (compatible; Googlebot/2.1; +http://www.google.com/bot.html)" "-"
114.119.137.0 - - [19/Aug/2021:14:31:52 -0400] "GET /tag/dany-boon HTTP/1.1" 200 33203 rotundreviews.com "-" "Mozilla/5.0 (Linux; Android 7.0;) AppleWebKit/537.36 (KHTML, like Gecko) Mobile Safari/537.36 (compatible; PetalBot;+https://webmaster.petalsearch.com/site/petalbot)" "-"
114.119.137.0 - - [19/Aug/2021:14:33:48 -0400] "GET /tag/andy-kaufman HTTP/1.1" 200 33089 rotundreviews.com "-" "Mozilla/5.0 (Linux; Android 7.0;) AppleWebKit/537.36 (KHTML, like Gecko) Mobile Safari/537.36 (compatible; PetalBot;+https://webmaster.petalsearch.com/site/petalbot)" "-"
185.191.171.0 - - [19/Aug/2021:14:33:49 -0400] "GET /tag/david-bronfman HTTP/1.1" 200 33113 rotundreviews.com "-" "Mozilla/5.0 (compatible; SemrushBot/7~bl; +http://www.semrush.com/bot.html)" "-"
207.46.13.0 - - [19/Aug/2021:14:33:57 -0400] "GET /wp-content/uploads/2018/11/The-New-Romantic-678x381.png HTTP/1.1" 200 373568 rotundreviews.com "-" "Mozilla/5.0 (compatible; bingbot/2.0; +http://www.bing.com/bingbot.htm)" "-"
74.208.57.0 - - [19/Aug/2021:14:35:52 -0400] "POST /wp-cron.php?doing_wp_cron=1629398152.5915849208831787109375 HTTP/1.1" 200 - rotundreviews.com "https://rotundreviews.com/wp-cron.php?doing_wp_cron=1629398152.5915849208831787109375" "WordPress/5.7.2; https://rotundreviews.com" "-"
74.208.57.0 - - [19/Aug/2021:14:35:52 -0400] "POST /wp-cron.php?doing_wp_cron=1629398152.5979619026184082031250 HTTP/1.1" 200 - rotundreviews.com "https://rotundreviews.com/wp-cron.php?doing_wp_cron=1629398152.5979619026184082031250" "WordPress/5.7.2; https://rotundreviews.com" "-"
66.249.69.0 - - [19/Aug/2021:14:35:52 -0400] "GET /tag/ana-golja HTTP/1.1" 200 33093 rotundreviews.com "-" "Mozilla/5.0 (Linux; Android 6.0.1; Nexus 5X Build/MMB29P) AppleWebKit/537.36 (KHTML, like Gecko) Chrome/92.0.4515.119 Mobile Safari/537.36 (compatible; Googlebot/2.1; +http://www.google.com/bot.html)" "-"
54.36.148.0 - - [19/Aug/2021:14:35:52 -0400] "GET /tag/vanessa-hudgens HTTP/1.1" 200 40409 rotundreviews.com "-" "Mozilla/5.0 (compatible; AhrefsBot/7.0; +http://ahrefs.com/robot/)" "-"
66.249.69.0 - - [19/Aug/2021:14:35:56 -0400] "GET /tag/ana-golja HTTP/1.1" 200 33024 rotundreviews.com "-" "Mozilla/5.0 (compatible; Googlebot/2.1; +http://www.google.com/bot.html)" "-"
114.119.137.0 - - [19/Aug/2021:14:35:58 -0400] "GET /tag/stephnie-weir HTTP/1.1" 200 33292 rotundreviews.com "-" "Mozilla/5.0 (Linux; Android 7.0;) AppleWebKit/537.36 (KHTML, like Gecko) Mobile Safari/537.36 (compatible; PetalBot;+https://webmaster.petalsearch.com/site/petalbot)" "-"
185.191.171.0 - - [19/Aug/2021:14:36:04 -0400] "GET /tag/lamonica-garrett HTTP/1.1" 200 32999 rotundreviews.com "-" "Mozilla/5.0 (compatible; SemrushBot/7~bl; +http://www.semrush.com/bot.html)" "-"
37.98.85.0 - - [19/Aug/2021:14:37:13 -0400] "GET /wp-content/uploads/2020/07/Ghosts-of-War-678x381.png HTTP/1.1" 200 445359 rotundreviews.com "https://www.google.com/" "Mozilla/5.0 (Linux; Android 4.4.2; DROID RAZR HD Build/KDA20.62-15.1) AppleWebKit/537.36 (KHTML, like Gecko) Chrome/33.0.1750.136 Mobile Safari/537.36" "-"
114.119.137.0 - - [19/Aug/2021:14:37:43 -0400] "GET /tag/bob-saget HTTP/1.1" 200 33288 rotundreviews.com "-" "Mozilla/5.0 (Linux; Android 7.0;) AppleWebKit/537.36 (KHTML, like Gecko) Mobile Safari/537.36 (compatible; PetalBot;+https://webmaster.petalsearch.com/site/petalbot)" "-"
74.208.57.0 - - [19/Aug/2021:14:37:44 -0400] "POST /wp-cron.php?doing_wp_cron=1629398264.1811509132385253906250 HTTP/1.1" 200 - rotundreviews.com "https://rotundreviews.com/wp-cron.php?doing_wp_cron=1629398264.1811509132385253906250" "WordPress/5.7.2; https://rotundreviews.com" "-"
208.102.131.0 - - [19/Aug/2021:14:38:20 -0400] "GET /wp-content/uploads/2018/09/Paradise-PD-678x381.png HTTP/1.1" 200 356426 rotundreviews.com "https://www.google.com/" "Mozilla/5.0 (iPhone; CPU iPhone OS 14_6 like Mac OS X) AppleWebKit/605.1.15 (KHTML, like Gecko) Version/14.1.1 Mobile/15E148 Safari/604.1" "-"
114.119.137.0 - - [19/Aug/2021:14:39:32 -0400] "GET /tag/henry-jacobson HTTP/1.1" 200 33134 rotundreviews.com "-" "Mozilla/5.0 (Linux; Android 7.0;) AppleWebKit/537.36 (KHTML, like Gecko) Mobile Safari/537.36 (compatible; PetalBot;+https://webmaster.petalsearch.com/site/petalbot)" "-"
193.191.148.0 - - [19/Aug/2021:14:39:50 -0400] "GET /tag/david-schmader HTTP/1.1" 200 33229 rotundreviews.com "-" "CCBot/3.1 (https://commoncrawl.org/faq/; info@commoncrawl.org)" "-"
193.191.148.0 - - [19/Aug/2021:14:41:22 -0400] "GET /tag/haley-mlotek HTTP/1.1" 200 33205 rotundreviews.com "-" "CCBot/3.1 (https://commoncrawl.org/faq/; info@commoncrawl.org)" "-"
114.119.137.0 - - [19/Aug/2021:14:41:54 -0400] "GET /tag/lyrics-born HTTP/1.1" 200 33262 rotundreviews.com "-" "Mozilla/5.0 (Linux; Android 7.0;) AppleWebKit/537.36 (KHTML, like Gecko) Mobile Safari/537.36 (compatible; PetalBot;+https://webmaster.petalsearch.com/site/petalbot)" "-"
193.191.148.0 - - [19/Aug/2021:14:42:23 -0400] "GET /2020/page/3 HTTP/1.1" 200 59040 rotundreviews.com "-" "CCBot/3.1 (https://commoncrawl.org/faq/; info@commoncrawl.org)" "-"
3.95.6.0 - - [19/Aug/2021:14:42:53 -0400] "HEAD / HTTP/1.1" 200 - rotundreviews.com "-" "scalaj-http/2.4.2" "-"
74.208.57.0 - - [19/Aug/2021:14:42:54 -0400] "POST /wp-cron.php?doing_wp_cron=1629398574.0389640331268310546875 HTTP/1.1" 200 - rotundreviews.com "https://rotundreviews.com/wp-cron.php?doing_wp_cron=1629398574.0389640331268310546875" "WordPress/5.7.2; https://rotundreviews.com" "-"
3.95.6.0 - - [19/Aug/2021:14:42:54 -0400] "GET / HTTP/1.1" 200 14363 rotundreviews.com "-" "Buck/2.2; (+https://app.hypefactors.com/media-monitoring/about.html)" "-"
3.95.6.0 - - [19/Aug/2021:14:42:55 -0400] "GET /robots.txt HTTP/1.1" 200 166 rotundreviews.com "-" "Buck/2.2; (+https://app.hypefactors.com/media-monitoring/about.html)" "-"
157.55.39.0 - - [19/Aug/2021:14:43:03 -0400] "GET /tag/liana-liberato HTTP/1.1" 200 35509 rotundreviews.com "-" "Mozilla/5.0 (compatible; bingbot/2.0; +http://www.bing.com/bingbot.htm)" "-"
86.9.176.0 - - [19/Aug/2021:14:43:19 -0400] "GET /wp-content/uploads/2018/10/The-Monster-Squad-678x381.png HTTP/1.1" 200 456813 rotundreviews.com "https://www.google.com/" "Mozilla/5.0 (Linux; Android 9; SAMSUNG SM-G965F) AppleWebKit/537.36 (KHTML, like Gecko) SamsungBrowser/14.2 Chrome/87.0.4280.141 Mobile Safari/537.36" "-"
3.95.6.0 - - [19/Aug/2021:14:43:22 -0400] "GET /feed HTTP/1.1" 200 29491 rotundreviews.com "-" "Buck/2.2; (+https://app.hypefactors.com/media-monitoring/about.html)" "-"
3.95.6.0 - - [19/Aug/2021:14:43:33 -0400] "GET /wp-sitemap.xml HTTP/1.1" 404 55489 rotundreviews.com "-" "Buck/2.2; (+https://app.hypefactors.com/media-monitoring/about.html)" "-"
114.119.137.0 - - [19/Aug/2021:14:43:39 -0400] "GET /category/movies/movie-reviews/documentary/ HTTP/1.1" 301 - rotundreviews.com "-" "Mozilla/5.0 (Linux; Android 7.0;) AppleWebKit/537.36 (KHTML, like Gecko) Mobile Safari/537.36 (compatible; PetalBot;+https://webmaster.petalsearch.com/site/petalbot)" "-"
114.119.137.0 - - [19/Aug/2021:14:43:41 -0400] "GET /category/movies/movie-reviews/documentary HTTP/1.1" 200 59271 rotundreviews.com "-" "Mozilla/5.0 (Linux; Android 7.0;) AppleWebKit/537.36 (KHTML, like Gecko) Mobile Safari/537.36 (compatible; PetalBot;+https://webmaster.petalsearch.com/site/petalbot)" "-"
54.36.148.0 - - [19/Aug/2021:14:43:49 -0400] "GET /tag/alexia-fast HTTP/1.1" 200 33008 rotundreviews.com "-" "Mozilla/5.0 (compatible; AhrefsBot/7.0; +http://ahrefs.com/robot/)" "-"
2601:541:c100:: - - [19/Aug/2021:14:44:56 -0400] "GET /wp-content/uploads/2019/06/Murder-Mystery-678x381.png HTTP/1.1" 200 347331 rotundreviews.com "https://www.google.com/" "Mozilla/5.0 (iPhone; CPU iPhone OS 14_7 like Mac OS X) AppleWebKit/605.1.15 (KHTML, like Gecko) CriOS/92.0.4515.90 Mobile/15E148 Safari/604.1" "-"
114.119.137.0 - - [19/Aug/2021:14:45:26 -0400] "GET /tag/slider/page/17 HTTP/1.1" 200 57653 rotundreviews.com "-" "Mozilla/5.0 (Linux; Android 7.0;) AppleWebKit/537.36 (KHTML, like Gecko) Mobile Safari/537.36 (compatible; PetalBot;+https://webmaster.petalsearch.com/site/petalbot)" "-"
114.119.137.0 - - [19/Aug/2021:14:47:13 -0400] "GET /tag/jane-seymour HTTP/1.1" 200 35595 rotundreviews.com "-" "Mozilla/5.0 (Linux; Android 7.0;) AppleWebKit/537.36 (KHTML, like Gecko) Mobile Safari/537.36 (compatible; PetalBot;+https://webmaster.petalsearch.com/site/petalbot)" "-"
157.55.39.0 - - [19/Aug/2021:14:49:32 -0400] "GET /tag/ty-olwin HTTP/1.1" 200 33179 rotundreviews.com "-" "Mozilla/5.0 (compatible; bingbot/2.0; +http://www.bing.com/bingbot.htm)" "-"
74.208.57.0 - - [19/Aug/2021:14:49:33 -0400] "POST /wp-cron.php?doing_wp_cron=1629398973.6192018985748291015625 HTTP/1.1" 200 - rotundreviews.com "https://rotundreviews.com/wp-cron.php?doing_wp_cron=1629398973.6192018985748291015625" "WordPress/5.7.2; https://rotundreviews.com" "-"
114.119.137.0 - - [19/Aug/2021:14:49:35 -0400] "GET /jurassic-world-fallen-kingdom HTTP/1.1" 200 65045 rotundreviews.com "-" "Mozilla/5.0 (compatible;PetalBot;+https://webmaster.petalsearch.com/site/petalbot)" "-"
114.119.137.0 - - [19/Aug/2021:14:51:22 -0400] "GET /the-marijuana-conspiracy HTTP/1.1" 200 62843 rotundreviews.com "-" "Mozilla/5.0 (compatible;PetalBot;+https://webmaster.petalsearch.com/site/petalbot)" "-"
2001:41d0:: - - [19/Aug/2021:14:51:29 -0400] "GET /feed HTTP/1.1" 200 29491 rotundreviews.com "https://www.google.com/" "feedparser/6.0.2 +https://github.com/kurtmckee/feedparser/" "-"
5.188.62.0 - - [19/Aug/2021:14:51:49 -0400] "POST /xmlrpc.php HTTP/1.1" 503 18951 rotundreviews.com "-" "Mozilla/5.0 (Windows NT 6.0) AppleWebKit/537.36 (KHTML, like Gecko) Chrome/41.0.2225.0 Safari/537.36" "-"
74.208.57.0 - - [19/Aug/2021:14:52:27 -0400] "POST /wp-cron.php?doing_wp_cron=1629399147.8428840637207031250000 HTTP/1.1" 200 - rotundreviews.com "https://rotundreviews.com/wp-cron.php?doing_wp_cron=1629399147.8428840637207031250000" "WordPress/5.7.2; https://rotundreviews.com" "-"
54.36.148.0 - - [19/Aug/2021:14:52:27 -0400] "GET /2019/11 HTTP/1.1" 200 40094 rotundreviews.com "-" "Mozilla/5.0 (compatible; AhrefsBot/7.0; +http://ahrefs.com/robot/)" "-"
114.119.137.0 - - [19/Aug/2021:14:53:10 -0400] "GET /tag/relatable HTTP/1.1" 200 33139 rotundreviews.com "-" "Mozilla/5.0 (Linux; Android 7.0;) AppleWebKit/537.36 (KHTML, like Gecko) Mobile Safari/537.36 (compatible; PetalBot;+https://webmaster.petalsearch.com/site/petalbot)" "-"
94.198.50.0 - - [19/Aug/2021:14:53:49 -0400] "GET /wp-login.php HTTP/1.1" 301 246 rotundreviews.com "http://rotundreviews.com/wp-login.php" "Mozilla/5.0 (Windows NT 6.3; Win64; x64) AppleWebKit/537.36 (KHTML, like Gecko) Chrome/90.0.4430.85 Safari/537.36" "-"
94.198.50.0 - - [19/Aug/2021:14:54:01 -0400] "GET /wp-login.php HTTP/1.1" 200 9432 rotundreviews.com "https://rotundreviews.com/wp-login.php" "Mozilla/5.0 (Windows NT 6.3; Win64; x64) AppleWebKit/537.36 (KHTML, like Gecko) Chrome/90.0.4430.85 Safari/537.36" "-"
90.32.51.0 - - [19/Aug/2021:14:54:51 -0400] "GET /wp-content/uploads/2018/10/Halloween-1978-678x381.png HTTP/1.1" 200 457386 rotundreviews.com "https://www.google.com/" "Mozilla/5.0 (Windows NT 6.1; Win64; x64) AppleWebKit/537.36 (KHTML, like Gecko) Chrome/92.0.4515.131 Safari/537.36" "-"
114.119.137.0 - - [19/Aug/2021:14:54:57 -0400] "GET /tag/suanne-braun HTTP/1.1" 200 33370 rotundreviews.com "-" "Mozilla/5.0 (Linux; Android 7.0;) AppleWebKit/537.36 (KHTML, like Gecko) Mobile Safari/537.36 (compatible; PetalBot;+https://webmaster.petalsearch.com/site/petalbot)" "-"
185.191.171.0 - - [19/Aug/2021:14:56:17 -0400] "GET /robots.txt HTTP/1.1" 200 166 rotundreviews.com "-" "Mozilla/5.0 (compatible; SemrushBot/7~bl; +http://www.semrush.com/bot.html)" "-"
185.191.171.0 - - [19/Aug/2021:14:56:18 -0400] "GET /tag/kent-faulcon HTTP/1.1" 200 33084 rotundreviews.com "-" "Mozilla/5.0 (compatible; SemrushBot/7~bl; +http://www.semrush.com/bot.html)" "-"
114.119.137.0 - - [19/Aug/2021:14:57:17 -0400] "GET /tag/mark-schwab HTTP/1.1" 200 33101 rotundreviews.com "-" "Mozilla/5.0 (Linux; Android 7.0;) AppleWebKit/537.36 (KHTML, like Gecko) Mobile Safari/537.36 (compatible; PetalBot;+https://webmaster.petalsearch.com/site/petalbot)" "-"
114.119.137.0 - - [19/Aug/2021:14:59:14 -0400] "GET /burn HTTP/1.1" 200 61187 rotundreviews.com "-" "Mozilla/5.0 (compatible;PetalBot;+https://webmaster.petalsearch.com/site/petalbot)" "-"
114.119.137.0 - - [19/Aug/2021:15:00:50 -0400] "GET /tag/stephen-schneider HTTP/1.1" 200 33208 rotundreviews.com "-" "Mozilla/5.0 (Linux; Android 7.0;) AppleWebKit/537.36 (KHTML, like Gecko) Mobile Safari/537.36 (compatible; PetalBot;+https://webmaster.petalsearch.com/site/petalbot)" "-"
74.208.57.0 - - [19/Aug/2021:15:00:51 -0400] "POST /wp-cron.php?doing_wp_cron=1629399651.3084759712219238281250 HTTP/1.1" 200 - rotundreviews.com "https://rotundreviews.com/wp-cron.php?doing_wp_cron=1629399651.3084759712219238281250" "WordPress/5.7.2; https://rotundreviews.com" "-"
54.36.148.0 - - [19/Aug/2021:15:01:00 -0400] "GET /2020/06 HTTP/1.1" 200 51670 rotundreviews.com "-" "Mozilla/5.0 (compatible; AhrefsBot/7.0; +http://ahrefs.com/robot/)" "-"
2a03:2880:2000:: - - [19/Aug/2021:15:02:35 -0400] "GET /wp-content/uploads/2021/07/3.png HTTP/1.1" 200 2433527 rotundreviews.com "-" "facebookexternalhit/1.1 (+http://www.facebook.com/externalhit_uatext.php)" "-"
2a03:2880:2500:: - - [19/Aug/2021:15:02:35 -0400] "GET /wp-content/uploads/2021/08/Fireboys_FilmStill_13.png HTTP/1.1" 200 2616329 rotundreviews.com "-" "facebookexternalhit/1.1 (+http://www.facebook.com/externalhit_uatext.php)" "-"
2a03:2880:2000:: - - [19/Aug/2021:15:02:35 -0400] "GET /wp-content/uploads/2021/07/3.png HTTP/1.1" 200 2433527 rotundreviews.com "-" "facebookexternalhit/1.1 (+http://www.facebook.com/externalhit_uatext.php)" "-"
2a03:2880:2500:: - - [19/Aug/2021:15:02:36 -0400] "GET /wp-content/uploads/2021/08/Fireboys_FilmStill_13.png HTTP/1.1" 200 2616329 rotundreviews.com "-" "facebookexternalhit/1.1 (+http://www.facebook.com/externalhit_uatext.php)" "-"
114.119.137.0 - - [19/Aug/2021:15:03:01 -0400] "GET /tag/stxfilms HTTP/1.1" 200 33001 rotundreviews.com "-" "Mozilla/5.0 (Linux; Android 7.0;) AppleWebKit/537.36 (KHTML, like Gecko) Mobile Safari/537.36 (compatible; PetalBot;+https://webmaster.petalsearch.com/site/petalbot)" "-"
114.119.137.0 - - [19/Aug/2021:15:05:00 -0400] "GET /tag/tom-atkins HTTP/1.1" 200 33011 rotundreviews.com "-" "Mozilla/5.0 (Linux; Android 7.0;) AppleWebKit/537.36 (KHTML, like Gecko) Mobile Safari/537.36 (compatible; PetalBot;+https://webmaster.petalsearch.com/site/petalbot)" "-"
23.228.109.0 - - [19/Aug/2021:15:05:12 -0400] "GET / HTTP/1.1" 301 234 rotundreviews.com "-" "ALittle Client" "-"
23.228.109.0 - - [19/Aug/2021:15:05:14 -0400] "GET / HTTP/1.1" 200 89305 rotundreviews.com "-" "ALittle Client" "-"
40.88.21.0 - - [19/Aug/2021:15:06:11 -0400] "GET / HTTP/1.1" 301 234 rotundreviews.com "http://rotundreviews.com/" "Mozilla/5.0 (compatible; DuckDuckGo-Favicons-Bot/1.0; +http://duckduckgo.com)" "-"
40.88.21.0 - - [19/Aug/2021:15:06:11 -0400] "GET / HTTP/1.1" 200 14363 rotundreviews.com "https://rotundreviews.com/" "Mozilla/5.0 (compatible; DuckDuckGo-Favicons-Bot/1.0; +http://duckduckgo.com)" "-"
40.88.21.0 - - [19/Aug/2021:15:06:11 -0400] "GET /wp-content/uploads/2018/10/cropped-43629453_263925247597305_6262018650635501568_n-32x32.png HTTP/1.1" 200 1635 rotundreviews.com "https://rotundreviews.com/wp-content/uploads/2018/10/cropped-43629453_263925247597305_6262018650635501568_n-32x32.png" "Mozilla/5.0 (compatible; DuckDuckGo-Favicons-Bot/1.0; +http://duckduckgo.com)" "-"
114.119.137.0 - - [19/Aug/2021:15:06:48 -0400] "GET /tag/jon-huertas HTTP/1.1" 200 33141 rotundreviews.com "-" "Mozilla/5.0 (Linux; Android 7.0;) AppleWebKit/537.36 (KHTML, like Gecko) Mobile Safari/537.36 (compatible; PetalBot;+https://webmaster.petalsearch.com/site/petalbot)" "-"
114.119.137.0 - - [19/Aug/2021:15:08:35 -0400] "GET /tag/marshal-hilton HTTP/1.1" 200 33275 rotundreviews.com "-" "Mozilla/5.0 (Linux; Android 7.0;) AppleWebKit/537.36 (KHTML, like Gecko) Mobile Safari/537.36 (compatible; PetalBot;+https://webmaster.petalsearch.com/site/petalbot)" "-"
40.77.167.0 - - [19/Aug/2021:15:08:54 -0400] "GET /wp-content/uploads/2020/03/Banana_Split.jpg HTTP/1.1" 200 3787322 rotundreviews.com "-" "Mozilla/5.0 (compatible; bingbot/2.0; +http://www.bing.com/bingbot.htm)" "-"
54.36.148.0 - - [19/Aug/2021:15:09:27 -0400] "GET /tammys-always-dying HTTP/1.1" 200 63556 rotundreviews.com "-" "Mozilla/5.0 (compatible; AhrefsBot/7.0; +http://ahrefs.com/robot/)" "-"
114.119.137.0 - - [19/Aug/2021:15:10:44 -0400] "GET /mile-22 HTTP/1.1" 200 60656 rotundreviews.com "-" "Mozilla/5.0 (compatible;PetalBot;+https://webmaster.petalsearch.com/site/petalbot)" "-"
209.141.53.0 - - [19/Aug/2021:15:11:21 -0400] "GET / HTTP/1.1" 301 234 rotundreviews.com "https://flexmp3.uno/?f=ost+old+boy" "Mozilla/5.0 (Windows NT 6.1; Win64; x64) AppleWebKit/537.36 (KHTML, like Gecko) Chrome/67.0.3396.87 Safari/537.36 OPR/54.0.2952.51" "-"
179.43.172.0 - - [19/Aug/2021:15:11:22 -0400] "GET / HTTP/1.1" 301 234 rotundreviews.com "https://torrents.life/nannyspy-17-12-25-lily-rader-xxx-sd-mp4-kleenex-141645-tr" "Mozilla/5.0 (Windows NT 6.1) AppleWebKit/537.36 (KHTML, like Gecko) Chrome/67.0.3396.99 Safari/537.36 Kinza/4.8.2" "-"
185.100.87.0 - - [19/Aug/2021:15:11:23 -0400] "GET / HTTP/1.1" 301 234 rotundreviews.com "https://mp3dl.info/?amx=voll+lp+1980" "Mozilla/5.0 (Windows NT 6.3; Win64; x64) AppleWebKit/537.36 (KHTML, like Gecko) Chrome/67.0.3396.79 Safari/537.36" "-"
185.220.101.0 - - [19/Aug/2021:15:11:24 -0400] "GET / HTTP/1.1" 301 234 rotundreviews.com "https://musicjoy.info/?fd=the+crystal+method+(dj+groove+official+2017" "Mozilla/5.0 (Windows NT 6.3; Win64; x64) AppleWebKit/537.36 (KHTML, like Gecko) Chrome/67.0.3396.99 Safari/537.36" "-"
114.119.137.0 - - [19/Aug/2021:15:12:41 -0400] "GET /tag/alexa-penavega HTTP/1.1" 200 35558 rotundreviews.com "-" "Mozilla/5.0 (Linux; Android 7.0;) AppleWebKit/537.36 (KHTML, like Gecko) Mobile Safari/537.36 (compatible; PetalBot;+https://webmaster.petalsearch.com/site/petalbot)" "-"
74.208.57.0 - - [19/Aug/2021:15:12:42 -0400] "POST /wp-cron.php?doing_wp_cron=1629400362.0077710151672363281250 HTTP/1.1" 200 - rotundreviews.com "https://rotundreviews.com/wp-cron.php?doing_wp_cron=1629400362.0077710151672363281250" "WordPress/5.7.2; https://rotundreviews.com" "-"
5.188.62.0 - - [19/Aug/2021:15:13:38 -0400] "POST /xmlrpc.php HTTP/1.1" 403 403 rotundreviews.com "-" "Mozilla/5.0 (Windows NT 6.0) AppleWebKit/537.36 (KHTML, like Gecko) Chrome/41.0.2224.3 Safari/537.36" "-"
185.191.171.0 - - [19/Aug/2021:15:13:53 -0400] "GET /tag/derek-mcgrath HTTP/1.1" 200 33232 rotundreviews.com "-" "Mozilla/5.0 (compatible; SemrushBot/7~bl; +http://www.semrush.com/bot.html)" "-"
114.119.137.0 - - [19/Aug/2021:15:14:30 -0400] "GET /tag/ryan-w-smith HTTP/1.1" 200 33121 rotundreviews.com "-" "Mozilla/5.0 (Linux; Android 7.0;) AppleWebKit/537.36 (KHTML, like Gecko) Mobile Safari/537.36 (compatible; PetalBot;+https://webmaster.petalsearch.com/site/petalbot)" "-"
2a03:2880:1300:: - - [19/Aug/2021:15:15:32 -0400] "GET /val HTTP/1.1" 200 13533 rotundreviews.com "-" "facebookexternalhit/1.1 (+http://www.facebook.com/externalhit_uatext.php)" "-"
2a03:2880:1300:: - - [19/Aug/2021:15:15:32 -0400] "GET /val HTTP/1.1" 200 13593 rotundreviews.com "-" "facebookexternalhit/1.1 (+http://www.facebook.com/externalhit_uatext.php)" "-"
2a03:2880:1300:: - - [19/Aug/2021:15:15:32 -0400] "GET /val HTTP/1.1" 200 13536 rotundreviews.com "-" "facebookexternalhit/1.1 (+http://www.facebook.com/externalhit_uatext.php)" "-"
2a03:2880:1300:: - - [19/Aug/2021:15:15:32 -0400] "GET /val HTTP/1.1" 200 13581 rotundreviews.com "-" "facebookexternalhit/1.1 (+http://www.facebook.com/externalhit_uatext.php)" "-"
114.119.137.0 - - [19/Aug/2021:15:16:43 -0400] "GET /tag/roger-dobkowitz HTTP/1.1" 200 33428 rotundreviews.com "-" "Mozilla/5.0 (Linux; Android 7.0;) AppleWebKit/537.36 (KHTML, like Gecko) Mobile Safari/537.36 (compatible; PetalBot;+https://webmaster.petalsearch.com/site/petalbot)" "-"
97.65.168.0 - - [19/Aug/2021:15:17:39 -0400] "GET /wp-content/uploads/2018/12/Little-Italy-678x381.png HTTP/1.1" 200 502897 rotundreviews.com "https://www.google.com/" "Mozilla/5.0 (Windows NT 10.0; Win64; x64) AppleWebKit/537.36 (KHTML, like Gecko) Chrome/92.0.4515.131 Safari/537.36" "-"
