137.74.28.0 - - [19/Aug/2021:08:14:26 -0400] "GET /wp-content/plugins/wp-review-pro/public/js/jquery.magnific-popup.min.js HTTP/1.1" 200 8274 rotundreviews.com "https://rotundreviews.com/still-the-water" "Mozilla/5.0 (Linux; Android 8.1.0; SM-J260G) AppleWebKit/537.36 (KHTML, like Gecko) Chrome/92.0.4515.131 Mobile Safari/537.36" "-"
137.74.28.0 - - [19/Aug/2021:08:14:26 -0400] "GET /wp-content/plugins/wp-review-pro/public/js/jquery.exitIntent.js HTTP/1.1" 200 624 rotundreviews.com "https://rotundreviews.com/still-the-water" "Mozilla/5.0 (Linux; Android 8.1.0; SM-J260G) AppleWebKit/537.36 (KHTML, like Gecko) Chrome/92.0.4515.131 Mobile Safari/537.36" "-"
137.74.28.0 - - [19/Aug/2021:08:14:26 -0400] "GET /wp-includes/js/underscore.min.js HTTP/1.1" 200 6396 rotundreviews.com "https://rotundreviews.com/still-the-water" "Mozilla/5.0 (Linux; Android 8.1.0; SM-J260G) AppleWebKit/537.36 (KHTML, like Gecko) Chrome/92.0.4515.131 Mobile Safari/537.36" "-"
137.74.28.0 - - [19/Aug/2021:08:14:26 -0400] "GET /wp-content/plugins/wp-review-pro/public/js/main.js HTTP/1.1" 200 4476 rotundreviews.com "https://rotundreviews.com/still-the-water" "Mozilla/5.0 (Linux; Android 8.1.0; SM-J260G) AppleWebKit/537.36 (KHTML, like Gecko) Chrome/92.0.4515.131 Mobile Safari/537.36" "-"
137.74.28.0 - - [19/Aug/2021:08:14:26 -0400] "GET /wp-includes/js/wp-util.min.js HTTP/1.1" 200 602 rotundreviews.com "https://rotundreviews.com/still-the-water" "Mozilla/5.0 (Linux; Android 8.1.0; SM-J260G) AppleWebKit/537.36 (KHTML, like Gecko) Chrome/92.0.4515.131 Mobile Safari/537.36" "-"
137.74.28.0 - - [19/Aug/2021:08:14:26 -0400] "GET /wp-content/plugins/wp-review-pro/public/js/jquery.knob.min.js HTTP/1.1" 200 7126 rotundreviews.com "https://rotundreviews.com/still-the-water" "Mozilla/5.0 (Linux; Android 8.1.0; SM-J260G) AppleWebKit/537.36 (KHTML, like Gecko) Chrome/92.0.4515.131 Mobile Safari/537.36" "-"
137.74.28.0 - - [19/Aug/2021:08:14:26 -0400] "GET /wp-content/uploads/2018/10/42863945_241300576535983_4831307105229078528_n.jpg HTTP/1.1" 200 50370 rotundreviews.com "https://rotundreviews.com/still-the-water" "Mozilla/5.0 (Linux; Android 8.1.0; SM-J260G) AppleWebKit/537.36 (KHTML, like Gecko) Chrome/92.0.4515.131 Mobile Safari/537.36" "-"
137.74.28.0 - - [19/Aug/2021:08:14:27 -0400] "GET /wp-content/uploads/2021/05/3.-Jordie-at-truck-2-678x381.jpg HTTP/1.1" 200 42004 rotundreviews.com "https://rotundreviews.com/still-the-water" "Mozilla/5.0 (Linux; Android 8.1.0; SM-J260G) AppleWebKit/537.36 (KHTML, like Gecko) Chrome/92.0.4515.131 Mobile Safari/537.36" "-"
137.74.28.0 - - [19/Aug/2021:08:14:27 -0400] "GET /wp-includes/js/wp-embed.min.js HTTP/1.1" 200 779 rotundreviews.com "https://rotundreviews.com/still-the-water" "Mozilla/5.0 (Linux; Android 8.1.0; SM-J260G) AppleWebKit/537.36 (KHTML, like Gecko) Chrome/92.0.4515.131 Mobile Safari/537.36" "-"
137.74.28.0 - - [19/Aug/2021:08:14:27 -0400] "GET /wp-includes/js/wp-emoji-release.min.js HTTP/1.1" 200 5273 rotundreviews.com "https://rotundreviews.com/still-the-water" "Mozilla/5.0 (Linux; Android 8.1.0; SM-J260G) AppleWebKit/537.36 (KHTML, like Gecko) Chrome/92.0.4515.131 Mobile Safari/537.36" "-"
137.74.28.0 - - [19/Aug/2021:08:14:27 -0400] "GET /wp-content/plugins/wp-review-pro/public/fonts/fontawesome-webfont.woff2?v=4.7.0 HTTP/1.1" 200 77160 rotundreviews.com "https://rotundreviews.com/wp-content/plugins/wp-review-pro/public/css/font-awesome.min.css" "Mozilla/5.0 (Linux; Android 8.1.0; SM-J260G) AppleWebKit/537.36 (KHTML, like Gecko) Chrome/92.0.4515.131 Mobile Safari/537.36" "-"
137.74.28.0 - - [19/Aug/2021:08:14:27 -0400] "GET /wp-content/uploads/2021/05/STW-Poster-233x300.jpg HTTP/1.1" 200 14893 rotundreviews.com "https://rotundreviews.com/still-the-water" "Mozilla/5.0 (Linux; Android 8.1.0; SM-J260G) AppleWebKit/537.36 (KHTML, like Gecko) Chrome/92.0.4515.131 Mobile Safari/537.36" "-"
137.74.28.0 - - [19/Aug/2021:08:14:27 -0400] "POST /wp-admin/admin-ajax.php HTTP/1.1" 200 10206 rotundreviews.com "https://rotundreviews.com/still-the-water" "Mozilla/5.0 (Linux; Android 8.1.0; SM-J260G) AppleWebKit/537.36 (KHTML, like Gecko) Chrome/92.0.4515.131 Mobile Safari/537.36" "-"
137.74.28.0 - - [19/Aug/2021:08:14:27 -0400] "POST /wp-admin/admin-ajax.php HTTP/1.1" 200 10206 rotundreviews.com "https://rotundreviews.com/still-the-water" "Mozilla/5.0 (Linux; Android 8.1.0; SM-J260G) AppleWebKit/537.36 (KHTML, like Gecko) Chrome/92.0.4515.131 Mobile Safari/537.36" "-"
137.74.28.0 - - [19/Aug/2021:08:14:27 -0400] "POST /wp-admin/admin-ajax.php HTTP/1.1" 200 10205 rotundreviews.com "https://rotundreviews.com/still-the-water" "Mozilla/5.0 (Linux; Android 8.1.0; SM-J260G) AppleWebKit/537.36 (KHTML, like Gecko) Chrome/92.0.4515.131 Mobile Safari/537.36" "-"
137.74.28.0 - - [19/Aug/2021:08:14:29 -0400] "GET /?wordfence_lh=1&hid=C94D9551AC276ED3CCFF5893BAD130A2&r=0.2843577577158203 HTTP/1.1" 200 - rotundreviews.com "https://rotundreviews.com/still-the-water" "Mozilla/5.0 (Linux; Android 8.1.0; SM-J260G) AppleWebKit/537.36 (KHTML, like Gecko) Chrome/92.0.4515.131 Mobile Safari/537.36" "-"
137.74.28.0 - - [19/Aug/2021:08:14:30 -0400] "GET /wp-content/uploads/2018/10/cropped-43629453_263925247597305_6262018650635501568_n-192x192.png HTTP/1.1" 200 28166 rotundreviews.com "https://rotundreviews.com/still-the-water" "Mozilla/5.0 (Linux; Android 8.1.0; SM-J260G) AppleWebKit/537.36 (KHTML, like Gecko) Chrome/92.0.4515.131 Mobile Safari/537.36" "-"
137.74.28.0 - - [19/Aug/2021:08:14:30 -0400] "GET /wp-content/uploads/2018/10/cropped-43629453_263925247597305_6262018650635501568_n-180x180.png HTTP/1.1" 200 26804 rotundreviews.com "https://rotundreviews.com/still-the-water" "Mozilla/5.0 (Linux; Android 8.1.0; SM-J260G) AppleWebKit/537.36 (KHTML, like Gecko) Chrome/92.0.4515.131 Mobile Safari/537.36" "-"
137.74.28.0 - - [19/Aug/2021:08:15:09 -0400] "GET /wp-content/uploads/2019/08/The-Fanatic-326x245.png HTTP/1.1" 200 162219 rotundreviews.com "https://rotundreviews.com/still-the-water" "Mozilla/5.0 (Linux; Android 8.1.0; SM-J260G) AppleWebKit/537.36 (KHTML, like Gecko) Chrome/92.0.4515.131 Mobile Safari/537.36" "-"
137.74.28.0 - - [19/Aug/2021:08:15:09 -0400] "GET /wp-content/uploads/2020/11/A-Christmas-Prince-The-Royal-Baby-326x245.png HTTP/1.1" 200 198051 rotundreviews.com "https://rotundreviews.com/still-the-water" "Mozilla/5.0 (Linux; Android 8.1.0; SM-J260G) AppleWebKit/537.36 (KHTML, like Gecko) Chrome/92.0.4515.131 Mobile Safari/537.36" "-"
137.74.28.0 - - [19/Aug/2021:08:15:09 -0400] "GET /wp-content/uploads/2018/10/Love-of-Course-326x245.png HTTP/1.1" 200 166013 rotundreviews.com "https://rotundreviews.com/still-the-water" "Mozilla/5.0 (Linux; Android 8.1.0; SM-J260G) AppleWebKit/537.36 (KHTML, like Gecko) Chrome/92.0.4515.131 Mobile Safari/537.36" "-"
137.74.28.0 - - [19/Aug/2021:08:15:09 -0400] "GET /wp-content/uploads/2021/07/3-65x65.png HTTP/1.1" 200 9647 rotundreviews.com "https://rotundreviews.com/still-the-water" "Mozilla/5.0 (Linux; Android 8.1.0; SM-J260G) AppleWebKit/537.36 (KHTML, like Gecko) Chrome/92.0.4515.131 Mobile Safari/537.36" "-"
137.74.28.0 - - [19/Aug/2021:08:15:09 -0400] "GET /wp-content/uploads/2021/08/val-VKIL_2021_FrameGrab_3840x2160_00016_rgb-65x65.jpg HTTP/1.1" 200 1843 rotundreviews.com "https://rotundreviews.com/still-the-water" "Mozilla/5.0 (Linux; Android 8.1.0; SM-J260G) AppleWebKit/537.36 (KHTML, like Gecko) Chrome/92.0.4515.131 Mobile Safari/537.36" "-"
137.74.28.0 - - [19/Aug/2021:08:15:09 -0400] "GET /wp-content/uploads/2021/08/Fireboys_FilmStill_13-65x65.png HTTP/1.1" 200 9877 rotundreviews.com "https://rotundreviews.com/still-the-water" "Mozilla/5.0 (Linux; Android 8.1.0; SM-J260G) AppleWebKit/537.36 (KHTML, like Gecko) Chrome/92.0.4515.131 Mobile Safari/537.36" "-"
137.74.28.0 - - [19/Aug/2021:08:15:09 -0400] "GET /wp-content/uploads/2021/07/RIDETHEEAGLE_Still_1-65x65.jpg HTTP/1.1" 200 2629 rotundreviews.com "https://rotundreviews.com/still-the-water" "Mozilla/5.0 (Linux; Android 8.1.0; SM-J260G) AppleWebKit/537.36 (KHTML, like Gecko) Chrome/92.0.4515.131 Mobile Safari/537.36" "-"
137.74.28.0 - - [19/Aug/2021:08:15:09 -0400] "GET /wp-content/uploads/2021/07/LASTCALL_STILL_01-65x65.jpg HTTP/1.1" 200 2397 rotundreviews.com "https://rotundreviews.com/still-the-water" "Mozilla/5.0 (Linux; Android 8.1.0; SM-J260G) AppleWebKit/537.36 (KHTML, like Gecko) Chrome/92.0.4515.131 Mobile Safari/537.36" "-"
137.74.28.0 - - [19/Aug/2021:08:15:10 -0400] "GET /wp-content/uploads/2019/02/Paddleton-65x65.png HTTP/1.1" 200 9171 rotundreviews.com "https://rotundreviews.com/still-the-water" "Mozilla/5.0 (Linux; Android 8.1.0; SM-J260G) AppleWebKit/537.36 (KHTML, like Gecko) Chrome/92.0.4515.131 Mobile Safari/537.36" "-"
137.74.28.0 - - [19/Aug/2021:08:15:11 -0400] "GET /wp-content/uploads/2020/08/Robins-Wish-65x65.png HTTP/1.1" 200 9565 rotundreviews.com "https://rotundreviews.com/still-the-water" "Mozilla/5.0 (Linux; Android 8.1.0; SM-J260G) AppleWebKit/537.36 (KHTML, like Gecko) Chrome/92.0.4515.131 Mobile Safari/537.36" "-"
137.74.28.0 - - [19/Aug/2021:08:15:12 -0400] "GET /wp-content/uploads/2020/12/Wander-65x65.png HTTP/1.1" 200 9778 rotundreviews.com "https://rotundreviews.com/still-the-water" "Mozilla/5.0 (Linux; Android 8.1.0; SM-J260G) AppleWebKit/537.36 (KHTML, like Gecko) Chrome/92.0.4515.131 Mobile Safari/537.36" "-"
137.74.28.0 - - [19/Aug/2021:08:15:12 -0400] "GET /wp-content/uploads/2021/05/Riders-of-Justice-65x65.png HTTP/1.1" 200 10648 rotundreviews.com "https://rotundreviews.com/still-the-water" "Mozilla/5.0 (Linux; Android 8.1.0; SM-J260G) AppleWebKit/537.36 (KHTML, like Gecko) Chrome/92.0.4515.131 Mobile Safari/537.36" "-"
137.74.28.0 - - [19/Aug/2021:08:15:12 -0400] "GET /wp-content/uploads/2020/08/You-Cannot-Kill-David-Arquette-65x65.png HTTP/1.1" 200 7982 rotundreviews.com "https://rotundreviews.com/still-the-water" "Mozilla/5.0 (Linux; Android 8.1.0; SM-J260G) AppleWebKit/537.36 (KHTML, like Gecko) Chrome/92.0.4515.131 Mobile Safari/537.36" "-"
74.208.57.0 - - [19/Aug/2021:08:15:40 -0400] "POST /wp-cron.php?doing_wp_cron=1629375340.7479341030120849609375 HTTP/1.1" 200 - rotundreviews.com "https://rotundreviews.com/wp-cron.php?doing_wp_cron=1629375340.7479341030120849609375" "WordPress/5.7.2; https://rotundreviews.com" "-"
114.119.137.0 - - [19/Aug/2021:08:15:40 -0400] "GET /tag/jake-johnson HTTP/1.1" 200 33708 rotundreviews.com "-" "Mozilla/5.0 (Linux; Android 7.0;) AppleWebKit/537.36 (KHTML, like Gecko) Mobile Safari/537.36 (compatible; PetalBot;+https://webmaster.petalsearch.com/site/petalbot)" "-"
109.95.125.0 - - [19/Aug/2021:08:15:51 -0400] "GET /the-howling HTTP/1.1" 200 13536 rotundreviews.com "-" "Mozilla/5.0 (Macintosh; Intel Mac OS X 10_12_6) AppleWebKit/537.36 (KHTML, like Gecko) Chrome/62.0.3202.94 Safari/537.36" "-"
66.249.69.0 - - [19/Aug/2021:08:16:06 -0400] "GET /feed HTTP/1.1" 200 161968 rotundreviews.com "-" "Mozilla/5.0 (compatible; Googlebot/2.1; +http://www.google.com/bot.html)" "-"
185.191.171.0 - - [19/Aug/2021:08:16:13 -0400] "GET /tag/arden-myrin HTTP/1.1" 200 33049 rotundreviews.com "-" "Mozilla/5.0 (compatible; SemrushBot/7~bl; +http://www.semrush.com/bot.html)" "-"
193.191.148.0 - - [19/Aug/2021:08:16:26 -0400] "GET /tag/pat-asanti HTTP/1.1" 200 33114 rotundreviews.com "-" "CCBot/3.1 (https://commoncrawl.org/faq/; info@commoncrawl.org)" "-"
114.119.137.0 - - [19/Aug/2021:08:17:41 -0400] "GET /tag/john-berardo HTTP/1.1" 200 33153 rotundreviews.com "-" "Mozilla/5.0 (Linux; Android 7.0;) AppleWebKit/537.36 (KHTML, like Gecko) Mobile Safari/537.36 (compatible; PetalBot;+https://webmaster.petalsearch.com/site/petalbot)" "-"
66.249.69.0 - - [19/Aug/2021:08:17:43 -0400] "GET /tag/andrew-dismukes HTTP/1.1" 200 33063 rotundreviews.com "-" "Mozilla/5.0 (compatible; Googlebot/2.1; +http://www.google.com/bot.html)" "-"
175.176.37.0 - - [19/Aug/2021:08:17:54 -0400] "GET /wp-content/uploads/2018/10/Revenge-678x381.png HTTP/1.1" 200 389307 rotundreviews.com "https://www.google.com/" "Mozilla/5.0 (Windows NT 10.0; Win64; x64) AppleWebKit/537.36 (KHTML, like Gecko) Chrome/92.0.4515.131 Safari/537.36 Edg/92.0.902.73" "-"
66.249.69.0 - - [19/Aug/2021:08:18:23 -0400] "GET /still-the-water HTTP/1.1" 200 14117 rotundreviews.com "-" "Mozilla/5.0 (Linux; Android 6.0.1; Nexus 5X Build/MMB29P) AppleWebKit/537.36 (KHTML, like Gecko) Chrome/92.0.4515.119 Mobile Safari/537.36 (compatible; Googlebot/2.1; +http://www.google.com/bot.html)" "-"
114.119.137.0 - - [19/Aug/2021:08:19:39 -0400] "GET /tag/kristen-stewart HTTP/1.1" 200 33217 rotundreviews.com "-" "Mozilla/5.0 (Linux; Android 7.0;) AppleWebKit/537.36 (KHTML, like Gecko) Mobile Safari/537.36 (compatible; PetalBot;+https://webmaster.petalsearch.com/site/petalbot)" "-"
193.191.148.0 - - [19/Aug/2021:08:20:27 -0400] "GET /tag/robin-weigert HTTP/1.1" 200 33150 rotundreviews.com "-" "CCBot/3.1 (https://commoncrawl.org/faq/; info@commoncrawl.org)" "-"
193.191.148.0 - - [19/Aug/2021:08:20:30 -0400] "GET /tag/showgirls HTTP/1.1" 200 33169 rotundreviews.com "-" "CCBot/3.1 (https://commoncrawl.org/faq/; info@commoncrawl.org)" "-"
207.46.13.0 - - [19/Aug/2021:08:21:24 -0400] "GET /tag/megan-hayes HTTP/1.1" 200 32982 rotundreviews.com "-" "Mozilla/5.0 (compatible; bingbot/2.0; +http://www.bing.com/bingbot.htm)" "-"
193.191.148.0 - - [19/Aug/2021:08:21:30 -0400] "GET /tag/adam-nayman HTTP/1.1" 200 33193 rotundreviews.com "-" "CCBot/3.1 (https://commoncrawl.org/faq/; info@commoncrawl.org)" "-"
193.191.148.0 - - [19/Aug/2021:08:21:32 -0400] "GET /tag/william-fichtner HTTP/1.1" 200 35719 rotundreviews.com "-" "CCBot/3.1 (https://commoncrawl.org/faq/; info@commoncrawl.org)" "-"
114.119.137.0 - - [19/Aug/2021:08:21:42 -0400] "GET /tag/paradise-pd HTTP/1.1" 200 33033 rotundreviews.com "-" "Mozilla/5.0 (Linux; Android 7.0;) AppleWebKit/537.36 (KHTML, like Gecko) Mobile Safari/537.36 (compatible; PetalBot;+https://webmaster.petalsearch.com/site/petalbot)" "-"
54.36.148.0 - - [19/Aug/2021:08:22:16 -0400] "GET /tag/kathryn-newton HTTP/1.1" 200 35545 rotundreviews.com "-" "Mozilla/5.0 (compatible; AhrefsBot/7.0; +http://ahrefs.com/robot/)" "-"
193.191.148.0 - - [19/Aug/2021:08:22:31 -0400] "GET /tag/showgirls HTTP/1.1" 200 33169 rotundreviews.com "-" "CCBot/3.1 (https://commoncrawl.org/faq/; info@commoncrawl.org)" "-"
193.191.148.0 - - [19/Aug/2021:08:22:33 -0400] "GET /tag/april-kidwell HTTP/1.1" 200 33217 rotundreviews.com "-" "CCBot/3.1 (https://commoncrawl.org/faq/; info@commoncrawl.org)" "-"
193.191.148.0 - - [19/Aug/2021:08:22:42 -0400] "GET /tag/adam-nayman HTTP/1.1" 200 33193 rotundreviews.com "-" "CCBot/3.1 (https://commoncrawl.org/faq/; info@commoncrawl.org)" "-"
193.191.148.0 - - [19/Aug/2021:08:22:54 -0400] "GET /tag/april-kidwell HTTP/1.1" 200 33217 rotundreviews.com "-" "CCBot/3.1 (https://commoncrawl.org/faq/; info@commoncrawl.org)" "-"
66.249.69.0 - - [19/Aug/2021:08:23:19 -0400] "GET /tag/david-marsais HTTP/1.1" 200 33093 rotundreviews.com "-" "Mozilla/5.0 (compatible; Googlebot/2.1; +http://www.google.com/bot.html)" "-"
66.249.69.0 - - [19/Aug/2021:08:23:29 -0400] "GET /paddleton HTTP/1.1" 200 64407 rotundreviews.com "-" "Mozilla/5.0 (compatible; Googlebot/2.1; +http://www.google.com/bot.html)" "-"
114.119.137.0 - - [19/Aug/2021:08:24:16 -0400] "GET /tag/danny-glover HTTP/1.1" 200 33174 rotundreviews.com "-" "Mozilla/5.0 (Linux; Android 7.0;) AppleWebKit/537.36 (KHTML, like Gecko) Mobile Safari/537.36 (compatible; PetalBot;+https://webmaster.petalsearch.com/site/petalbot)" "-"
54.189.230.0 - - [19/Aug/2021:08:24:34 -0400] "GET / HTTP/1.1" 301 234 rotundreviews.com "http://rotund.reviews" "Mozilla/5.0 (X11; Ubuntu; Linux x86_64; rv:82.0) Gecko/20100101 Firefox/82.0" "-"
54.189.230.0 - - [19/Aug/2021:08:24:35 -0400] "GET / HTTP/1.1" 200 14325 rotundreviews.com "http://rotundreviews.com" "Mozilla/5.0 (X11; Ubuntu; Linux x86_64; rv:82.0) Gecko/20100101 Firefox/82.0" "-"
54.189.230.0 - - [19/Aug/2021:08:24:35 -0400] "GET / HTTP/1.1" 301 234 rotundreviews.com "http://rotund.reviews/robots.txt" "Mozilla/5.0 (X11; Ubuntu; Linux x86_64; rv:82.0) Gecko/20100101 Firefox/82.0" "-"
54.189.230.0 - - [19/Aug/2021:08:24:35 -0400] "GET /wp-content/uploads/2018/10/cropped-43629453_263925247597305_6262018650635501568_n-180x180.png HTTP/1.1" 200 26804 rotundreviews.com "-" "Mozilla/5.0 (X11; Ubuntu; Linux x86_64; rv:82.0) Gecko/20100101 Firefox/82.0" "-"
54.189.230.0 - - [19/Aug/2021:08:24:36 -0400] "GET / HTTP/1.1" 200 14325 rotundreviews.com "http://rotundreviews.com" "Mozilla/5.0 (X11; Ubuntu; Linux x86_64; rv:82.0) Gecko/20100101 Firefox/82.0" "-"
66.249.69.0 - - [19/Aug/2021:08:24:40 -0400] "GET /love-in-design HTTP/1.1" 200 59804 rotundreviews.com "-" "Mozilla/5.0 (compatible; Googlebot/2.1; +http://www.google.com/bot.html)" "-"
74.208.57.0 - - [19/Aug/2021:08:26:17 -0400] "POST /wp-cron.php?doing_wp_cron=1629375977.7747259140014648437500 HTTP/1.1" 200 - rotundreviews.com "https://rotundreviews.com/wp-cron.php?doing_wp_cron=1629375977.7747259140014648437500" "WordPress/5.7.2; https://rotundreviews.com" "-"
114.119.137.0 - - [19/Aug/2021:08:26:17 -0400] "GET /tag/peyton-reed HTTP/1.1" 200 33289 rotundreviews.com "-" "Mozilla/5.0 (Linux; Android 7.0;) AppleWebKit/537.36 (KHTML, like Gecko) Mobile Safari/537.36 (compatible; PetalBot;+https://webmaster.petalsearch.com/site/petalbot)" "-"
135.125.217.0 - - [19/Aug/2021:08:28:18 -0400] "GET /feed HTTP/1.1" 304 - rotundreviews.com "-" "Mozilla/5.0 (compatible; PaperLiBot/2.1; https://support.paper.li/hc/en-us/articles/360006695637-PaperLiBot)" "-"
114.119.137.0 - - [19/Aug/2021:08:28:20 -0400] "GET /tag/james-earl-jones HTTP/1.1" 200 33279 rotundreviews.com "-" "Mozilla/5.0 (Linux; Android 7.0;) AppleWebKit/537.36 (KHTML, like Gecko) Mobile Safari/537.36 (compatible; PetalBot;+https://webmaster.petalsearch.com/site/petalbot)" "-"
66.249.69.0 - - [19/Aug/2021:08:29:15 -0400] "GET /feed HTTP/1.1" 304 - rotundreviews.com "-" "Mozilla/5.0 (compatible; Googlebot/2.1; +http://www.google.com/bot.html)" "-"
185.191.171.0 - - [19/Aug/2021:08:30:15 -0400] "GET /robots.txt HTTP/1.1" 200 166 rotundreviews.com "-" "Mozilla/5.0 (compatible; SemrushBot/7~bl; +http://www.semrush.com/bot.html)" "-"
185.191.171.0 - - [19/Aug/2021:08:30:16 -0400] "GET /tag/karzan-kader HTTP/1.1" 200 33076 rotundreviews.com "-" "Mozilla/5.0 (compatible; SemrushBot/7~bl; +http://www.semrush.com/bot.html)" "-"
114.119.137.0 - - [19/Aug/2021:08:30:17 -0400] "GET /category/movies/movie-reviews/movies-reviews-action HTTP/1.1" 200 57608 rotundreviews.com "-" "Mozilla/5.0 (Linux; Android 7.0;) AppleWebKit/537.36 (KHTML, like Gecko) Mobile Safari/537.36 (compatible; PetalBot;+https://webmaster.petalsearch.com/site/petalbot)" "-"
54.36.148.0 - - [19/Aug/2021:08:30:43 -0400] "GET /love-of-course HTTP/1.1" 200 60904 rotundreviews.com "-" "Mozilla/5.0 (compatible; AhrefsBot/7.0; +http://ahrefs.com/robot/)" "-"
66.249.69.0 - - [19/Aug/2021:08:30:52 -0400] "GET /pnk-all-i-know-so-far HTTP/1.1" 200 63098 rotundreviews.com "-" "Mozilla/5.0 (Linux; Android 6.0.1; Nexus 5X Build/MMB29P) AppleWebKit/537.36 (KHTML, like Gecko) Chrome/92.0.4515.119 Mobile Safari/537.36 (compatible; Googlebot/2.1; +http://www.google.com/bot.html)" "-"
114.119.137.0 - - [19/Aug/2021:08:32:52 -0400] "GET /love-of-course HTTP/1.1" 200 60653 rotundreviews.com "-" "Mozilla/5.0 (compatible;PetalBot;+https://webmaster.petalsearch.com/site/petalbot)" "-"
66.249.69.0 - - [19/Aug/2021:08:33:22 -0400] "GET /black-butterfly HTTP/1.1" 200 59317 rotundreviews.com "-" "Mozilla/5.0 (compatible; Googlebot/2.1; +http://www.google.com/bot.html)" "-"
202.246.252.0 - - [19/Aug/2021:08:35:34 -0400] "GET /wp-content/uploads/2018/10/The-Package-678x381.png HTTP/1.1" 200 401870 rotundreviews.com "https://www.google.co.jp/" "Mozilla/5.0 (Windows NT 10.0; Win64; x64) AppleWebKit/537.36 (KHTML, like Gecko) Chrome/92.0.4515.131 Safari/537.36" "-"
114.119.137.0 - - [19/Aug/2021:08:36:53 -0400] "GET /category/movies/page/9 HTTP/1.1" 200 57930 rotundreviews.com "-" "Mozilla/5.0 (Linux; Android 7.0;) AppleWebKit/537.36 (KHTML, like Gecko) Mobile Safari/537.36 (compatible; PetalBot;+https://webmaster.petalsearch.com/site/petalbot)" "-"
74.208.57.0 - - [19/Aug/2021:08:36:54 -0400] "POST /wp-cron.php?doing_wp_cron=1629376614.1445519924163818359375 HTTP/1.1" 200 - rotundreviews.com "https://rotundreviews.com/wp-cron.php?doing_wp_cron=1629376614.1445519924163818359375" "WordPress/5.7.2; https://rotundreviews.com" "-"
66.249.69.0 - - [19/Aug/2021:08:38:14 -0400] "GET /daniel-isnt-real HTTP/1.1" 200 62010 rotundreviews.com "-" "Mozilla/5.0 (Linux; Android 6.0.1; Nexus 5X Build/MMB29P) AppleWebKit/537.36 (KHTML, like Gecko) Chrome/92.0.4515.119 Mobile Safari/537.36 (compatible; Googlebot/2.1; +http://www.google.com/bot.html)" "-"
77.75.79.0 - - [19/Aug/2021:08:38:20 -0400] "GET /robots.txt HTTP/1.1" 200 166 rotundreviews.com "-" "Mozilla/5.0 (compatible; SeznamBot/3.2; +http://napoveda.seznam.cz/en/seznambot-intro/)" "-"
2a02:598:aa00:: - - [19/Aug/2021:08:38:23 -0400] "GET /the-tax-collector HTTP/1.1" 200 65256 rotundreviews.com "-" "Mozilla/5.0 (compatible; SeznamBot/3.2; +http://napoveda.seznam.cz/en/seznambot-intro/)" "-"
54.36.148.0 - - [19/Aug/2021:08:38:31 -0400] "GET /tag/theo-rossi HTTP/1.1" 200 33047 rotundreviews.com "-" "Mozilla/5.0 (compatible; AhrefsBot/7.0; +http://ahrefs.com/robot/)" "-"
70.49.102.0 - - [19/Aug/2021:08:39:14 -0400] "GET /wp-content/uploads/2020/10/The-Glorias-Photo-Credit-Dan-McFadden-Courtesy-of-Roadside-Attractions-and-LD-Entertainment.jpg HTTP/1.1" 200 114575 rotundreviews.com "https://www.google.com/" "Mozilla/5.0 (Windows NT 10.0; Win64; x64) AppleWebKit/537.36 (KHTML, like Gecko) Chrome/92.0.4515.159 Safari/537.36" "-"
114.119.137.0 - - [19/Aug/2021:08:39:18 -0400] "GET /tag/jake-manley HTTP/1.1" 200 33151 rotundreviews.com "-" "Mozilla/5.0 (Linux; Android 7.0;) AppleWebKit/537.36 (KHTML, like Gecko) Mobile Safari/537.36 (compatible; PetalBot;+https://webmaster.petalsearch.com/site/petalbot)" "-"
66.249.69.0 - - [19/Aug/2021:08:39:54 -0400] "GET /tag/tom-segura/feed HTTP/1.1" 200 19090 rotundreviews.com "-" "Mozilla/5.0 (compatible; Googlebot/2.1; +http://www.google.com/bot.html)" "-"
66.249.69.0 - - [19/Aug/2021:08:40:53 -0400] "GET /tag/tom-segura/feed HTTP/1.1" 200 19090 rotundreviews.com "-" "Mozilla/5.0 (Linux; Android 6.0.1; Nexus 5X Build/MMB29P) AppleWebKit/537.36 (KHTML, like Gecko) Chrome/92.0.4515.119 Mobile Safari/537.36 (compatible; Googlebot/2.1; +http://www.google.com/bot.html)" "-"
114.119.137.0 - - [19/Aug/2021:08:41:25 -0400] "GET /tag/amy-seimetz HTTP/1.1" 200 33086 rotundreviews.com "-" "Mozilla/5.0 (Linux; Android 7.0;) AppleWebKit/537.36 (KHTML, like Gecko) Mobile Safari/537.36 (compatible; PetalBot;+https://webmaster.petalsearch.com/site/petalbot)" "-"
74.208.57.0 - - [19/Aug/2021:08:43:30 -0400] "POST /wp-cron.php?doing_wp_cron=1629377010.7555780410766601562500 HTTP/1.1" 200 - rotundreviews.com "https://rotundreviews.com/wp-cron.php?doing_wp_cron=1629377010.7555780410766601562500" "WordPress/5.7.2; https://rotundreviews.com" "-"
114.119.137.0 - - [19/Aug/2021:08:43:30 -0400] "GET /tag/ving-rhames HTTP/1.1" 200 33287 rotundreviews.com "-" "Mozilla/5.0 (Linux; Android 7.0;) AppleWebKit/537.36 (KHTML, like Gecko) Mobile Safari/537.36 (compatible; PetalBot;+https://webmaster.petalsearch.com/site/petalbot)" "-"
5.188.62.0 - - [19/Aug/2021:08:44:11 -0400] "POST /xmlrpc.php HTTP/1.1" 503 18951 rotundreviews.com "-" "Mozilla/5.0 (Windows NT 6.1; WOW64) AppleWebKit/537.36 (KHTML, like Gecko) Chrome/41.0.2228.0 Safari/537.36" "-"
74.208.57.0 - - [19/Aug/2021:08:45:27 -0400] "POST /wp-cron.php?doing_wp_cron=1629377127.4567000865936279296875 HTTP/1.1" 200 - rotundreviews.com "https://rotundreviews.com/wp-cron.php?doing_wp_cron=1629377127.4567000865936279296875" "WordPress/5.7.2; https://rotundreviews.com" "-"
114.119.137.0 - - [19/Aug/2021:08:45:27 -0400] "GET /tag/aaron-ashmore HTTP/1.1" 200 33300 rotundreviews.com "-" "Mozilla/5.0 (Linux; Android 7.0;) AppleWebKit/537.36 (KHTML, like Gecko) Mobile Safari/537.36 (compatible; PetalBot;+https://webmaster.petalsearch.com/site/petalbot)" "-"
66.249.69.0 - - [19/Aug/2021:08:45:36 -0400] "GET /the-dead-lands HTTP/1.1" 200 61277 rotundreviews.com "-" "Mozilla/5.0 (compatible; Googlebot/2.1; +http://www.google.com/bot.html)" "-"
54.36.148.0 - - [19/Aug/2021:08:46:06 -0400] "GET /the-secret-dare-to-dream HTTP/1.1" 200 64091 rotundreviews.com "-" "Mozilla/5.0 (compatible; AhrefsBot/7.0; +http://ahrefs.com/robot/)" "-"
74.208.57.0 - - [19/Aug/2021:08:47:51 -0400] "POST /wp-cron.php?doing_wp_cron=1629377271.6431560516357421875000 HTTP/1.1" 200 - rotundreviews.com "https://rotundreviews.com/wp-cron.php?doing_wp_cron=1629377271.6431560516357421875000" "WordPress/5.7.2; https://rotundreviews.com" "-"
114.119.137.0 - - [19/Aug/2021:08:47:51 -0400] "GET /tag/william-fichtner HTTP/1.1" 200 35788 rotundreviews.com "-" "Mozilla/5.0 (Linux; Android 7.0;) AppleWebKit/537.36 (KHTML, like Gecko) Mobile Safari/537.36 (compatible; PetalBot;+https://webmaster.petalsearch.com/site/petalbot)" "-"
66.249.69.0 - - [19/Aug/2021:08:47:58 -0400] "GET /jurassic-galaxy HTTP/1.1" 200 62104 rotundreviews.com "-" "Mozilla/5.0 (Linux; Android 6.0.1; Nexus 5X Build/MMB29P) AppleWebKit/537.36 (KHTML, like Gecko) Chrome/92.0.4515.119 Mobile Safari/537.36 (compatible; Googlebot/2.1; +http://www.google.com/bot.html)" "-"
114.119.137.0 - - [19/Aug/2021:08:50:04 -0400] "GET /tag/art-hindle HTTP/1.1" 200 33137 rotundreviews.com "-" "Mozilla/5.0 (Linux; Android 7.0;) AppleWebKit/537.36 (KHTML, like Gecko) Mobile Safari/537.36 (compatible; PetalBot;+https://webmaster.petalsearch.com/site/petalbot)" "-"
185.191.171.0 - - [19/Aug/2021:08:50:23 -0400] "GET /tag/tom-green HTTP/1.1" 200 33171 rotundreviews.com "-" "Mozilla/5.0 (compatible; SemrushBot/7~bl; +http://www.semrush.com/bot.html)" "-"
114.119.137.0 - - [19/Aug/2021:08:52:03 -0400] "GET /category/movies/movie-reviews/page/12 HTTP/1.1" 200 59163 rotundreviews.com "-" "Mozilla/5.0 (Linux; Android 7.0;) AppleWebKit/537.36 (KHTML, like Gecko) Mobile Safari/537.36 (compatible; PetalBot;+https://webmaster.petalsearch.com/site/petalbot)" "-"
91.110.58.0 - - [19/Aug/2021:08:52:46 -0400] "GET /wp-content/uploads/2020/09/RentAPalStill5-678x381.jpg HTTP/1.1" 200 34257 rotundreviews.com "https://www.google.co.uk/" "Mozilla/5.0 (iPhone; CPU iPhone OS 14_1 like Mac OS X) AppleWebKit/605.1.15 (KHTML, like Gecko) Version/14.0 Mobile/15E148 Safari/604.1" "-"
66.249.69.0 - - [19/Aug/2021:08:53:04 -0400] "GET /tag/liv-collins/feed HTTP/1.1" 200 16769 rotundreviews.com "-" "Mozilla/5.0 (compatible; Googlebot/2.1; +http://www.google.com/bot.html)" "-"
23.228.109.0 - - [19/Aug/2021:08:53:29 -0400] "GET /wp-content/themes/qualifire/style.css HTTP/1.1" 301 271 rotundreviews.com "-" "ALittle Client" "-"
23.228.109.0 - - [19/Aug/2021:08:53:47 -0400] "GET /wp-content/themes/qualifire/style.css HTTP/1.1" 404 55535 rotundreviews.com "-" "ALittle Client" "-"
114.119.137.0 - - [19/Aug/2021:08:54:00 -0400] "GET /tag/will-wernick HTTP/1.1" 200 33104 rotundreviews.com "-" "Mozilla/5.0 (Linux; Android 7.0;) AppleWebKit/537.36 (KHTML, like Gecko) Mobile Safari/537.36 (compatible; PetalBot;+https://webmaster.petalsearch.com/site/petalbot)" "-"
66.249.69.0 - - [19/Aug/2021:08:54:05 -0400] "GET /tag/liv-collins/feed HTTP/1.1" 200 16769 rotundreviews.com "-" "Mozilla/5.0 (Linux; Android 6.0.1; Nexus 5X Build/MMB29P) AppleWebKit/537.36 (KHTML, like Gecko) Chrome/92.0.4515.119 Mobile Safari/537.36 (compatible; Googlebot/2.1; +http://www.google.com/bot.html)" "-"
114.119.137.0 - - [19/Aug/2021:08:56:28 -0400] "GET /the-courier HTTP/1.1" 200 59911 rotundreviews.com "-" "Mozilla/5.0 (compatible;PetalBot;+https://webmaster.petalsearch.com/site/petalbot)" "-"
157.55.39.0 - - [19/Aug/2021:08:56:58 -0400] "GET /tag/reid-scott HTTP/1.1" 200 33047 rotundreviews.com "-" "Mozilla/5.0 (compatible; bingbot/2.0; +http://www.bing.com/bingbot.htm)" "-"
74.208.57.0 - - [19/Aug/2021:08:58:38 -0400] "POST /wp-cron.php?doing_wp_cron=1629377918.8741350173950195312500 HTTP/1.1" 200 - rotundreviews.com "https://rotundreviews.com/wp-cron.php?doing_wp_cron=1629377918.8741350173950195312500" "WordPress/5.7.2; https://rotundreviews.com" "-"
114.119.137.0 - - [19/Aug/2021:08:58:38 -0400] "GET /tag/melissa-caracache HTTP/1.1" 200 33147 rotundreviews.com "-" "Mozilla/5.0 (Linux; Android 7.0;) AppleWebKit/537.36 (KHTML, like Gecko) Mobile Safari/537.36 (compatible; PetalBot;+https://webmaster.petalsearch.com/site/petalbot)" "-"
185.191.171.0 - - [19/Aug/2021:08:59:47 -0400] "GET /the-beginning HTTP/1.1" 200 37013 rotundreviews.com "-" "Mozilla/5.0 (compatible; SemrushBot/7~bl; +http://www.semrush.com/bot.html)" "-"
114.119.137.0 - - [19/Aug/2021:09:00:52 -0400] "GET /tag/rob-schneider HTTP/1.1" 200 35889 rotundreviews.com "-" "Mozilla/5.0 (Linux; Android 7.0;) AppleWebKit/537.36 (KHTML, like Gecko) Mobile Safari/537.36 (compatible; PetalBot;+https://webmaster.petalsearch.com/site/petalbot)" "-"
66.249.69.0 - - [19/Aug/2021:09:02:54 -0400] "GET /spree HTTP/1.1" 200 64849 rotundreviews.com "-" "Mozilla/5.0 (compatible; Googlebot/2.1; +http://www.google.com/bot.html)" "-"
114.119.137.0 - - [19/Aug/2021:09:03:04 -0400] "GET /tag/spotlight/page/13 HTTP/1.1" 200 57996 rotundreviews.com "-" "Mozilla/5.0 (Linux; Android 7.0;) AppleWebKit/537.36 (KHTML, like Gecko) Mobile Safari/537.36 (compatible; PetalBot;+https://webmaster.petalsearch.com/site/petalbot)" "-"
2a02:6b8:c00:: - - [19/Aug/2021:09:04:45 -0400] "GET /wp-content/uploads/2019/06/The-Cleaning-Lady-678x381.png HTTP/1.1" 200 470290 rotundreviews.com "-" "Mozilla/5.0 (Windows NT 6.2; WOW64) AppleWebKit/536.5 (KHTML, like Gecko) YaBrowser/1.0.1084.5402 Chrome/19.0.1084.5409 Safari/536.5" "-"
135.181.42.0 - - [19/Aug/2021:09:04:46 -0400] "GET /tag/singapore HTTP/1.1" 200 33253 rotundreviews.com "-" "-" "-"
114.119.137.0 - - [19/Aug/2021:09:05:01 -0400] "GET /tag/all-american-christmas-carol HTTP/1.1" 200 33566 rotundreviews.com "-" "Mozilla/5.0 (Linux; Android 7.0;) AppleWebKit/537.36 (KHTML, like Gecko) Mobile Safari/537.36 (compatible; PetalBot;+https://webmaster.petalsearch.com/site/petalbot)" "-"
106.212.3.0 - - [19/Aug/2021:09:05:25 -0400] "GET /wp-content/uploads/2019/02/Polar-678x381.png HTTP/1.1" 200 376137 rotundreviews.com "https://www.google.com/" "Mozilla/5.0 (Windows NT 10.0; Win64; x64) AppleWebKit/537.36 (KHTML, like Gecko) Chrome/92.0.4515.159 Safari/537.36" "-"
66.249.69.0 - - [19/Aug/2021:09:06:16 -0400] "GET /tag/lulu-wilson HTTP/1.1" 200 35501 rotundreviews.com "-" "Mozilla/5.0 (compatible; Googlebot/2.1; +http://www.google.com/bot.html)" "-"
66.249.69.0 - - [19/Aug/2021:09:06:26 -0400] "POST /wp-admin/admin-ajax.php HTTP/1.1" 200 10206 rotundreviews.com "https://rotundreviews.com/tag/lulu-wilson" "Mozilla/5.0 AppleWebKit/537.36 (KHTML, like Gecko; compatible; Googlebot/2.1; +http://www.google.com/bot.html) Safari/537.36" "-"
66.249.69.0 - - [19/Aug/2021:09:06:26 -0400] "POST /wp-admin/admin-ajax.php HTTP/1.1" 200 10206 rotundreviews.com "https://rotundreviews.com/tag/lulu-wilson" "Mozilla/5.0 AppleWebKit/537.36 (KHTML, like Gecko; compatible; Googlebot/2.1; +http://www.google.com/bot.html) Safari/537.36" "-"
66.249.69.0 - - [19/Aug/2021:09:06:27 -0400] "POST /wp-admin/admin-ajax.php HTTP/1.1" 200 10222 rotundreviews.com "https://rotundreviews.com/tag/lulu-wilson" "Mozilla/5.0 AppleWebKit/537.36 (KHTML, like Gecko; compatible; Googlebot/2.1; +http://www.google.com/bot.html) Safari/537.36" "-"
157.55.39.0 - - [19/Aug/2021:09:06:29 -0400] "GET /luxor HTTP/1.1" 200 59823 rotundreviews.com "-" "Mozilla/5.0 (compatible; bingbot/2.0; +http://www.bing.com/bingbot.htm)" "-"
157.55.39.0 - - [19/Aug/2021:09:06:29 -0400] "GET /marlon HTTP/1.1" 200 60435 rotundreviews.com "-" "Mozilla/5.0 (compatible; bingbot/2.0; +http://www.bing.com/bingbot.htm)" "-"
157.55.39.0 - - [19/Aug/2021:09:06:30 -0400] "GET /you-cannot-kill-david-arquette HTTP/1.1" 200 60463 rotundreviews.com "-" "Mozilla/5.0 (compatible; bingbot/2.0; +http://www.bing.com/bingbot.htm)" "-"
157.55.39.0 - - [19/Aug/2021:09:06:31 -0400] "GET /paradise-pd HTTP/1.1" 200 58436 rotundreviews.com "-" "Mozilla/5.0 (compatible; bingbot/2.0; +http://www.bing.com/bingbot.htm)" "-"
207.46.13.0 - - [19/Aug/2021:09:06:34 -0400] "GET /mary HTTP/1.1" 200 62710 rotundreviews.com "-" "Mozilla/5.0 (compatible; bingbot/2.0; +http://www.bing.com/bingbot.htm)" "-"
207.46.13.0 - - [19/Aug/2021:09:06:34 -0400] "GET /one-good-reason HTTP/1.1" 200 66701 rotundreviews.com "-" "Mozilla/5.0 (compatible; bingbot/2.0; +http://www.bing.com/bingbot.htm)" "-"
207.46.13.0 - - [19/Aug/2021:09:06:35 -0400] "GET /venom HTTP/1.1" 200 59253 rotundreviews.com "-" "Mozilla/5.0 (compatible; bingbot/2.0; +http://www.bing.com/bingbot.htm)" "-"
157.55.39.0 - - [19/Aug/2021:09:06:35 -0400] "GET /spaceship-earth HTTP/1.1" 200 64861 rotundreviews.com "-" "Mozilla/5.0 (compatible; bingbot/2.0; +http://www.bing.com/bingbot.htm)" "-"
207.46.13.0 - - [19/Aug/2021:09:06:35 -0400] "GET /werewolves-within HTTP/1.1" 200 62933 rotundreviews.com "-" "Mozilla/5.0 (compatible; bingbot/2.0; +http://www.bing.com/bingbot.htm)" "-"
207.46.13.0 - - [19/Aug/2021:09:06:35 -0400] "GET /leto HTTP/1.1" 200 64009 rotundreviews.com "-" "Mozilla/5.0 (compatible; bingbot/2.0; +http://www.bing.com/bingbot.htm)" "-"
207.46.13.0 - - [19/Aug/2021:09:06:36 -0400] "GET /cold-brook HTTP/1.1" 200 61404 rotundreviews.com "-" "Mozilla/5.0 (compatible; bingbot/2.0; +http://www.bing.com/bingbot.htm)" "-"
207.46.13.0 - - [19/Aug/2021:09:06:37 -0400] "GET /moments-in-spacetime HTTP/1.1" 200 65840 rotundreviews.com "-" "Mozilla/5.0 (compatible; bingbot/2.0; +http://www.bing.com/bingbot.htm)" "-"
207.46.13.0 - - [19/Aug/2021:09:06:37 -0400] "GET /enola-holmes HTTP/1.1" 200 66591 rotundreviews.com "-" "Mozilla/5.0 (compatible; bingbot/2.0; +http://www.bing.com/bingbot.htm)" "-"
207.46.13.0 - - [19/Aug/2021:09:06:37 -0400] "GET /sam HTTP/1.1" 200 53498 rotundreviews.com "-" "Mozilla/5.0 (compatible; bingbot/2.0; +http://www.bing.com/bingbot.htm)" "-"
207.46.13.0 - - [19/Aug/2021:09:06:37 -0400] "GET /triggered-interview-david-cameron HTTP/1.1" 200 59275 rotundreviews.com "-" "Mozilla/5.0 (compatible; bingbot/2.0; +http://www.bing.com/bingbot.htm)" "-"
40.77.167.0 - - [19/Aug/2021:09:06:38 -0400] "GET /the-fanatic HTTP/1.1" 200 61539 rotundreviews.com "-" "Mozilla/5.0 (compatible; bingbot/2.0; +http://www.bing.com/bingbot.htm)" "-"
207.46.13.0 - - [19/Aug/2021:09:06:40 -0400] "GET /avengement HTTP/1.1" 200 62167 rotundreviews.com "-" "Mozilla/5.0 (compatible; bingbot/2.0; +http://www.bing.com/bingbot.htm)" "-"
207.46.13.0 - - [19/Aug/2021:09:06:41 -0400] "GET /polar HTTP/1.1" 200 61951 rotundreviews.com "-" "Mozilla/5.0 (compatible; bingbot/2.0; +http://www.bing.com/bingbot.htm)" "-"
66.249.69.0 - - [19/Aug/2021:09:06:44 -0400] "GET /mighty-oak HTTP/1.1" 200 63320 rotundreviews.com "-" "Mozilla/5.0 (Linux; Android 6.0.1; Nexus 5X Build/MMB29P) AppleWebKit/537.36 (KHTML, like Gecko) Chrome/92.0.4515.119 Mobile Safari/537.36 (compatible; Googlebot/2.1; +http://www.google.com/bot.html)" "-"
207.46.13.0 - - [19/Aug/2021:09:06:45 -0400] "GET /phil HTTP/1.1" 200 61215 rotundreviews.com "-" "Mozilla/5.0 (compatible; bingbot/2.0; +http://www.bing.com/bingbot.htm)" "-"
207.46.13.0 - - [19/Aug/2021:09:06:46 -0400] "GET /astronaut HTTP/1.1" 200 63170 rotundreviews.com "-" "Mozilla/5.0 (compatible; bingbot/2.0; +http://www.bing.com/bingbot.htm)" "-"
207.46.13.0 - - [19/Aug/2021:09:06:47 -0400] "GET /godmothered HTTP/1.1" 200 63463 rotundreviews.com "-" "Mozilla/5.0 (compatible; bingbot/2.0; +http://www.bing.com/bingbot.htm)" "-"
207.46.13.0 - - [19/Aug/2021:09:06:47 -0400] "GET /a-christmas-prince-the-royal-baby HTTP/1.1" 200 62366 rotundreviews.com "-" "Mozilla/5.0 (compatible; bingbot/2.0; +http://www.bing.com/bingbot.htm)" "-"
207.46.13.0 - - [19/Aug/2021:09:06:50 -0400] "GET /captain-marvel HTTP/1.1" 200 62149 rotundreviews.com "-" "Mozilla/5.0 (compatible; bingbot/2.0; +http://www.bing.com/bingbot.htm)" "-"
157.55.39.0 - - [19/Aug/2021:09:06:51 -0400] "GET /the-wrong-missy HTTP/1.1" 200 62225 rotundreviews.com "-" "Mozilla/5.0 (compatible; bingbot/2.0; +http://www.bing.com/bingbot.htm)" "-"
157.55.39.0 - - [19/Aug/2021:09:06:56 -0400] "GET /stan-ollie HTTP/1.1" 200 63783 rotundreviews.com "-" "Mozilla/5.0 (compatible; bingbot/2.0; +http://www.bing.com/bingbot.htm)" "-"
157.55.39.0 - - [19/Aug/2021:09:06:56 -0400] "GET /plus-one HTTP/1.1" 200 60784 rotundreviews.com "-" "Mozilla/5.0 (compatible; bingbot/2.0; +http://www.bing.com/bingbot.htm)" "-"
157.55.39.0 - - [19/Aug/2021:09:06:57 -0400] "GET /borat-subsequent-moviefilm HTTP/1.1" 200 61310 rotundreviews.com "-" "Mozilla/5.0 (compatible; bingbot/2.0; +http://www.bing.com/bingbot.htm)" "-"
40.77.167.0 - - [19/Aug/2021:09:06:59 -0400] "GET /zappa HTTP/1.1" 200 62038 rotundreviews.com "-" "Mozilla/5.0 (compatible; bingbot/2.0; +http://www.bing.com/bingbot.htm)" "-"
207.46.13.0 - - [19/Aug/2021:09:07:01 -0400] "GET /no-escape HTTP/1.1" 200 60641 rotundreviews.com "-" "Mozilla/5.0 (compatible; bingbot/2.0; +http://www.bing.com/bingbot.htm)" "-"
207.46.13.0 - - [19/Aug/2021:09:07:01 -0400] "GET /bliss-interview-mike-cahill HTTP/1.1" 200 59002 rotundreviews.com "-" "Mozilla/5.0 (compatible; bingbot/2.0; +http://www.bing.com/bingbot.htm)" "-"
207.46.13.0 - - [19/Aug/2021:09:07:02 -0400] "GET /echo-boomers HTTP/1.1" 200 62649 rotundreviews.com "-" "Mozilla/5.0 (compatible; bingbot/2.0; +http://www.bing.com/bingbot.htm)" "-"
207.46.13.0 - - [19/Aug/2021:09:07:02 -0400] "GET /riders-of-justice HTTP/1.1" 200 61896 rotundreviews.com "-" "Mozilla/5.0 (compatible; bingbot/2.0; +http://www.bing.com/bingbot.htm)" "-"
157.55.39.0 - - [19/Aug/2021:09:07:05 -0400] "GET /triggered HTTP/1.1" 200 65803 rotundreviews.com "-" "Mozilla/5.0 (compatible; bingbot/2.0; +http://www.bing.com/bingbot.htm)" "-"
157.55.39.0 - - [19/Aug/2021:09:07:06 -0400] "GET /ophelia HTTP/1.1" 200 61300 rotundreviews.com "-" "Mozilla/5.0 (compatible; bingbot/2.0; +http://www.bing.com/bingbot.htm)" "-"
40.77.167.0 - - [19/Aug/2021:09:07:10 -0400] "GET /glass HTTP/1.1" 200 61293 rotundreviews.com "-" "Mozilla/5.0 (compatible; bingbot/2.0; +http://www.bing.com/bingbot.htm)" "-"
40.77.167.0 - - [19/Aug/2021:09:07:11 -0400] "GET /head-count HTTP/1.1" 200 64174 rotundreviews.com "-" "Mozilla/5.0 (compatible; bingbot/2.0; +http://www.bing.com/bingbot.htm)" "-"
40.77.167.0 - - [19/Aug/2021:09:07:12 -0400] "GET /archenemy HTTP/1.1" 200 61904 rotundreviews.com "-" "Mozilla/5.0 (compatible; bingbot/2.0; +http://www.bing.com/bingbot.htm)" "-"
114.119.137.0 - - [19/Aug/2021:09:07:13 -0400] "GET /tag/skyscraper HTTP/1.1" 200 33040 rotundreviews.com "-" "Mozilla/5.0 (Linux; Android 7.0;) AppleWebKit/537.36 (KHTML, like Gecko) Mobile Safari/537.36 (compatible; PetalBot;+https://webmaster.petalsearch.com/site/petalbot)" "-"
66.249.69.0 - - [19/Aug/2021:09:07:54 -0400] "GET /peppermint HTTP/1.1" 200 60203 rotundreviews.com "-" "Mozilla/5.0 (Linux; Android 6.0.1; Nexus 5X Build/MMB29P) AppleWebKit/537.36 (KHTML, like Gecko) Chrome/92.0.4515.119 Mobile Safari/537.36 (compatible; Googlebot/2.1; +http://www.google.com/bot.html)" "-"
2a01:4f9:c000:: - - [19/Aug/2021:09:08:40 -0400] "GET /wp-content/uploads/2020/10/The-Opening-Act.jpg HTTP/1.1" 200 66262 rotundreviews.com "-" "Mozilla/5.0 (X11; Fedora; Linux x86_64) AppleWebKit/537.36 (KHTML, like Gecko) Chrome/79.0.3945.117 Safari/537.36" "-"
74.208.57.0 - - [19/Aug/2021:09:09:13 -0400] "POST /wp-cron.php?doing_wp_cron=1629378553.7293879985809326171875 HTTP/1.1" 200 - rotundreviews.com "https://rotundreviews.com/wp-cron.php?doing_wp_cron=1629378553.7293879985809326171875" "WordPress/5.7.2; https://rotundreviews.com" "-"
114.119.137.0 - - [19/Aug/2021:09:09:13 -0400] "GET /tag/hayden-christensen HTTP/1.1" 200 33272 rotundreviews.com "-" "Mozilla/5.0 (Linux; Android 7.0;) AppleWebKit/537.36 (KHTML, like Gecko) Mobile Safari/537.36 (compatible; PetalBot;+https://webmaster.petalsearch.com/site/petalbot)" "-"
207.46.13.0 - - [19/Aug/2021:09:10:56 -0400] "GET /tag/michael-kingsbaker HTTP/1.1" 200 33254 rotundreviews.com "-" "Mozilla/5.0 (compatible; bingbot/2.0; +http://www.bing.com/bingbot.htm)" "-"
114.119.137.0 - - [19/Aug/2021:09:11:38 -0400] "GET /tag/eriq-ebouaney HTTP/1.1" 200 33053 rotundreviews.com "-" "Mozilla/5.0 (Linux; Android 7.0;) AppleWebKit/537.36 (KHTML, like Gecko) Mobile Safari/537.36 (compatible; PetalBot;+https://webmaster.petalsearch.com/site/petalbot)" "-"
66.249.69.0 - - [19/Aug/2021:09:12:10 -0400] "GET /tag/luis-gerardo-mendez HTTP/1.1" 200 33331 rotundreviews.com "-" "Mozilla/5.0 (Linux; Android 6.0.1; Nexus 5X Build/MMB29P) AppleWebKit/537.36 (KHTML, like Gecko) Chrome/92.0.4515.119 Mobile Safari/537.36 (compatible; Googlebot/2.1; +http://www.google.com/bot.html)" "-"
66.249.69.0 - - [19/Aug/2021:09:12:32 -0400] "GET /tag/woody-harrelson HTTP/1.1" 200 38122 rotundreviews.com "-" "Mozilla/5.0 (Linux; Android 6.0.1; Nexus 5X Build/MMB29P) AppleWebKit/537.36 (KHTML, like Gecko) Chrome/92.0.4515.119 Mobile Safari/537.36 (compatible; Googlebot/2.1; +http://www.google.com/bot.html)" "-"
114.119.137.0 - - [19/Aug/2021:09:13:41 -0400] "GET /tag/the-spy-who-dumped-me HTTP/1.1" 200 33325 rotundreviews.com "-" "Mozilla/5.0 (Linux; Android 7.0;) AppleWebKit/537.36 (KHTML, like Gecko) Mobile Safari/537.36 (compatible; PetalBot;+https://webmaster.petalsearch.com/site/petalbot)" "-"
54.36.148.0 - - [19/Aug/2021:09:13:52 -0400] "GET /tag/stephen-merchant HTTP/1.1" 200 33278 rotundreviews.com "-" "Mozilla/5.0 (compatible; AhrefsBot/7.0; +http://ahrefs.com/robot/)" "-"
66.249.69.0 - - [19/Aug/2021:09:15:17 -0400] "GET /sitemap-pt-post-2020-05.xml HTTP/1.1" 200 643 rotundreviews.com "-" "Mozilla/5.0 (compatible; Googlebot/2.1; +http://www.google.com/bot.html)" "-"
114.119.137.0 - - [19/Aug/2021:09:15:46 -0400] "GET /tag/viktor-tsoy HTTP/1.1" 200 33207 rotundreviews.com "-" "Mozilla/5.0 (Linux; Android 7.0;) AppleWebKit/537.36 (KHTML, like Gecko) Mobile Safari/537.36 (compatible; PetalBot;+https://webmaster.petalsearch.com/site/petalbot)" "-"
66.249.69.0 - - [19/Aug/2021:09:16:22 -0400] "GET /mighty-oak HTTP/1.1" 200 63115 rotundreviews.com "-" "Mozilla/5.0 (compatible; Googlebot/2.1; +http://www.google.com/bot.html)" "-"
114.119.137.0 - - [19/Aug/2021:09:18:14 -0400] "GET /tag/nick-hamm HTTP/1.1" 200 33114 rotundreviews.com "-" "Mozilla/5.0 (Linux; Android 7.0;) AppleWebKit/537.36 (KHTML, like Gecko) Mobile Safari/537.36 (compatible; PetalBot;+https://webmaster.petalsearch.com/site/petalbot)" "-"
74.208.57.0 - - [19/Aug/2021:09:20:16 -0400] "POST /wp-cron.php?doing_wp_cron=1629379216.7407848834991455078125 HTTP/1.1" 200 - rotundreviews.com "https://rotundreviews.com/wp-cron.php?doing_wp_cron=1629379216.7407848834991455078125" "WordPress/5.7.2; https://rotundreviews.com" "-"
114.119.137.0 - - [19/Aug/2021:09:20:16 -0400] "GET /tag/randall-park HTTP/1.1" 200 35755 rotundreviews.com "-" "Mozilla/5.0 (Linux; Android 7.0;) AppleWebKit/537.36 (KHTML, like Gecko) Mobile Safari/537.36 (compatible; PetalBot;+https://webmaster.petalsearch.com/site/petalbot)" "-"
66.249.69.0 - - [19/Aug/2021:09:20:22 -0400] "GET /the-fanatic HTTP/1.1" 200 61706 rotundreviews.com "-" "Mozilla/5.0 (Linux; Android 6.0.1; Nexus 5X Build/MMB29P) AppleWebKit/537.36 (KHTML, like Gecko) Chrome/92.0.4515.119 Mobile Safari/537.36 (compatible; Googlebot/2.1; +http://www.google.com/bot.html)" "-"
193.191.148.0 - - [19/Aug/2021:09:20:31 -0400] "GET /tag/showgirls HTTP/1.1" 200 33169 rotundreviews.com "-" "CCBot/3.1 (https://commoncrawl.org/faq/; info@commoncrawl.org)" "-"
193.191.148.0 - - [19/Aug/2021:09:21:42 -0400] "GET /tag/adam-nayman HTTP/1.1" 200 33193 rotundreviews.com "-" "CCBot/3.1 (https://commoncrawl.org/faq/; info@commoncrawl.org)" "-"
54.36.148.0 - - [19/Aug/2021:09:21:50 -0400] "GET /tag/world-wrestling-entertainment HTTP/1.1" 200 33434 rotundreviews.com "-" "Mozilla/5.0 (compatible; AhrefsBot/7.0; +http://ahrefs.com/robot/)" "-"
66.249.69.0 - - [19/Aug/2021:09:21:56 -0400] "GET /tag/te-kohe-tuhaka HTTP/1.1" 200 33166 rotundreviews.com "-" "Mozilla/5.0 (compatible; Googlebot/2.1; +http://www.google.com/bot.html)" "-"
66.249.69.0 - - [19/Aug/2021:09:22:02 -0400] "POST /wp-admin/admin-ajax.php HTTP/1.1" 200 9903 rotundreviews.com "https://rotundreviews.com/tag/te-kohe-tuhaka" "Mozilla/5.0 AppleWebKit/537.36 (KHTML, like Gecko; compatible; Googlebot/2.1; +http://www.google.com/bot.html) Safari/537.36" "-"
66.249.69.0 - - [19/Aug/2021:09:22:05 -0400] "POST /wp-admin/admin-ajax.php HTTP/1.1" 200 10206 rotundreviews.com "https://rotundreviews.com/tag/te-kohe-tuhaka" "Mozilla/5.0 AppleWebKit/537.36 (KHTML, like Gecko; compatible; Googlebot/2.1; +http://www.google.com/bot.html) Safari/537.36" "-"
66.249.69.0 - - [19/Aug/2021:09:22:06 -0400] "POST /wp-admin/admin-ajax.php HTTP/1.1" 200 10206 rotundreviews.com "https://rotundreviews.com/tag/te-kohe-tuhaka" "Mozilla/5.0 AppleWebKit/537.36 (KHTML, like Gecko; compatible; Googlebot/2.1; +http://www.google.com/bot.html) Safari/537.36" "-"
114.119.137.0 - - [19/Aug/2021:09:22:14 -0400] "GET /2021/ HTTP/1.1" 301 - rotundreviews.com "-" "Mozilla/5.0 (Linux; Android 7.0;) AppleWebKit/537.36 (KHTML, like Gecko) Mobile Safari/537.36 (compatible; PetalBot;+https://webmaster.petalsearch.com/site/petalbot)" "-"
114.119.137.0 - - [19/Aug/2021:09:22:16 -0400] "GET /2021 HTTP/1.1" 200 58531 rotundreviews.com "-" "Mozilla/5.0 (Linux; Android 7.0;) AppleWebKit/537.36 (KHTML, like Gecko) Mobile Safari/537.36 (compatible; PetalBot;+https://webmaster.petalsearch.com/site/petalbot)" "-"
66.249.69.0 - - [19/Aug/2021:09:22:41 -0400] "GET /feed HTTP/1.1" 200 161968 rotundreviews.com "-" "Mozilla/5.0 (compatible; Googlebot/2.1; +http://www.google.com/bot.html)" "-"
193.191.148.0 - - [19/Aug/2021:09:22:43 -0400] "GET /tag/april-kidwell HTTP/1.1" 200 33217 rotundreviews.com "-" "CCBot/3.1 (https://commoncrawl.org/faq/; info@commoncrawl.org)" "-"
114.119.137.0 - - [19/Aug/2021:09:24:25 -0400] "GET /tag/the-boy-who-harnessed-the-wind HTTP/1.1" 200 33571 rotundreviews.com "-" "Mozilla/5.0 (Linux; Android 7.0;) AppleWebKit/537.36 (KHTML, like Gecko) Mobile Safari/537.36 (compatible; PetalBot;+https://webmaster.petalsearch.com/site/petalbot)" "-"
5.188.62.0 - - [19/Aug/2021:09:25:40 -0400] "POST /xmlrpc.php HTTP/1.1" 403 403 rotundreviews.com "-" "Mozilla/5.0 (Windows NT 6.2) AppleWebKit/537.36 (KHTML, like Gecko) Chrome/41.0.2228.0 Safari/537.36" "-"
178.20.44.0 - - [19/Aug/2021:09:25:48 -0400] "GET /volition HTTP/1.1" 200 60536 rotundreviews.com "https://rotundreviews.com/volition" "Mozilla/5.0 (Windows NT 10.0; WOW64) AppleWebKit/537.36 (KHTML, like Gecko) Chrome/83.0.4103.61 Safari/537.36" "-"
114.119.137.0 - - [19/Aug/2021:09:26:50 -0400] "GET /tag/fighting-with-my-family HTTP/1.1" 200 33431 rotundreviews.com "-" "Mozilla/5.0 (Linux; Android 7.0;) AppleWebKit/537.36 (KHTML, like Gecko) Mobile Safari/537.36 (compatible; PetalBot;+https://webmaster.petalsearch.com/site/petalbot)" "-"
114.119.137.0 - - [19/Aug/2021:09:28:50 -0400] "GET /tag/sistine-stallone HTTP/1.1" 200 33369 rotundreviews.com "-" "Mozilla/5.0 (Linux; Android 7.0;) AppleWebKit/537.36 (KHTML, like Gecko) Mobile Safari/537.36 (compatible; PetalBot;+https://webmaster.petalsearch.com/site/petalbot)" "-"
54.36.148.0 - - [19/Aug/2021:09:29:37 -0400] "GET /tag/stan-ollie HTTP/1.1" 200 33130 rotundreviews.com "-" "Mozilla/5.0 (compatible; AhrefsBot/7.0; +http://ahrefs.com/robot/)" "-"
66.249.69.0 - - [19/Aug/2021:09:30:05 -0400] "GET /man-on-the-moon HTTP/1.1" 200 51487 rotundreviews.com "-" "Mozilla/5.0 (compatible; Googlebot/2.1; +http://www.google.com/bot.html)" "-"
74.208.57.0 - - [19/Aug/2021:09:30:30 -0400] "POST /wp-cron.php?doing_wp_cron=1629379830.3971889019012451171875 HTTP/1.1" 200 - rotundreviews.com "https://rotundreviews.com/wp-cron.php?doing_wp_cron=1629379830.3971889019012451171875" "WordPress/5.7.2; https://rotundreviews.com" "-"
207.46.13.0 - - [19/Aug/2021:09:30:30 -0400] "GET /tag/eric-paul-erickson HTTP/1.1" 200 33171 rotundreviews.com "-" "Mozilla/5.0 (compatible; bingbot/2.0; +http://www.bing.com/bingbot.htm)" "-"
114.119.137.0 - - [19/Aug/2021:09:30:53 -0400] "GET /tag/china-anne-mcclain HTTP/1.1" 200 33527 rotundreviews.com "-" "Mozilla/5.0 (Linux; Android 7.0;) AppleWebKit/537.36 (KHTML, like Gecko) Mobile Safari/537.36 (compatible; PetalBot;+https://webmaster.petalsearch.com/site/petalbot)" "-"
66.249.69.0 - - [19/Aug/2021:09:32:00 -0400] "GET /astronaut HTTP/1.1" 200 63145 rotundreviews.com "-" "Mozilla/5.0 (Linux; Android 6.0.1; Nexus 5X Build/MMB29P) AppleWebKit/537.36 (KHTML, like Gecko) Chrome/92.0.4515.119 Mobile Safari/537.36 (compatible; Googlebot/2.1; +http://www.google.com/bot.html)" "-"
207.46.13.0 - - [19/Aug/2021:09:32:20 -0400] "GET /all-hail-the-popcorn-king HTTP/1.1" 200 62798 rotundreviews.com "-" "Mozilla/5.0 (compatible; bingbot/2.0; +http://www.bing.com/bingbot.htm)" "-"
119.8.43.0 - - [19/Aug/2021:09:32:26 -0400] "GET /wp-content/uploads/2020/08/The-Wrong-Missy-678x381.png HTTP/1.1" 200 473390 rotundreviews.com "-" "Python/3.7 aiohttp/3.7.4.post0" "-"
114.119.137.0 - - [19/Aug/2021:09:33:00 -0400] "GET /tag/dracula HTTP/1.1" 200 33052 rotundreviews.com "-" "Mozilla/5.0 (Linux; Android 7.0;) AppleWebKit/537.36 (KHTML, like Gecko) Mobile Safari/537.36 (compatible; PetalBot;+https://webmaster.petalsearch.com/site/petalbot)" "-"
66.249.69.0 - - [19/Aug/2021:09:34:26 -0400] "GET /tag/luis-gerardo-mendez/feed HTTP/1.1" 200 16761 rotundreviews.com "-" "Mozilla/5.0 (Linux; Android 6.0.1; Nexus 5X Build/MMB29P) AppleWebKit/537.36 (KHTML, like Gecko) Chrome/92.0.4515.119 Mobile Safari/537.36 (compatible; Googlebot/2.1; +http://www.google.com/bot.html)" "-"
